AR pulse_muser_toplevel behavioral /home/l2/ferlicotdelbe/tp/ARCHI/tp10/toplevel.vhf sub01/vhpl151 1387193412
AR adsu16_mxilinx_s3 behavioral /home/l2/ferlicotdelbe/tp/ARCHI/tp10/S3.vhf sub00/vhpl67 1387193472
AR connecteur_muser_toplevel behavioral /home/l2/ferlicotdelbe/tp/ARCHI/tp10/toplevel.vhf sub00/vhpl31 1387193434
EN compteur4_muser_toplevel NULL /home/l2/ferlicotdelbe/tp/ARCHI/tp10/toplevel.vhf sub00/vhpl42 1387193445
AR x7seg behavioral /home/l2/ferlicotdelbe/tp/ARCHI/tp10/x7seg.vhd sub00/vhpl03 1387193402
EN alu_muser_toplevel NULL /home/l2/ferlicotdelbe/tp/ARCHI/tp10/toplevel.vhf sub00/vhpl26 1387193429
AR andor_muser_alu behavioral /home/l2/ferlicotdelbe/tp/ARCHI/tp10/ALU.vhf sub01/vhpl111 1387193516
AR toplevel behavioral /home/l2/ferlicotdelbe/tp/ARCHI/tp10/toplevel.vhf sub00/vhpl51 1387193454
EN fsm2 NULL /home/l2/ferlicotdelbe/tp/ARCHI/tp10/fsm2.vhd sub01/vhpl148 1387193117
EN fd16ce_mxilinx_s3 NULL /home/l2/ferlicotdelbe/tp/ARCHI/tp10/S3.vhf sub00/vhpl88 1387193493
EN inv16_mxilinx_alu NULL /home/l2/ferlicotdelbe/tp/ARCHI/tp10/ALU.vhf sub01/vhpl104 1387193509
EN ibuf8_mxilinx_toplevel NULL /home/l2/ferlicotdelbe/tp/ARCHI/tp10/toplevel.vhf sub00/vhpl08 1387193409
EN andor_muser_toplevel NULL /home/l2/ferlicotdelbe/tp/ARCHI/tp10/toplevel.vhf sub00/vhpl18 1387193421
EN connecteur_muser_toplevel NULL /home/l2/ferlicotdelbe/tp/ARCHI/tp10/toplevel.vhf sub00/vhpl30 1387193433
EN m2_1_mxilinx_s3 NULL /home/l2/ferlicotdelbe/tp/ARCHI/tp10/S3.vhf sub00/vhpl62 1387193467
EN pulse_muser_toplevel NULL /home/l2/ferlicotdelbe/tp/ARCHI/tp10/toplevel.vhf sub01/vhpl150 1387193411
EN afficheur16 NULL /home/l2/ferlicotdelbe/tp/ARCHI/tp10/afficheur16.vhf sub01/vhpl100 1387193505
AR connecteur16_muser_toplevel behavioral /home/l2/ferlicotdelbe/tp/ARCHI/tp10/toplevel.vhf sub00/vhpl33 1387193436
AR connecteur_muser_s3 behavioral /home/l2/ferlicotdelbe/tp/ARCHI/tp10/S3.vhf sub00/vhpl73 1387193478
AR m2_1_mxilinx_toplevel behavioral /home/l2/ferlicotdelbe/tp/ARCHI/tp10/toplevel.vhf sub00/vhpl21 1387193424
AR add16_mxilinx_alu behavioral /home/l2/ferlicotdelbe/tp/ARCHI/tp10/ALU.vhf sub01/vhpl107 1387193512
EN connecteur16_muser_s3 NULL /home/l2/ferlicotdelbe/tp/ARCHI/tp10/S3.vhf sub00/vhpl74 1387193479
EN insmem NULL /home/l2/ferlicotdelbe/tp/ARCHI/tp10/ipcore_dir/insmem.vhd sub00/vhpl04 1387193403
EN mux2x16_muser_s3 NULL /home/l2/ferlicotdelbe/tp/ARCHI/tp10/S3.vhf sub00/vhpl64 1387193469
EN alu_muser_s3 NULL /home/l2/ferlicotdelbe/tp/ARCHI/tp10/S3.vhf sub00/vhpl68 1387193473
EN m4_1e_mxilinx_toplevel NULL /home/l2/ferlicotdelbe/tp/ARCHI/tp10/toplevel.vhf sub00/vhpl38 1387193441
AR connecteur_muser_connecteur16 behavioral /home/l2/ferlicotdelbe/tp/ARCHI/tp10/connecteur16.vhf sub01/vhpl123 1387193528
AR compteur4_muser_toplevel behavioral /home/l2/ferlicotdelbe/tp/ARCHI/tp10/toplevel.vhf sub00/vhpl43 1387193446
EN mux2x16_muser_toplevel NULL /home/l2/ferlicotdelbe/tp/ARCHI/tp10/toplevel.vhf sub00/vhpl22 1387193425
AR alu_muser_toplevel behavioral /home/l2/ferlicotdelbe/tp/ARCHI/tp10/toplevel.vhf sub00/vhpl27 1387193430
EN add16_mxilinx_s3 NULL /home/l2/ferlicotdelbe/tp/ARCHI/tp10/S3.vhf sub00/vhpl56 1387193461
AR m2_1e_mxilinx_mux4x4 behavioral /home/l2/ferlicotdelbe/tp/ARCHI/tp10/mux4x4.vhf sub01/vhpl143 1387193550
EN connecteur_muser_connecteur16 NULL /home/l2/ferlicotdelbe/tp/ARCHI/tp10/connecteur16.vhf sub01/vhpl122 1387193527
AR alu behavioral /home/l2/ferlicotdelbe/tp/ARCHI/tp10/ALU.vhf sub01/vhpl119 1387193524
EN add16_mxilinx_toplevel NULL /home/l2/ferlicotdelbe/tp/ARCHI/tp10/toplevel.vhf sub00/vhpl14 1387193417
AR mux2x16_muser_toplevel behavioral /home/l2/ferlicotdelbe/tp/ARCHI/tp10/toplevel.vhf sub00/vhpl23 1387193426
EN fd16ce_mxilinx_toplevel NULL /home/l2/ferlicotdelbe/tp/ARCHI/tp10/toplevel.vhf sub00/vhpl46 1387193449
AR m2_1_mxilinx_alu behavioral /home/l2/ferlicotdelbe/tp/ARCHI/tp10/ALU.vhf sub01/vhpl113 1387193518
AR m2_1_mxilinx_mux2x16 behavioral /home/l2/ferlicotdelbe/tp/ARCHI/tp10/mux2x16.vhf sub01/vhpl139 1387193546
AR fd16ce_mxilinx_s3 behavioral /home/l2/ferlicotdelbe/tp/ARCHI/tp10/S3.vhf sub00/vhpl89 1387193494
EN adsu16_mxilinx_alu NULL /home/l2/ferlicotdelbe/tp/ARCHI/tp10/ALU.vhf sub01/vhpl116 1387193521
EN s3_muser_toplevel NULL /home/l2/ferlicotdelbe/tp/ARCHI/tp10/toplevel.vhf sub00/vhpl48 1387193451
EN s3 NULL /home/l2/ferlicotdelbe/tp/ARCHI/tp10/S3.vhf sub00/vhpl90 1387193495
AR fd16ce_mxilinx_toplevel behavioral /home/l2/ferlicotdelbe/tp/ARCHI/tp10/toplevel.vhf sub00/vhpl47 1387193450
EN inc_muser_alu NULL /home/l2/ferlicotdelbe/tp/ARCHI/tp10/ALU.vhf sub01/vhpl108 1387193513
EN mux4x4_muser_afficheur16 NULL /home/l2/ferlicotdelbe/tp/ARCHI/tp10/afficheur16.vhf sub00/vhpl96 1387193501
EN x7seg NULL /home/l2/ferlicotdelbe/tp/ARCHI/tp10/x7seg.vhd sub00/vhpl02 1387193401
AR compteur4_muser_s3 behavioral /home/l2/ferlicotdelbe/tp/ARCHI/tp10/S3.vhf sub00/vhpl85 1387193490
AR insmem insmem_a /home/l2/ferlicotdelbe/tp/ARCHI/tp10/ipcore_dir/insmem.vhd sub00/vhpl05 1387193404
AR clkdiv_muser_s3 behavioral /home/l2/ferlicotdelbe/tp/ARCHI/tp10/S3.vhf sub00/vhpl77 1387193482
AR m2_1e_mxilinx_s3 behavioral /home/l2/ferlicotdelbe/tp/ARCHI/tp10/S3.vhf sub00/vhpl79 1387193484
EN inc_muser_toplevel NULL /home/l2/ferlicotdelbe/tp/ARCHI/tp10/toplevel.vhf sub00/vhpl16 1387193419
AR m2_1e_mxilinx_toplevel behavioral /home/l2/ferlicotdelbe/tp/ARCHI/tp10/toplevel.vhf sub00/vhpl37 1387193440
EN clkdiv NULL /home/l2/ferlicotdelbe/tp/ARCHI/tp10/clkdiv.vhf sub01/vhpl120 1387193525
AR connecteur behavioral /home/l2/ferlicotdelbe/tp/ARCHI/tp10/connecteur.vhf sub01/vhpl133 1387193540
EN clkdiv_muser_s3 NULL /home/l2/ferlicotdelbe/tp/ARCHI/tp10/S3.vhf sub00/vhpl76 1387193481
EN inc_muser_s3 NULL /home/l2/ferlicotdelbe/tp/ARCHI/tp10/S3.vhf sub00/vhpl58 1387193463
EN m4_1e_mxilinx_s3 NULL /home/l2/ferlicotdelbe/tp/ARCHI/tp10/S3.vhf sub00/vhpl80 1387193485
EN clkdiv_muser_toplevel NULL /home/l2/ferlicotdelbe/tp/ARCHI/tp10/toplevel.vhf sub00/vhpl34 1387193437
AR add16_mxilinx_s3 behavioral /home/l2/ferlicotdelbe/tp/ARCHI/tp10/S3.vhf sub00/vhpl57 1387193462
AR mux4x4 behavioral /home/l2/ferlicotdelbe/tp/ARCHI/tp10/mux4x4.vhf sub01/vhpl147 1387193554
EN compteur4_muser_s3 NULL /home/l2/ferlicotdelbe/tp/ARCHI/tp10/S3.vhf sub00/vhpl84 1387193489
AR m4_1e_mxilinx_s3 behavioral /home/l2/ferlicotdelbe/tp/ARCHI/tp10/S3.vhf sub00/vhpl81 1387193486
EN connecteur_muser_s3 NULL /home/l2/ferlicotdelbe/tp/ARCHI/tp10/S3.vhf sub00/vhpl72 1387193477
AR fsm2 behavioral /home/l2/ferlicotdelbe/tp/ARCHI/tp10/fsm2.vhd sub01/vhpl149 1387193118
AR m4_1e_mxilinx_mux4x4 behavioral /home/l2/ferlicotdelbe/tp/ARCHI/tp10/mux4x4.vhf sub01/vhpl145 1387193552
AR pulse_muser_s3 behavioral /home/l2/ferlicotdelbe/tp/ARCHI/tp10/S3.vhf sub01/vhpl153 1387193456
EN connecteur16 NULL /home/l2/ferlicotdelbe/tp/ARCHI/tp10/connecteur16.vhf sub01/vhpl124 1387193529
EN m2_1_mxilinx_toplevel NULL /home/l2/ferlicotdelbe/tp/ARCHI/tp10/toplevel.vhf sub00/vhpl20 1387193423
EN m2_1e_mxilinx_s3 NULL /home/l2/ferlicotdelbe/tp/ARCHI/tp10/S3.vhf sub00/vhpl78 1387193483
EN m2_1e_mxilinx_toplevel NULL /home/l2/ferlicotdelbe/tp/ARCHI/tp10/toplevel.vhf sub00/vhpl36 1387193439
EN m2_1_mxilinx_mux2x16 NULL /home/l2/ferlicotdelbe/tp/ARCHI/tp10/mux2x16.vhf sub01/vhpl138 1387193545
EN andor_muser_alu NULL /home/l2/ferlicotdelbe/tp/ARCHI/tp10/ALU.vhf sub01/vhpl110 1387193515
AR connecteur16_muser_s3 behavioral /home/l2/ferlicotdelbe/tp/ARCHI/tp10/S3.vhf sub00/vhpl75 1387193480
EN toplevel NULL /home/l2/ferlicotdelbe/tp/ARCHI/tp10/toplevel.vhf sub00/vhpl50 1387193453
EN d4_16e_mxilinx_s3 NULL /home/l2/ferlicotdelbe/tp/ARCHI/tp10/S3.vhf sub00/vhpl70 1387193475
EN connecteur NULL /home/l2/ferlicotdelbe/tp/ARCHI/tp10/connecteur.vhf sub01/vhpl132 1387193539
EN add16_mxilinx_inc NULL /home/l2/ferlicotdelbe/tp/ARCHI/tp10/inc.vhf sub01/vhpl134 1387193541
EN add16_mxilinx_alu NULL /home/l2/ferlicotdelbe/tp/ARCHI/tp10/ALU.vhf sub01/vhpl106 1387193511
AR add16_mxilinx_toplevel behavioral /home/l2/ferlicotdelbe/tp/ARCHI/tp10/toplevel.vhf sub00/vhpl15 1387193418
EN adsu16_mxilinx_s3 NULL /home/l2/ferlicotdelbe/tp/ARCHI/tp10/S3.vhf sub00/vhpl66 1387193471
EN obuf8_mxilinx_toplevel NULL /home/l2/ferlicotdelbe/tp/ARCHI/tp10/toplevel.vhf sub00/vhpl06 1387193407
EN pulse_muser_s3 NULL /home/l2/ferlicotdelbe/tp/ARCHI/tp10/S3.vhf sub01/vhpl152 1387193455
AR adsu16_mxilinx_toplevel behavioral /home/l2/ferlicotdelbe/tp/ARCHI/tp10/toplevel.vhf sub00/vhpl25 1387193428
AR add16_mxilinx_inc behavioral /home/l2/ferlicotdelbe/tp/ARCHI/tp10/inc.vhf sub01/vhpl135 1387193542
EN m2_1_mxilinx_alu NULL /home/l2/ferlicotdelbe/tp/ARCHI/tp10/ALU.vhf sub01/vhpl112 1387193517
AR connecteur16 behavioral /home/l2/ferlicotdelbe/tp/ARCHI/tp10/connecteur16.vhf sub01/vhpl125 1387193530
EN m2_1e_mxilinx_afficheur16 NULL /home/l2/ferlicotdelbe/tp/ARCHI/tp10/afficheur16.vhf sub00/vhpl92 1387193497
AR mux2x16_muser_s3 behavioral /home/l2/ferlicotdelbe/tp/ARCHI/tp10/S3.vhf sub00/vhpl65 1387193470
AR s3 behavioral /home/l2/ferlicotdelbe/tp/ARCHI/tp10/S3.vhf sub00/vhpl91 1387193496
AR concat_muser_toplevel behavioral /home/l2/ferlicotdelbe/tp/ARCHI/tp10/toplevel.vhf sub00/vhpl11 1387193414
EN m4_1e_mxilinx_mux4x4 NULL /home/l2/ferlicotdelbe/tp/ARCHI/tp10/mux4x4.vhf sub01/vhpl144 1387193551
AR mux4x4_muser_s3 behavioral /home/l2/ferlicotdelbe/tp/ARCHI/tp10/S3.vhf sub00/vhpl83 1387193488
AR m4_1e_mxilinx_toplevel behavioral /home/l2/ferlicotdelbe/tp/ARCHI/tp10/toplevel.vhf sub00/vhpl39 1387193442
AR inv16_mxilinx_alu behavioral /home/l2/ferlicotdelbe/tp/ARCHI/tp10/ALU.vhf sub01/vhpl105 1387193510
AR inc behavioral /home/l2/ferlicotdelbe/tp/ARCHI/tp10/inc.vhf sub01/vhpl137 1387193544
AR alu_muser_s3 behavioral /home/l2/ferlicotdelbe/tp/ARCHI/tp10/S3.vhf sub00/vhpl69 1387193474
AR concat behavioral /home/l2/ferlicotdelbe/tp/ARCHI/tp10/concat.vhf sub01/vhpl131 1387193538
EN concat NULL /home/l2/ferlicotdelbe/tp/ARCHI/tp10/concat.vhf sub01/vhpl130 1387193537
EN mux4x4 NULL /home/l2/ferlicotdelbe/tp/ARCHI/tp10/mux4x4.vhf sub01/vhpl146 1387193553
AR clkdiv behavioral /home/l2/ferlicotdelbe/tp/ARCHI/tp10/clkdiv.vhf sub01/vhpl121 1387193526
EN afficheur16_muser_toplevel NULL /home/l2/ferlicotdelbe/tp/ARCHI/tp10/toplevel.vhf sub00/vhpl44 1387193447
EN connecteur16_muser_toplevel NULL /home/l2/ferlicotdelbe/tp/ARCHI/tp10/toplevel.vhf sub00/vhpl32 1387193435
AR m4_1e_mxilinx_afficheur16 behavioral /home/l2/ferlicotdelbe/tp/ARCHI/tp10/afficheur16.vhf sub00/vhpl95 1387193500
AR ibuf8_mxilinx_toplevel behavioral /home/l2/ferlicotdelbe/tp/ARCHI/tp10/toplevel.vhf sub00/vhpl09 1387193410
EN concat_muser_toplevel NULL /home/l2/ferlicotdelbe/tp/ARCHI/tp10/toplevel.vhf sub00/vhpl10 1387193413
EN andor_muser_s3 NULL /home/l2/ferlicotdelbe/tp/ARCHI/tp10/S3.vhf sub00/vhpl60 1387193465
EN inv16_mxilinx_toplevel NULL /home/l2/ferlicotdelbe/tp/ARCHI/tp10/toplevel.vhf sub00/vhpl12 1387193415
AR d4_16e_mxilinx_s3 behavioral /home/l2/ferlicotdelbe/tp/ARCHI/tp10/S3.vhf sub00/vhpl71 1387193476
AR afficheur16_muser_s3 behavioral /home/l2/ferlicotdelbe/tp/ARCHI/tp10/S3.vhf sub00/vhpl87 1387193492
AR mux4x4_muser_toplevel behavioral /home/l2/ferlicotdelbe/tp/ARCHI/tp10/toplevel.vhf sub00/vhpl41 1387193444
EN m2_1e_mxilinx_mux4x4 NULL /home/l2/ferlicotdelbe/tp/ARCHI/tp10/mux4x4.vhf sub01/vhpl142 1387193549
AR inc_muser_s3 behavioral /home/l2/ferlicotdelbe/tp/ARCHI/tp10/S3.vhf sub00/vhpl59 1387193464
AR pulse behavioral /home/l2/ferlicotdelbe/tp/ARCHI/tp10/pulse.vhf sub01/vhpl155 1387193532
AR mux2x16_muser_alu behavioral /home/l2/ferlicotdelbe/tp/ARCHI/tp10/ALU.vhf sub01/vhpl115 1387193520
AR afficheur16_muser_toplevel behavioral /home/l2/ferlicotdelbe/tp/ARCHI/tp10/toplevel.vhf sub00/vhpl45 1387193448
EN afficheur16_muser_s3 NULL /home/l2/ferlicotdelbe/tp/ARCHI/tp10/S3.vhf sub00/vhpl86 1387193491
AR andor_muser_toplevel behavioral /home/l2/ferlicotdelbe/tp/ARCHI/tp10/toplevel.vhf sub00/vhpl19 1387193422
EN fsm NULL /home/l2/ferlicotdelbe/tp/ARCHI/tp10/fsm.vhd sub00/vhpl00 1387193405
AR inv16_mxilinx_toplevel behavioral /home/l2/ferlicotdelbe/tp/ARCHI/tp10/toplevel.vhf sub00/vhpl13 1387193416
EN adsu16_mxilinx_toplevel NULL /home/l2/ferlicotdelbe/tp/ARCHI/tp10/toplevel.vhf sub00/vhpl24 1387193427
AR m2_1_mxilinx_s3 behavioral /home/l2/ferlicotdelbe/tp/ARCHI/tp10/S3.vhf sub00/vhpl63 1387193468
EN andor NULL /home/l2/ferlicotdelbe/tp/ARCHI/tp10/andor.vhf sub01/vhpl126 1387193533
EN compteur4 NULL /home/l2/ferlicotdelbe/tp/ARCHI/tp10/compteur4.vhf sub01/vhpl128 1387193535
AR adsu16_mxilinx_alu behavioral /home/l2/ferlicotdelbe/tp/ARCHI/tp10/ALU.vhf sub01/vhpl117 1387193522
AR inc_muser_toplevel behavioral /home/l2/ferlicotdelbe/tp/ARCHI/tp10/toplevel.vhf sub00/vhpl17 1387193420
AR inc_muser_alu behavioral /home/l2/ferlicotdelbe/tp/ARCHI/tp10/ALU.vhf sub01/vhpl109 1387193514
AR s3_muser_toplevel behavioral /home/l2/ferlicotdelbe/tp/ARCHI/tp10/toplevel.vhf sub00/vhpl49 1387193452
EN m4_1e_mxilinx_afficheur16 NULL /home/l2/ferlicotdelbe/tp/ARCHI/tp10/afficheur16.vhf sub00/vhpl94 1387193499
AR concat_muser_alu behavioral /home/l2/ferlicotdelbe/tp/ARCHI/tp10/ALU.vhf sub01/vhpl103 1387193508
AR andor_muser_s3 behavioral /home/l2/ferlicotdelbe/tp/ARCHI/tp10/S3.vhf sub00/vhpl61 1387193466
EN compteur4_muser_afficheur16 NULL /home/l2/ferlicotdelbe/tp/ARCHI/tp10/afficheur16.vhf sub00/vhpl98 1387193503
EN concat_muser_alu NULL /home/l2/ferlicotdelbe/tp/ARCHI/tp10/ALU.vhf sub01/vhpl102 1387193507
EN concat_muser_s3 NULL /home/l2/ferlicotdelbe/tp/ARCHI/tp10/S3.vhf sub00/vhpl52 1387193457
AR concat_muser_s3 behavioral /home/l2/ferlicotdelbe/tp/ARCHI/tp10/S3.vhf sub00/vhpl53 1387193458
AR compteur4_muser_afficheur16 behavioral /home/l2/ferlicotdelbe/tp/ARCHI/tp10/afficheur16.vhf sub00/vhpl99 1387193504
EN mux4x4_muser_s3 NULL /home/l2/ferlicotdelbe/tp/ARCHI/tp10/S3.vhf sub00/vhpl82 1387193487
EN mux2x16_muser_alu NULL /home/l2/ferlicotdelbe/tp/ARCHI/tp10/ALU.vhf sub01/vhpl114 1387193519
AR m2_1e_mxilinx_afficheur16 behavioral /home/l2/ferlicotdelbe/tp/ARCHI/tp10/afficheur16.vhf sub00/vhpl93 1387193498
EN d4_16e_mxilinx_toplevel NULL /home/l2/ferlicotdelbe/tp/ARCHI/tp10/toplevel.vhf sub00/vhpl28 1387193431
EN mux4x4_muser_toplevel NULL /home/l2/ferlicotdelbe/tp/ARCHI/tp10/toplevel.vhf sub00/vhpl40 1387193443
AR afficheur16 behavioral /home/l2/ferlicotdelbe/tp/ARCHI/tp10/afficheur16.vhf sub01/vhpl101 1387193506
AR fsm behavioral /home/l2/ferlicotdelbe/tp/ARCHI/tp10/fsm.vhd sub00/vhpl01 1387193406
AR mux4x4_muser_afficheur16 behavioral /home/l2/ferlicotdelbe/tp/ARCHI/tp10/afficheur16.vhf sub00/vhpl97 1387193502
EN inc NULL /home/l2/ferlicotdelbe/tp/ARCHI/tp10/inc.vhf sub01/vhpl136 1387193543
EN pulse NULL /home/l2/ferlicotdelbe/tp/ARCHI/tp10/pulse.vhf sub01/vhpl154 1387193531
AR inv16_mxilinx_s3 behavioral /home/l2/ferlicotdelbe/tp/ARCHI/tp10/S3.vhf sub00/vhpl55 1387193460
EN alu NULL /home/l2/ferlicotdelbe/tp/ARCHI/tp10/ALU.vhf sub01/vhpl118 1387193523
AR clkdiv_muser_toplevel behavioral /home/l2/ferlicotdelbe/tp/ARCHI/tp10/toplevel.vhf sub00/vhpl35 1387193438
AR compteur4 behavioral /home/l2/ferlicotdelbe/tp/ARCHI/tp10/compteur4.vhf sub01/vhpl129 1387193536
AR obuf8_mxilinx_toplevel behavioral /home/l2/ferlicotdelbe/tp/ARCHI/tp10/toplevel.vhf sub00/vhpl07 1387193408
AR mux2x16 behavioral /home/l2/ferlicotdelbe/tp/ARCHI/tp10/mux2x16.vhf sub01/vhpl141 1387193548
EN mux2x16 NULL /home/l2/ferlicotdelbe/tp/ARCHI/tp10/mux2x16.vhf sub01/vhpl140 1387193547
AR d4_16e_mxilinx_toplevel behavioral /home/l2/ferlicotdelbe/tp/ARCHI/tp10/toplevel.vhf sub00/vhpl29 1387193432
AR andor behavioral /home/l2/ferlicotdelbe/tp/ARCHI/tp10/andor.vhf sub01/vhpl127 1387193534
EN inv16_mxilinx_s3 NULL /home/l2/ferlicotdelbe/tp/ARCHI/tp10/S3.vhf sub00/vhpl54 1387193459
