EN compteur4_muser_toplevel NULL /home/l2/ferlicotdelbe/tp/ARCHI/tp4/toplevel.vhf sub00/vhpl00 1381742965
AR x7seg behavioral /home/l2/ferlicotdelbe/tp/ARCHI/tp4/x7seg.vhd sub00/vhpl11 1381744189
AR toplevel behavioral /home/l2/ferlicotdelbe/tp/ARCHI/tp4/toplevel.vhf sub00/vhpl03 1381742968
AR compteur4_muser_toplevel behavioral /home/l2/ferlicotdelbe/tp/ARCHI/tp4/toplevel.vhf sub00/vhpl01 1381742966
EN x7seg NULL /home/l2/ferlicotdelbe/tp/ARCHI/tp4/x7seg.vhd sub00/vhpl10 1381744188
EN clkdiv NULL /home/l2/ferlicotdelbe/tp/ARCHI/tp4/clkdiv.vhf sub00/vhpl06 1381742969
EN clkdiv_muser_toplevel NULL /home/l2/ferlicotdelbe/tp/ARCHI/tp4/toplevel.vhf sub00/vhpl08 1381742963
EN toplevel NULL /home/l2/ferlicotdelbe/tp/ARCHI/tp4/toplevel.vhf sub00/vhpl02 1381742967
AR clkdiv behavioral /home/l2/ferlicotdelbe/tp/ARCHI/tp4/clkdiv.vhf sub00/vhpl07 1381742970
EN compteur4 NULL /home/l2/ferlicotdelbe/tp/ARCHI/tp4/compteur4.vhf sub00/vhpl04 1381742971
AR clkdiv_muser_toplevel behavioral /home/l2/ferlicotdelbe/tp/ARCHI/tp4/toplevel.vhf sub00/vhpl09 1381742964
AR compteur4 behavioral /home/l2/ferlicotdelbe/tp/ARCHI/tp4/compteur4.vhf sub00/vhpl05 1381742972
