EN add4bit_muser_toplevel NULL /home/l2/ferlicotdelbe/tp/ARCHI/TP3/toplevel.vhf sub00/vhpl16 1381138183
AR x7seg behavioral /home/l2/ferlicotdelbe/tp/ARCHI/TP3/x7seg.vhd sub00/vhpl13 1381138176
AR demiadd behavioral /home/l2/ferlicotdelbe/tp/ARCHI/TP3/demiadd.vhf sub00/vhpl05 1381138198
AR toplevel behavioral /home/l2/ferlicotdelbe/tp/ARCHI/TP3/toplevel.vhf sub00/vhpl03 1381138186
EN add1bit_muser_add4bit NULL /home/l2/ferlicotdelbe/tp/ARCHI/TP3/add4bit.vhf sub00/vhpl20 1381138189
EN demiadd_muser_add4bit NULL /home/l2/ferlicotdelbe/tp/ARCHI/TP3/add4bit.vhf sub00/vhpl18 1381138187
AR add1bit_muser_toplevel behavioral /home/l2/ferlicotdelbe/tp/ARCHI/TP3/toplevel.vhf sub00/vhpl07 1381138182
AR demiadd_muser_add4bit behavioral /home/l2/ferlicotdelbe/tp/ARCHI/TP3/add4bit.vhf sub00/vhpl19 1381138188
EN demiadd_muser_add1bit NULL /home/l2/ferlicotdelbe/tp/ARCHI/TP3/add1bit.vhf sub00/vhpl08 1381138193
AR demiadd_muser_toplevel behavioral /home/l2/ferlicotdelbe/tp/ARCHI/TP3/toplevel.vhf sub00/vhpl01 1381138180
EN x7seg NULL /home/l2/ferlicotdelbe/tp/ARCHI/TP3/x7seg.vhd sub00/vhpl12 1381138175
EN toplevel NULL /home/l2/ferlicotdelbe/tp/ARCHI/TP3/toplevel.vhf sub00/vhpl02 1381138185
EN obuf8_mxilinx_toplevel NULL /home/l2/ferlicotdelbe/tp/ARCHI/TP3/toplevel.vhf sub00/vhpl14 1381138177
AR add1bit_muser_add4bit behavioral /home/l2/ferlicotdelbe/tp/ARCHI/TP3/add4bit.vhf sub00/vhpl21 1381138190
AR demiadd_muser_add1bit behavioral /home/l2/ferlicotdelbe/tp/ARCHI/TP3/add1bit.vhf sub00/vhpl09 1381138194
EN demiadd_muser_toplevel NULL /home/l2/ferlicotdelbe/tp/ARCHI/TP3/toplevel.vhf sub00/vhpl00 1381138179
EN add4bit NULL /home/l2/ferlicotdelbe/tp/ARCHI/TP3/add4bit.vhf sub00/vhpl22 1381138191
EN add1bit_muser_toplevel NULL /home/l2/ferlicotdelbe/tp/ARCHI/TP3/toplevel.vhf sub00/vhpl06 1381138181
AR add4bit_muser_toplevel behavioral /home/l2/ferlicotdelbe/tp/ARCHI/TP3/toplevel.vhf sub00/vhpl17 1381138184
EN add1bit NULL /home/l2/ferlicotdelbe/tp/ARCHI/TP3/add1bit.vhf sub00/vhpl10 1381138195
AR add1bit behavioral /home/l2/ferlicotdelbe/tp/ARCHI/TP3/add1bit.vhf sub00/vhpl11 1381138196
EN demiadd NULL /home/l2/ferlicotdelbe/tp/ARCHI/TP3/demiadd.vhf sub00/vhpl04 1381138197
AR add4bit behavioral /home/l2/ferlicotdelbe/tp/ARCHI/TP3/add4bit.vhf sub00/vhpl23 1381138192
AR obuf8_mxilinx_toplevel behavioral /home/l2/ferlicotdelbe/tp/ARCHI/TP3/toplevel.vhf sub00/vhpl15 1381138178
