V3 42
FL /home/l2/ferlicotdelbe/tp/ARCHI/TP3/add1bit.vhf 2013/10/07.10:47:45 M.81d
EN work/demiadd_MUSER_add1bit 1381138193 \
      FL /home/l2/ferlicotdelbe/tp/ARCHI/TP3/add1bit.vhf PB ieee/std_logic_1164 1290154108 \
      PB ieee/NUMERIC_STD 1290154109 LB UNISIM PH unisim/VCOMPONENTS 1290154108
AR work/demiadd_MUSER_add1bit/BEHAVIORAL 1381138194 \
      FL /home/l2/ferlicotdelbe/tp/ARCHI/TP3/add1bit.vhf \
      EN work/demiadd_MUSER_add1bit 1381138193 CP XOR2 CP AND2
EN work/add1bit 1381138195 \
      FL /home/l2/ferlicotdelbe/tp/ARCHI/TP3/add1bit.vhf PB ieee/std_logic_1164 1290154108 \
      PB ieee/NUMERIC_STD 1290154109 LB UNISIM PH unisim/VCOMPONENTS 1290154108
AR work/add1bit/BEHAVIORAL 1381138196 \
      FL /home/l2/ferlicotdelbe/tp/ARCHI/TP3/add1bit.vhf EN work/add1bit 1381138195 \
      CP demiadd_MUSER_add1bit CP OR2
FL /home/l2/ferlicotdelbe/tp/ARCHI/TP3/add4bit.vhf 2013/10/07.11:06:10 M.81d
EN work/demiadd_MUSER_add4bit 1381138187 \
      FL /home/l2/ferlicotdelbe/tp/ARCHI/TP3/add4bit.vhf PB ieee/std_logic_1164 1290154108 \
      PB ieee/NUMERIC_STD 1290154109 LB UNISIM PH unisim/VCOMPONENTS 1290154108
AR work/demiadd_MUSER_add4bit/BEHAVIORAL 1381138188 \
      FL /home/l2/ferlicotdelbe/tp/ARCHI/TP3/add4bit.vhf \
      EN work/demiadd_MUSER_add4bit 1381138187 CP XOR2 CP AND2
EN work/add1bit_MUSER_add4bit 1381138189 \
      FL /home/l2/ferlicotdelbe/tp/ARCHI/TP3/add4bit.vhf PB ieee/std_logic_1164 1290154108 \
      PB ieee/NUMERIC_STD 1290154109 LB UNISIM PH unisim/VCOMPONENTS 1290154108
AR work/add1bit_MUSER_add4bit/BEHAVIORAL 1381138190 \
      FL /home/l2/ferlicotdelbe/tp/ARCHI/TP3/add4bit.vhf \
      EN work/add1bit_MUSER_add4bit 1381138189 CP demiadd_MUSER_add4bit CP OR2
EN work/add4bit 1381138191 \
      FL /home/l2/ferlicotdelbe/tp/ARCHI/TP3/add4bit.vhf PB ieee/std_logic_1164 1290154108 \
      PB ieee/NUMERIC_STD 1290154109 LB UNISIM PH unisim/VCOMPONENTS 1290154108
AR work/add4bit/BEHAVIORAL 1381138192 \
      FL /home/l2/ferlicotdelbe/tp/ARCHI/TP3/add4bit.vhf EN work/add4bit 1381138191 \
      CP demiadd_MUSER_add4bit CP add1bit_MUSER_add4bit
FL /home/l2/ferlicotdelbe/tp/ARCHI/TP3/demiadd.vhf 2013/10/07.10:30:02 M.81d
EN work/demiadd 1381138197 FL /home/l2/ferlicotdelbe/tp/ARCHI/TP3/demiadd.vhf \
      PB ieee/std_logic_1164 1290154108 PB ieee/NUMERIC_STD 1290154109 LB UNISIM \
      PH unisim/VCOMPONENTS 1290154108
AR work/demiadd/BEHAVIORAL 1381138198 \
      FL /home/l2/ferlicotdelbe/tp/ARCHI/TP3/demiadd.vhf EN work/demiadd 1381138197 \
      CP XOR2 CP AND2
FL /home/l2/ferlicotdelbe/tp/ARCHI/TP3/toplevel.vhf 2013/10/07.11:29:32 M.81d
EN work/OBUF8_MXILINX_toplevel 1381138177 \
      FL /home/l2/ferlicotdelbe/tp/ARCHI/TP3/toplevel.vhf PB ieee/std_logic_1164 1290154108 \
      PB ieee/NUMERIC_STD 1290154109 LB UNISIM PH unisim/VCOMPONENTS 1290154108
AR work/OBUF8_MXILINX_toplevel/BEHAVIORAL 1381138178 \
      FL /home/l2/ferlicotdelbe/tp/ARCHI/TP3/toplevel.vhf \
      EN work/OBUF8_MXILINX_toplevel 1381138177 CP OBUF
EN work/demiadd_MUSER_toplevel 1381138179 \
      FL /home/l2/ferlicotdelbe/tp/ARCHI/TP3/toplevel.vhf PB ieee/std_logic_1164 1290154108 \
      PB ieee/NUMERIC_STD 1290154109 LB UNISIM PH unisim/VCOMPONENTS 1290154108
AR work/demiadd_MUSER_toplevel/BEHAVIORAL 1381138180 \
      FL /home/l2/ferlicotdelbe/tp/ARCHI/TP3/toplevel.vhf \
      EN work/demiadd_MUSER_toplevel 1381138179 CP XOR2 CP AND2
EN work/add1bit_MUSER_toplevel 1381138181 \
      FL /home/l2/ferlicotdelbe/tp/ARCHI/TP3/toplevel.vhf PB ieee/std_logic_1164 1290154108 \
      PB ieee/NUMERIC_STD 1290154109 LB UNISIM PH unisim/VCOMPONENTS 1290154108
AR work/add1bit_MUSER_toplevel/BEHAVIORAL 1381138182 \
      FL /home/l2/ferlicotdelbe/tp/ARCHI/TP3/toplevel.vhf \
      EN work/add1bit_MUSER_toplevel 1381138181 CP demiadd_MUSER_toplevel CP OR2
EN work/add4bit_MUSER_toplevel 1381138183 \
      FL /home/l2/ferlicotdelbe/tp/ARCHI/TP3/toplevel.vhf PB ieee/std_logic_1164 1290154108 \
      PB ieee/NUMERIC_STD 1290154109 LB UNISIM PH unisim/VCOMPONENTS 1290154108
AR work/add4bit_MUSER_toplevel/BEHAVIORAL 1381138184 \
      FL /home/l2/ferlicotdelbe/tp/ARCHI/TP3/toplevel.vhf \
      EN work/add4bit_MUSER_toplevel 1381138183 CP demiadd_MUSER_toplevel \
      CP add1bit_MUSER_toplevel
EN work/toplevel 1381138185 \
      FL /home/l2/ferlicotdelbe/tp/ARCHI/TP3/toplevel.vhf PB ieee/std_logic_1164 1290154108 \
      PB ieee/NUMERIC_STD 1290154109 LB UNISIM PH unisim/VCOMPONENTS 1290154108
AR work/toplevel/BEHAVIORAL 1381138186 \
      FL /home/l2/ferlicotdelbe/tp/ARCHI/TP3/toplevel.vhf EN work/toplevel 1381138185 \
      CP add4bit_MUSER_toplevel CP x7seg CP OBUF8_MXILINX_toplevel
FL /home/l2/ferlicotdelbe/tp/ARCHI/TP3/x7seg.vhd 2013/09/23.11:26:55 M.81d
EN work/x7seg 1381138175 FL /home/l2/ferlicotdelbe/tp/ARCHI/TP3/x7seg.vhd \
      PB ieee/std_logic_1164 1290154108
AR work/x7seg/Behavioral 1381138176 \
      FL /home/l2/ferlicotdelbe/tp/ARCHI/TP3/x7seg.vhd EN work/x7seg 1381138175
