V3 3
FL /home/l2/ferlicotdelbe/tp/ARCHI/tp5/fsm.vhd 2013/10/21.11:11:49 M.81d
EN work/fsm 1382346991 FL /home/l2/ferlicotdelbe/tp/ARCHI/tp5/fsm.vhd \
      PB ieee/std_logic_1164 1290154108
AR work/fsm/Behavioral 1382346992 \
      FL /home/l2/ferlicotdelbe/tp/ARCHI/tp5/fsm.vhd EN work/fsm 1382346991
