AR connecteur_muser_toplevel behavioral /home/l2/ferlicotdelbe/tp/ARCHI/tp6/toplevel.vhf sub00/vhpl19 1384771442
AR x7seg behavioral /home/l2/ferlicotdelbe/tp/ARCHI/tp6/x7seg.vhd sub00/vhpl01 1384771424
AR toplevel behavioral /home/l2/ferlicotdelbe/tp/ARCHI/tp6/toplevel.vhf sub00/vhpl27 1384771450
AR connect16 behavioral /home/l2/ferlicotdelbe/tp/ARCHI/tp6/connect16.vhf sub00/vhpl43 1384771476
EN fd16ce_mxilinx_s3 NULL /home/l2/ferlicotdelbe/tp/ARCHI/tp6/S3.vhf sub00/vhpl34 1384771467
EN ibuf8_mxilinx_toplevel NULL /home/l2/ferlicotdelbe/tp/ARCHI/tp6/toplevel.vhf sub00/vhpl12 1384771435
EN connecteur_muser_toplevel NULL /home/l2/ferlicotdelbe/tp/ARCHI/tp6/toplevel.vhf sub00/vhpl18 1384771441
EN afficheur16 NULL /home/l2/ferlicotdelbe/tp/ARCHI/tp6/afficheur16.vhf sub00/vhpl10 1384771433
AR connecteur_muser_s3 behavioral /home/l2/ferlicotdelbe/tp/ARCHI/tp6/S3.vhf sub00/vhpl31 1384771464
EN connect16_muser_toplevel NULL /home/l2/ferlicotdelbe/tp/ARCHI/tp6/toplevel.vhf sub00/vhpl20 1384771443
AR m2_1e_mxilinx_mux4x4 behavioral /home/l2/ferlicotdelbe/tp/ARCHI/tp6/mux4x4.vhf sub00/vhpl47 1384771480
EN fd16ce_mxilinx_toplevel NULL /home/l2/ferlicotdelbe/tp/ARCHI/tp6/toplevel.vhf sub00/vhpl22 1384771445
AR fd16ce_mxilinx_s3 behavioral /home/l2/ferlicotdelbe/tp/ARCHI/tp6/S3.vhf sub00/vhpl35 1384771468
EN s3_muser_toplevel NULL /home/l2/ferlicotdelbe/tp/ARCHI/tp6/toplevel.vhf sub00/vhpl24 1384771447
EN s3 NULL /home/l2/ferlicotdelbe/tp/ARCHI/tp6/S3.vhf sub00/vhpl36 1384771469
EN mux4x4_muser_afficheur16 NULL /home/l2/ferlicotdelbe/tp/ARCHI/tp6/afficheur16.vhf sub00/vhpl06 1384771429
AR fd16ce_mxilinx_toplevel behavioral /home/l2/ferlicotdelbe/tp/ARCHI/tp6/toplevel.vhf sub00/vhpl23 1384771446
EN x7seg NULL /home/l2/ferlicotdelbe/tp/ARCHI/tp6/x7seg.vhd sub00/vhpl00 1384771423
AR compteur4_muser_s3 behavioral /home/l2/ferlicotdelbe/tp/ARCHI/tp6/S3.vhf sub00/vhpl59 1384771458
AR clkdiv_muser_s3 behavioral /home/l2/ferlicotdelbe/tp/ARCHI/tp6/S3.vhf sub00/vhpl29 1384771462
AR m2_1e_mxilinx_s3 behavioral /home/l2/ferlicotdelbe/tp/ARCHI/tp6/S3.vhf sub00/vhpl53 1384771452
EN clkdiv NULL /home/l2/ferlicotdelbe/tp/ARCHI/tp6/clkdiv.vhf sub00/vhpl38 1384771471
EN clkdiv_muser_s3 NULL /home/l2/ferlicotdelbe/tp/ARCHI/tp6/S3.vhf sub00/vhpl28 1384771461
EN m4_1e_mxilinx_s3 NULL /home/l2/ferlicotdelbe/tp/ARCHI/tp6/S3.vhf sub00/vhpl54 1384771453
EN clkdiv_muser_toplevel NULL /home/l2/ferlicotdelbe/tp/ARCHI/tp6/toplevel.vhf sub00/vhpl16 1384771439
EN connecteur_muser_s3 NULL /home/l2/ferlicotdelbe/tp/ARCHI/tp6/S3.vhf sub00/vhpl30 1384771463
EN compteur4_muser_s3 NULL /home/l2/ferlicotdelbe/tp/ARCHI/tp6/S3.vhf sub00/vhpl58 1384771457
AR m4_1e_mxilinx_s3 behavioral /home/l2/ferlicotdelbe/tp/ARCHI/tp6/S3.vhf sub00/vhpl55 1384771454
AR mux4x4 behavioral /home/l2/ferlicotdelbe/tp/ARCHI/tp6/mux4x4.vhf sub00/vhpl51 1384771484
AR m4_1e_mxilinx_mux4x4 behavioral /home/l2/ferlicotdelbe/tp/ARCHI/tp6/mux4x4.vhf sub00/vhpl49 1384771482
EN m2_1e_mxilinx_s3 NULL /home/l2/ferlicotdelbe/tp/ARCHI/tp6/S3.vhf sub00/vhpl52 1384771451
EN toplevel NULL /home/l2/ferlicotdelbe/tp/ARCHI/tp6/toplevel.vhf sub00/vhpl26 1384771449
EN obuf8_mxilinx_toplevel NULL /home/l2/ferlicotdelbe/tp/ARCHI/tp6/toplevel.vhf sub00/vhpl14 1384771437
EN m2_1e_mxilinx_afficheur16 NULL /home/l2/ferlicotdelbe/tp/ARCHI/tp6/afficheur16.vhf sub00/vhpl02 1384771425
AR s3 behavioral /home/l2/ferlicotdelbe/tp/ARCHI/tp6/S3.vhf sub00/vhpl37 1384771470
EN m4_1e_mxilinx_mux4x4 NULL /home/l2/ferlicotdelbe/tp/ARCHI/tp6/mux4x4.vhf sub00/vhpl48 1384771481
AR mux4x4_muser_s3 behavioral /home/l2/ferlicotdelbe/tp/ARCHI/tp6/S3.vhf sub00/vhpl57 1384771456
AR connecteur_muser_connect16 behavioral /home/l2/ferlicotdelbe/tp/ARCHI/tp6/connect16.vhf sub00/vhpl41 1384771474
EN mux4x4 NULL /home/l2/ferlicotdelbe/tp/ARCHI/tp6/mux4x4.vhf sub00/vhpl50 1384771483
AR clkdiv behavioral /home/l2/ferlicotdelbe/tp/ARCHI/tp6/clkdiv.vhf sub00/vhpl39 1384771472
AR m4_1e_mxilinx_afficheur16 behavioral /home/l2/ferlicotdelbe/tp/ARCHI/tp6/afficheur16.vhf sub00/vhpl05 1384771428
AR ibuf8_mxilinx_toplevel behavioral /home/l2/ferlicotdelbe/tp/ARCHI/tp6/toplevel.vhf sub00/vhpl13 1384771436
EN connecteur_muser_connect16 NULL /home/l2/ferlicotdelbe/tp/ARCHI/tp6/connect16.vhf sub00/vhpl40 1384771473
EN connect16 NULL /home/l2/ferlicotdelbe/tp/ARCHI/tp6/connect16.vhf sub00/vhpl42 1384771475
AR afficheur16_muser_s3 behavioral /home/l2/ferlicotdelbe/tp/ARCHI/tp6/S3.vhf sub00/vhpl61 1384771460
EN m2_1e_mxilinx_mux4x4 NULL /home/l2/ferlicotdelbe/tp/ARCHI/tp6/mux4x4.vhf sub00/vhpl46 1384771479
EN afficheur16_muser_s3 NULL /home/l2/ferlicotdelbe/tp/ARCHI/tp6/S3.vhf sub00/vhpl60 1384771459
EN connect16_muser_s3 NULL /home/l2/ferlicotdelbe/tp/ARCHI/tp6/S3.vhf sub00/vhpl32 1384771465
EN compteur4 NULL /home/l2/ferlicotdelbe/tp/ARCHI/tp6/compteur4.vhf sub00/vhpl44 1384771477
AR s3_muser_toplevel behavioral /home/l2/ferlicotdelbe/tp/ARCHI/tp6/toplevel.vhf sub00/vhpl25 1384771448
EN m4_1e_mxilinx_afficheur16 NULL /home/l2/ferlicotdelbe/tp/ARCHI/tp6/afficheur16.vhf sub00/vhpl04 1384771427
EN compteur4_muser_afficheur16 NULL /home/l2/ferlicotdelbe/tp/ARCHI/tp6/afficheur16.vhf sub00/vhpl08 1384771431
AR connect16_muser_toplevel behavioral /home/l2/ferlicotdelbe/tp/ARCHI/tp6/toplevel.vhf sub00/vhpl21 1384771444
AR compteur4_muser_afficheur16 behavioral /home/l2/ferlicotdelbe/tp/ARCHI/tp6/afficheur16.vhf sub00/vhpl09 1384771432
EN mux4x4_muser_s3 NULL /home/l2/ferlicotdelbe/tp/ARCHI/tp6/S3.vhf sub00/vhpl56 1384771455
AR m2_1e_mxilinx_afficheur16 behavioral /home/l2/ferlicotdelbe/tp/ARCHI/tp6/afficheur16.vhf sub00/vhpl03 1384771426
AR afficheur16 behavioral /home/l2/ferlicotdelbe/tp/ARCHI/tp6/afficheur16.vhf sub00/vhpl11 1384771434
AR connect16_muser_s3 behavioral /home/l2/ferlicotdelbe/tp/ARCHI/tp6/S3.vhf sub00/vhpl33 1384771466
AR mux4x4_muser_afficheur16 behavioral /home/l2/ferlicotdelbe/tp/ARCHI/tp6/afficheur16.vhf sub00/vhpl07 1384771430
AR clkdiv_muser_toplevel behavioral /home/l2/ferlicotdelbe/tp/ARCHI/tp6/toplevel.vhf sub00/vhpl17 1384771440
AR compteur4 behavioral /home/l2/ferlicotdelbe/tp/ARCHI/tp6/compteur4.vhf sub00/vhpl45 1384771478
AR obuf8_mxilinx_toplevel behavioral /home/l2/ferlicotdelbe/tp/ARCHI/tp6/toplevel.vhf sub00/vhpl15 1384771438
