V3 108
FL /home/l2/ferlicotdelbe/tp/ARCHI/tp6/afficheur16.vhf 2013/11/18.11:15:57 M.81d
EN work/M2_1E_MXILINX_afficheur16 1384771425 \
      FL /home/l2/ferlicotdelbe/tp/ARCHI/tp6/afficheur16.vhf \
      PB ieee/std_logic_1164 1290154108 PB ieee/NUMERIC_STD 1290154109 LB UNISIM \
      PH unisim/VCOMPONENTS 1290154108
AR work/M2_1E_MXILINX_afficheur16/BEHAVIORAL 1384771426 \
      FL /home/l2/ferlicotdelbe/tp/ARCHI/tp6/afficheur16.vhf \
      EN work/M2_1E_MXILINX_afficheur16 1384771425 CP AND3 CP AND3B1 CP OR2
EN work/M4_1E_MXILINX_afficheur16 1384771427 \
      FL /home/l2/ferlicotdelbe/tp/ARCHI/tp6/afficheur16.vhf \
      PB ieee/std_logic_1164 1290154108 PB ieee/NUMERIC_STD 1290154109 LB UNISIM \
      PH unisim/VCOMPONENTS 1290154108
AR work/M4_1E_MXILINX_afficheur16/BEHAVIORAL 1384771428 \
      FL /home/l2/ferlicotdelbe/tp/ARCHI/tp6/afficheur16.vhf \
      EN work/M4_1E_MXILINX_afficheur16 1384771427 CP M2_1E_MXILINX_afficheur16 \
      CP MUXF5
EN work/mux4x4_MUSER_afficheur16 1384771429 \
      FL /home/l2/ferlicotdelbe/tp/ARCHI/tp6/afficheur16.vhf \
      PB ieee/std_logic_1164 1290154108 PB ieee/NUMERIC_STD 1290154109 LB UNISIM \
      PH unisim/VCOMPONENTS 1290154108
AR work/mux4x4_MUSER_afficheur16/BEHAVIORAL 1384771430 \
      FL /home/l2/ferlicotdelbe/tp/ARCHI/tp6/afficheur16.vhf \
      EN work/mux4x4_MUSER_afficheur16 1384771429 CP M4_1E_MXILINX_afficheur16 \
      CP VCC
EN work/compteur4_MUSER_afficheur16 1384771431 \
      FL /home/l2/ferlicotdelbe/tp/ARCHI/tp6/afficheur16.vhf \
      PB ieee/std_logic_1164 1290154108 PB ieee/NUMERIC_STD 1290154109 LB UNISIM \
      PH unisim/VCOMPONENTS 1290154108
AR work/compteur4_MUSER_afficheur16/BEHAVIORAL 1384771432 \
      FL /home/l2/ferlicotdelbe/tp/ARCHI/tp6/afficheur16.vhf \
      EN work/compteur4_MUSER_afficheur16 1384771431 CP FD CP INV
EN work/afficheur16 1384771433 \
      FL /home/l2/ferlicotdelbe/tp/ARCHI/tp6/afficheur16.vhf \
      PB ieee/std_logic_1164 1290154108 PB ieee/NUMERIC_STD 1290154109 LB UNISIM \
      PH unisim/VCOMPONENTS 1290154108
AR work/afficheur16/BEHAVIORAL 1384771434 \
      FL /home/l2/ferlicotdelbe/tp/ARCHI/tp6/afficheur16.vhf EN work/afficheur16 1384771433 \
      CP mux4x4_MUSER_afficheur16 CP compteur4_MUSER_afficheur16 CP x7seg
FL /home/l2/ferlicotdelbe/tp/ARCHI/tp6/clkdiv.vhf 2013/11/18.10:57:29 M.81d
EN work/clkdiv 1384771471 FL /home/l2/ferlicotdelbe/tp/ARCHI/tp6/clkdiv.vhf \
      PB ieee/std_logic_1164 1290154108 PB ieee/NUMERIC_STD 1290154109 LB UNISIM \
      PH unisim/VCOMPONENTS 1290154108
AR work/clkdiv/BEHAVIORAL 1384771472 \
      FL /home/l2/ferlicotdelbe/tp/ARCHI/tp6/clkdiv.vhf EN work/clkdiv 1384771471 \
      CP FD CP INV
FL /home/l2/ferlicotdelbe/tp/ARCHI/tp6/compteur4.vhf 2013/11/18.10:57:29 M.81d
EN work/compteur4 1384771477 FL /home/l2/ferlicotdelbe/tp/ARCHI/tp6/compteur4.vhf \
      PB ieee/std_logic_1164 1290154108 PB ieee/NUMERIC_STD 1290154109 LB UNISIM \
      PH unisim/VCOMPONENTS 1290154108
AR work/compteur4/BEHAVIORAL 1384771478 \
      FL /home/l2/ferlicotdelbe/tp/ARCHI/tp6/compteur4.vhf EN work/compteur4 1384771477 \
      CP FD CP INV
FL /home/l2/ferlicotdelbe/tp/ARCHI/tp6/connect16.vhf 2013/11/18.10:57:27 M.81d
EN work/connecteur_MUSER_connect16 1384771473 \
      FL /home/l2/ferlicotdelbe/tp/ARCHI/tp6/connect16.vhf PB ieee/std_logic_1164 1290154108 \
      PB ieee/NUMERIC_STD 1290154109 LB UNISIM PH unisim/VCOMPONENTS 1290154108
AR work/connecteur_MUSER_connect16/BEHAVIORAL 1384771474 \
      FL /home/l2/ferlicotdelbe/tp/ARCHI/tp6/connect16.vhf \
      EN work/connecteur_MUSER_connect16 1384771473 CP AND2 CP OR2
EN work/connect16 1384771475 \
      FL /home/l2/ferlicotdelbe/tp/ARCHI/tp6/connect16.vhf PB ieee/std_logic_1164 1290154108 \
      PB ieee/NUMERIC_STD 1290154109 LB UNISIM PH unisim/VCOMPONENTS 1290154108
AR work/connect16/BEHAVIORAL 1384771476 \
      FL /home/l2/ferlicotdelbe/tp/ARCHI/tp6/connect16.vhf EN work/connect16 1384771475 \
      CP connecteur_MUSER_connect16
FL /home/l2/ferlicotdelbe/tp/ARCHI/tp6/mux4x4.vhf 2013/11/18.10:57:29 M.81d
EN work/M2_1E_MXILINX_mux4x4 1384771479 \
      FL /home/l2/ferlicotdelbe/tp/ARCHI/tp6/mux4x4.vhf PB ieee/std_logic_1164 1290154108 \
      PB ieee/NUMERIC_STD 1290154109 LB UNISIM PH unisim/VCOMPONENTS 1290154108
AR work/M2_1E_MXILINX_mux4x4/BEHAVIORAL 1384771480 \
      FL /home/l2/ferlicotdelbe/tp/ARCHI/tp6/mux4x4.vhf \
      EN work/M2_1E_MXILINX_mux4x4 1384771479 CP AND3 CP AND3B1 CP OR2
EN work/M4_1E_MXILINX_mux4x4 1384771481 \
      FL /home/l2/ferlicotdelbe/tp/ARCHI/tp6/mux4x4.vhf PB ieee/std_logic_1164 1290154108 \
      PB ieee/NUMERIC_STD 1290154109 LB UNISIM PH unisim/VCOMPONENTS 1290154108
AR work/M4_1E_MXILINX_mux4x4/BEHAVIORAL 1384771482 \
      FL /home/l2/ferlicotdelbe/tp/ARCHI/tp6/mux4x4.vhf \
      EN work/M4_1E_MXILINX_mux4x4 1384771481 CP M2_1E_MXILINX_mux4x4 CP MUXF5
EN work/mux4x4 1384771483 \
      FL /home/l2/ferlicotdelbe/tp/ARCHI/tp6/mux4x4.vhf PB ieee/std_logic_1164 1290154108 \
      PB ieee/NUMERIC_STD 1290154109 LB UNISIM PH unisim/VCOMPONENTS 1290154108
AR work/mux4x4/BEHAVIORAL 1384771484 \
      FL /home/l2/ferlicotdelbe/tp/ARCHI/tp6/mux4x4.vhf EN work/mux4x4 1384771483 \
      CP M4_1E_MXILINX_mux4x4 CP VCC
FL /home/l2/ferlicotdelbe/tp/ARCHI/tp6/S3.vhf 2013/11/18.11:43:40 M.81d
EN work/M2_1E_MXILINX_S3 1384771451 FL /home/l2/ferlicotdelbe/tp/ARCHI/tp6/S3.vhf \
      PB ieee/std_logic_1164 1290154108 PB ieee/NUMERIC_STD 1290154109 LB UNISIM \
      PH unisim/VCOMPONENTS 1290154108
AR work/M2_1E_MXILINX_S3/BEHAVIORAL 1384771452 \
      FL /home/l2/ferlicotdelbe/tp/ARCHI/tp6/S3.vhf EN work/M2_1E_MXILINX_S3 1384771451 \
      CP AND3 CP AND3B1 CP OR2
EN work/M4_1E_MXILINX_S3 1384771453 \
      FL /home/l2/ferlicotdelbe/tp/ARCHI/tp6/S3.vhf PB ieee/std_logic_1164 1290154108 \
      PB ieee/NUMERIC_STD 1290154109 LB UNISIM PH unisim/VCOMPONENTS 1290154108
AR work/M4_1E_MXILINX_S3/BEHAVIORAL 1384771454 \
      FL /home/l2/ferlicotdelbe/tp/ARCHI/tp6/S3.vhf EN work/M4_1E_MXILINX_S3 1384771453 \
      CP M2_1E_MXILINX_S3 CP MUXF5
EN work/mux4x4_MUSER_S3 1384771455 \
      FL /home/l2/ferlicotdelbe/tp/ARCHI/tp6/S3.vhf PB ieee/std_logic_1164 1290154108 \
      PB ieee/NUMERIC_STD 1290154109 LB UNISIM PH unisim/VCOMPONENTS 1290154108
AR work/mux4x4_MUSER_S3/BEHAVIORAL 1384771456 \
      FL /home/l2/ferlicotdelbe/tp/ARCHI/tp6/S3.vhf EN work/mux4x4_MUSER_S3 1384771455 \
      CP M4_1E_MXILINX_S3 CP VCC
EN work/compteur4_MUSER_S3 1384771457 \
      FL /home/l2/ferlicotdelbe/tp/ARCHI/tp6/S3.vhf PB ieee/std_logic_1164 1290154108 \
      PB ieee/NUMERIC_STD 1290154109 LB UNISIM PH unisim/VCOMPONENTS 1290154108
AR work/compteur4_MUSER_S3/BEHAVIORAL 1384771458 \
      FL /home/l2/ferlicotdelbe/tp/ARCHI/tp6/S3.vhf EN work/compteur4_MUSER_S3 1384771457 \
      CP FD CP INV
EN work/afficheur16_MUSER_S3 1384771459 \
      FL /home/l2/ferlicotdelbe/tp/ARCHI/tp6/S3.vhf PB ieee/std_logic_1164 1290154108 \
      PB ieee/NUMERIC_STD 1290154109 LB UNISIM PH unisim/VCOMPONENTS 1290154108
AR work/afficheur16_MUSER_S3/BEHAVIORAL 1384771460 \
      FL /home/l2/ferlicotdelbe/tp/ARCHI/tp6/S3.vhf EN work/afficheur16_MUSER_S3 1384771459 \
      CP mux4x4_MUSER_S3 CP compteur4_MUSER_S3 CP x7seg
EN work/clkdiv_MUSER_S3 1384771461 \
      FL /home/l2/ferlicotdelbe/tp/ARCHI/tp6/S3.vhf PB ieee/std_logic_1164 1290154108 \
      PB ieee/NUMERIC_STD 1290154109 LB UNISIM PH unisim/VCOMPONENTS 1290154108
AR work/clkdiv_MUSER_S3/BEHAVIORAL 1384771462 \
      FL /home/l2/ferlicotdelbe/tp/ARCHI/tp6/S3.vhf EN work/clkdiv_MUSER_S3 1384771461 \
      CP FD CP INV
EN work/connecteur_MUSER_S3 1384771463 \
      FL /home/l2/ferlicotdelbe/tp/ARCHI/tp6/S3.vhf PB ieee/std_logic_1164 1290154108 \
      PB ieee/NUMERIC_STD 1290154109 LB UNISIM PH unisim/VCOMPONENTS 1290154108
AR work/connecteur_MUSER_S3/BEHAVIORAL 1384771464 \
      FL /home/l2/ferlicotdelbe/tp/ARCHI/tp6/S3.vhf EN work/connecteur_MUSER_S3 1384771463 \
      CP AND2 CP OR2
EN work/connect16_MUSER_S3 1384771465 \
      FL /home/l2/ferlicotdelbe/tp/ARCHI/tp6/S3.vhf PB ieee/std_logic_1164 1290154108 \
      PB ieee/NUMERIC_STD 1290154109 LB UNISIM PH unisim/VCOMPONENTS 1290154108
AR work/connect16_MUSER_S3/BEHAVIORAL 1384771466 \
      FL /home/l2/ferlicotdelbe/tp/ARCHI/tp6/S3.vhf EN work/connect16_MUSER_S3 1384771465 \
      CP connecteur_MUSER_S3
EN work/FD16CE_MXILINX_S3 1384771467 \
      FL /home/l2/ferlicotdelbe/tp/ARCHI/tp6/S3.vhf PB ieee/std_logic_1164 1290154108 \
      PB ieee/NUMERIC_STD 1290154109 LB UNISIM PH unisim/VCOMPONENTS 1290154108
AR work/FD16CE_MXILINX_S3/BEHAVIORAL 1384771468 \
      FL /home/l2/ferlicotdelbe/tp/ARCHI/tp6/S3.vhf EN work/FD16CE_MXILINX_S3 1384771467 \
      CP FDCE
EN work/S3 1384771469 FL /home/l2/ferlicotdelbe/tp/ARCHI/tp6/S3.vhf \
      PB ieee/std_logic_1164 1290154108 PB ieee/NUMERIC_STD 1290154109 LB UNISIM \
      PH unisim/VCOMPONENTS 1290154108
AR work/S3/BEHAVIORAL 1384771470 \
      FL /home/l2/ferlicotdelbe/tp/ARCHI/tp6/S3.vhf EN work/S3 1384771469 \
      CP FD16CE_MXILINX_S3 CP connect16_MUSER_S3 CP GND CP clkdiv_MUSER_S3 \
      CP afficheur16_MUSER_S3 CP VCC
FL /home/l2/ferlicotdelbe/tp/ARCHI/tp6/toplevel.vhf 2013/11/18.11:09:47 M.81d
EN work/IBUF8_MXILINX_toplevel 1384771435 \
      FL /home/l2/ferlicotdelbe/tp/ARCHI/tp6/toplevel.vhf PB ieee/std_logic_1164 1290154108 \
      PB ieee/NUMERIC_STD 1290154109 LB UNISIM PH unisim/VCOMPONENTS 1290154108
AR work/IBUF8_MXILINX_toplevel/BEHAVIORAL 1384771436 \
      FL /home/l2/ferlicotdelbe/tp/ARCHI/tp6/toplevel.vhf \
      EN work/IBUF8_MXILINX_toplevel 1384771435 CP IBUF
EN work/OBUF8_MXILINX_toplevel 1384771437 \
      FL /home/l2/ferlicotdelbe/tp/ARCHI/tp6/toplevel.vhf PB ieee/std_logic_1164 1290154108 \
      PB ieee/NUMERIC_STD 1290154109 LB UNISIM PH unisim/VCOMPONENTS 1290154108
AR work/OBUF8_MXILINX_toplevel/BEHAVIORAL 1384771438 \
      FL /home/l2/ferlicotdelbe/tp/ARCHI/tp6/toplevel.vhf \
      EN work/OBUF8_MXILINX_toplevel 1384771437 CP OBUF
EN work/clkdiv_MUSER_toplevel 1384771439 \
      FL /home/l2/ferlicotdelbe/tp/ARCHI/tp6/toplevel.vhf PB ieee/std_logic_1164 1290154108 \
      PB ieee/NUMERIC_STD 1290154109 LB UNISIM PH unisim/VCOMPONENTS 1290154108
AR work/clkdiv_MUSER_toplevel/BEHAVIORAL 1384771440 \
      FL /home/l2/ferlicotdelbe/tp/ARCHI/tp6/toplevel.vhf \
      EN work/clkdiv_MUSER_toplevel 1384771439 CP FD CP INV
EN work/connecteur_MUSER_toplevel 1384771441 \
      FL /home/l2/ferlicotdelbe/tp/ARCHI/tp6/toplevel.vhf PB ieee/std_logic_1164 1290154108 \
      PB ieee/NUMERIC_STD 1290154109 LB UNISIM PH unisim/VCOMPONENTS 1290154108
AR work/connecteur_MUSER_toplevel/BEHAVIORAL 1384771442 \
      FL /home/l2/ferlicotdelbe/tp/ARCHI/tp6/toplevel.vhf \
      EN work/connecteur_MUSER_toplevel 1384771441 CP AND2 CP OR2
EN work/connect16_MUSER_toplevel 1384771443 \
      FL /home/l2/ferlicotdelbe/tp/ARCHI/tp6/toplevel.vhf PB ieee/std_logic_1164 1290154108 \
      PB ieee/NUMERIC_STD 1290154109 LB UNISIM PH unisim/VCOMPONENTS 1290154108
AR work/connect16_MUSER_toplevel/BEHAVIORAL 1384771444 \
      FL /home/l2/ferlicotdelbe/tp/ARCHI/tp6/toplevel.vhf \
      EN work/connect16_MUSER_toplevel 1384771443 CP connecteur_MUSER_toplevel
EN work/FD16CE_MXILINX_toplevel 1384771445 \
      FL /home/l2/ferlicotdelbe/tp/ARCHI/tp6/toplevel.vhf PB ieee/std_logic_1164 1290154108 \
      PB ieee/NUMERIC_STD 1290154109 LB UNISIM PH unisim/VCOMPONENTS 1290154108
AR work/FD16CE_MXILINX_toplevel/BEHAVIORAL 1384771446 \
      FL /home/l2/ferlicotdelbe/tp/ARCHI/tp6/toplevel.vhf \
      EN work/FD16CE_MXILINX_toplevel 1384771445 CP FDCE
EN work/S3_MUSER_toplevel 1384771447 \
      FL /home/l2/ferlicotdelbe/tp/ARCHI/tp6/toplevel.vhf PB ieee/std_logic_1164 1290154108 \
      PB ieee/NUMERIC_STD 1290154109 LB UNISIM PH unisim/VCOMPONENTS 1290154108
AR work/S3_MUSER_toplevel/BEHAVIORAL 1384771448 \
      FL /home/l2/ferlicotdelbe/tp/ARCHI/tp6/toplevel.vhf \
      EN work/S3_MUSER_toplevel 1384771447 CP FD16CE_MXILINX_toplevel \
      CP connect16_MUSER_toplevel CP GND CP clkdiv_MUSER_toplevel CP afficheur16 \
      CP VCC
EN work/toplevel 1384771449 \
      FL /home/l2/ferlicotdelbe/tp/ARCHI/tp6/toplevel.vhf PB ieee/std_logic_1164 1290154108 \
      PB ieee/NUMERIC_STD 1290154109 LB UNISIM PH unisim/VCOMPONENTS 1290154108
AR work/toplevel/BEHAVIORAL 1384771450 \
      FL /home/l2/ferlicotdelbe/tp/ARCHI/tp6/toplevel.vhf EN work/toplevel 1384771449 \
      CP S3_MUSER_toplevel CP OBUF8_MXILINX_toplevel CP IBUF8_MXILINX_toplevel
FL /home/l2/ferlicotdelbe/tp/ARCHI/tp6/x7seg.vhd 2013/11/18.10:25:55 M.81d
EN work/x7seg 1384771423 FL /home/l2/ferlicotdelbe/tp/ARCHI/tp6/x7seg.vhd \
      PB ieee/std_logic_1164 1290154108
AR work/x7seg/Behavioral 1384771424 \
      FL /home/l2/ferlicotdelbe/tp/ARCHI/tp6/x7seg.vhd EN work/x7seg 1384771423
