AR connecteur_muser_toplevel behavioral /home/l2/ferlicotdelbe/tp/ARCHI/tp7/toplevel.vhf sub00/vhpl12 1385376575
EN compteur4_muser_toplevel NULL /home/l2/ferlicotdelbe/tp/ARCHI/tp7/toplevel.vhf sub00/vhpl29 1385376592
AR x7seg behavioral /home/l2/ferlicotdelbe/tp/ARCHI/tp7/x7seg.vhd sub00/vhpl03 1385376565
EN fsm2 NULL /home/l2/ferlicotdelbe/tp/ARCHI/tp7/fsm2.vhd sub00/vhpl01 1385376568
AR connect16 behavioral /home/l2/ferlicotdelbe/tp/ARCHI/tp7/connect16.vhf sub00/vhpl84 1385376647
AR toplevel behavioral /home/l2/ferlicotdelbe/tp/ARCHI/tp7/toplevel.vhf sub00/vhpl40 1385376603
EN fd16ce_mxilinx_s3 NULL /home/l2/ferlicotdelbe/tp/ARCHI/tp7/S3.vhf sub00/vhpl65 1385376628
EN ibuf8_mxilinx_toplevel NULL /home/l2/ferlicotdelbe/tp/ARCHI/tp7/toplevel.vhf sub00/vhpl07 1385376570
EN connecteur_muser_toplevel NULL /home/l2/ferlicotdelbe/tp/ARCHI/tp7/toplevel.vhf sub00/vhpl11 1385376574
EN m2_1_mxilinx_s3 NULL /home/l2/ferlicotdelbe/tp/ARCHI/tp7/S3.vhf sub00/vhpl45 1385376608
EN afficheur16 NULL /home/l2/ferlicotdelbe/tp/ARCHI/tp7/afficheur16.vhf sub00/vhpl77 1385376640
AR connecteur_muser_s3 behavioral /home/l2/ferlicotdelbe/tp/ARCHI/tp7/S3.vhf sub00/vhpl42 1385376605
AR m2_1_mxilinx_toplevel behavioral /home/l2/ferlicotdelbe/tp/ARCHI/tp7/toplevel.vhf sub00/vhpl16 1385376579
EN insmem NULL /home/l2/ferlicotdelbe/tp/ARCHI/tp7/ipcore_dir/insmem.vhd sub00/vhpl04 1385376566
EN connect16_muser_toplevel NULL /home/l2/ferlicotdelbe/tp/ARCHI/tp7/toplevel.vhf sub00/vhpl13 1385376576
EN mux2x16_muser_s3 NULL /home/l2/ferlicotdelbe/tp/ARCHI/tp7/S3.vhf sub00/vhpl47 1385376610
EN m4_1e_mxilinx_toplevel NULL /home/l2/ferlicotdelbe/tp/ARCHI/tp7/toplevel.vhf sub00/vhpl25 1385376588
AR compteur4_muser_toplevel behavioral /home/l2/ferlicotdelbe/tp/ARCHI/tp7/toplevel.vhf sub00/vhpl30 1385376593
EN mux2x16_muser_toplevel NULL /home/l2/ferlicotdelbe/tp/ARCHI/tp7/toplevel.vhf sub00/vhpl17 1385376580
EN add16_mxilinx_s3 NULL /home/l2/ferlicotdelbe/tp/ARCHI/tp7/S3.vhf sub00/vhpl49 1385376612
AR m2_1e_mxilinx_mux4x4 behavioral /home/l2/ferlicotdelbe/tp/ARCHI/tp7/mux4x4.vhf sub00/vhpl96 1385376659
EN add16_mxilinx_toplevel NULL /home/l2/ferlicotdelbe/tp/ARCHI/tp7/toplevel.vhf sub00/vhpl19 1385376582
AR mux2x16_muser_toplevel behavioral /home/l2/ferlicotdelbe/tp/ARCHI/tp7/toplevel.vhf sub00/vhpl18 1385376581
EN fd16ce_mxilinx_toplevel NULL /home/l2/ferlicotdelbe/tp/ARCHI/tp7/toplevel.vhf sub00/vhpl35 1385376598
AR m2_1_mxilinx_mux2x16 behavioral /home/l2/ferlicotdelbe/tp/ARCHI/tp7/mux2x16.vhf sub00/vhpl90 1385376653
AR fd16ce_mxilinx_s3 behavioral /home/l2/ferlicotdelbe/tp/ARCHI/tp7/S3.vhf sub00/vhpl66 1385376629
EN s3_muser_toplevel NULL /home/l2/ferlicotdelbe/tp/ARCHI/tp7/toplevel.vhf sub00/vhpl37 1385376600
EN s3 NULL /home/l2/ferlicotdelbe/tp/ARCHI/tp7/S3.vhf sub00/vhpl67 1385376630
AR fd16ce_mxilinx_toplevel behavioral /home/l2/ferlicotdelbe/tp/ARCHI/tp7/toplevel.vhf sub00/vhpl36 1385376599
EN mux4x4_muser_afficheur16 NULL /home/l2/ferlicotdelbe/tp/ARCHI/tp7/afficheur16.vhf sub00/vhpl73 1385376636
EN x7seg NULL /home/l2/ferlicotdelbe/tp/ARCHI/tp7/x7seg.vhd sub00/vhpl02 1385376564
AR compteur4_muser_s3 behavioral /home/l2/ferlicotdelbe/tp/ARCHI/tp7/S3.vhf sub00/vhpl60 1385376623
AR insmem insmem_a /home/l2/ferlicotdelbe/tp/ARCHI/tp7/ipcore_dir/insmem.vhd sub00/vhpl05 1385376567
AR clkdiv_muser_s3 behavioral /home/l2/ferlicotdelbe/tp/ARCHI/tp7/S3.vhf sub00/vhpl64 1385376627
AR m2_1e_mxilinx_s3 behavioral /home/l2/ferlicotdelbe/tp/ARCHI/tp7/S3.vhf sub00/vhpl54 1385376617
EN inc_muser_toplevel NULL /home/l2/ferlicotdelbe/tp/ARCHI/tp7/toplevel.vhf sub00/vhpl21 1385376584
AR m2_1e_mxilinx_toplevel behavioral /home/l2/ferlicotdelbe/tp/ARCHI/tp7/toplevel.vhf sub00/vhpl24 1385376587
EN clkdiv NULL /home/l2/ferlicotdelbe/tp/ARCHI/tp7/clkdiv.vhf sub00/vhpl79 1385376642
EN clkdiv_muser_s3 NULL /home/l2/ferlicotdelbe/tp/ARCHI/tp7/S3.vhf sub00/vhpl63 1385376626
EN inc_muser_s3 NULL /home/l2/ferlicotdelbe/tp/ARCHI/tp7/S3.vhf sub00/vhpl51 1385376614
EN m4_1e_mxilinx_s3 NULL /home/l2/ferlicotdelbe/tp/ARCHI/tp7/S3.vhf sub00/vhpl55 1385376618
EN clkdiv_muser_toplevel NULL /home/l2/ferlicotdelbe/tp/ARCHI/tp7/toplevel.vhf sub00/vhpl33 1385376596
EN connecteur_muser_s3 NULL /home/l2/ferlicotdelbe/tp/ARCHI/tp7/S3.vhf sub00/vhpl41 1385376604
AR mux4x4 behavioral /home/l2/ferlicotdelbe/tp/ARCHI/tp7/mux4x4.vhf sub01/vhpl100 1385376663
EN compteur4_muser_s3 NULL /home/l2/ferlicotdelbe/tp/ARCHI/tp7/S3.vhf sub00/vhpl59 1385376622
AR m4_1e_mxilinx_s3 behavioral /home/l2/ferlicotdelbe/tp/ARCHI/tp7/S3.vhf sub00/vhpl56 1385376619
AR add16_mxilinx_s3 behavioral /home/l2/ferlicotdelbe/tp/ARCHI/tp7/S3.vhf sub00/vhpl50 1385376613
AR fsm2 behavioral /home/l2/ferlicotdelbe/tp/ARCHI/tp7/fsm2.vhd sub00/vhpl06 1385376569
AR m4_1e_mxilinx_mux4x4 behavioral /home/l2/ferlicotdelbe/tp/ARCHI/tp7/mux4x4.vhf sub00/vhpl98 1385376661
EN m2_1_mxilinx_toplevel NULL /home/l2/ferlicotdelbe/tp/ARCHI/tp7/toplevel.vhf sub00/vhpl15 1385376578
EN m2_1e_mxilinx_s3 NULL /home/l2/ferlicotdelbe/tp/ARCHI/tp7/S3.vhf sub00/vhpl53 1385376616
EN m2_1e_mxilinx_toplevel NULL /home/l2/ferlicotdelbe/tp/ARCHI/tp7/toplevel.vhf sub00/vhpl23 1385376586
EN m2_1_mxilinx_mux2x16 NULL /home/l2/ferlicotdelbe/tp/ARCHI/tp7/mux2x16.vhf sub00/vhpl89 1385376652
EN toplevel NULL /home/l2/ferlicotdelbe/tp/ARCHI/tp7/toplevel.vhf sub00/vhpl39 1385376602
EN add16_mxilinx_inc NULL /home/l2/ferlicotdelbe/tp/ARCHI/tp7/inc.vhf sub00/vhpl85 1385376648
AR add16_mxilinx_toplevel behavioral /home/l2/ferlicotdelbe/tp/ARCHI/tp7/toplevel.vhf sub00/vhpl20 1385376583
EN obuf8_mxilinx_toplevel NULL /home/l2/ferlicotdelbe/tp/ARCHI/tp7/toplevel.vhf sub00/vhpl09 1385376572
AR add16_mxilinx_inc behavioral /home/l2/ferlicotdelbe/tp/ARCHI/tp7/inc.vhf sub00/vhpl86 1385376649
EN m2_1e_mxilinx_afficheur16 NULL /home/l2/ferlicotdelbe/tp/ARCHI/tp7/afficheur16.vhf sub00/vhpl69 1385376632
AR mux2x16_muser_s3 behavioral /home/l2/ferlicotdelbe/tp/ARCHI/tp7/S3.vhf sub00/vhpl48 1385376611
AR s3 behavioral /home/l2/ferlicotdelbe/tp/ARCHI/tp7/S3.vhf sub00/vhpl68 1385376631
AR mux4x4_muser_s3 behavioral /home/l2/ferlicotdelbe/tp/ARCHI/tp7/S3.vhf sub00/vhpl58 1385376621
EN m4_1e_mxilinx_mux4x4 NULL /home/l2/ferlicotdelbe/tp/ARCHI/tp7/mux4x4.vhf sub00/vhpl97 1385376660
AR m4_1e_mxilinx_toplevel behavioral /home/l2/ferlicotdelbe/tp/ARCHI/tp7/toplevel.vhf sub00/vhpl26 1385376589
AR inc behavioral /home/l2/ferlicotdelbe/tp/ARCHI/tp7/inc.vhf sub00/vhpl88 1385376651
AR connecteur_muser_connect16 behavioral /home/l2/ferlicotdelbe/tp/ARCHI/tp7/connect16.vhf sub00/vhpl82 1385376645
EN mux4x4 NULL /home/l2/ferlicotdelbe/tp/ARCHI/tp7/mux4x4.vhf sub00/vhpl99 1385376662
AR clkdiv behavioral /home/l2/ferlicotdelbe/tp/ARCHI/tp7/clkdiv.vhf sub00/vhpl80 1385376643
EN afficheur16_muser_toplevel NULL /home/l2/ferlicotdelbe/tp/ARCHI/tp7/toplevel.vhf sub00/vhpl31 1385376594
AR m4_1e_mxilinx_afficheur16 behavioral /home/l2/ferlicotdelbe/tp/ARCHI/tp7/afficheur16.vhf sub00/vhpl72 1385376635
AR ibuf8_mxilinx_toplevel behavioral /home/l2/ferlicotdelbe/tp/ARCHI/tp7/toplevel.vhf sub00/vhpl08 1385376571
EN connecteur_muser_connect16 NULL /home/l2/ferlicotdelbe/tp/ARCHI/tp7/connect16.vhf sub00/vhpl81 1385376644
EN connect16 NULL /home/l2/ferlicotdelbe/tp/ARCHI/tp7/connect16.vhf sub00/vhpl83 1385376646
AR afficheur16_muser_s3 behavioral /home/l2/ferlicotdelbe/tp/ARCHI/tp7/S3.vhf sub00/vhpl62 1385376625
AR mux4x4_muser_toplevel behavioral /home/l2/ferlicotdelbe/tp/ARCHI/tp7/toplevel.vhf sub00/vhpl28 1385376591
EN m2_1e_mxilinx_mux4x4 NULL /home/l2/ferlicotdelbe/tp/ARCHI/tp7/mux4x4.vhf sub00/vhpl95 1385376658
AR inc_muser_s3 behavioral /home/l2/ferlicotdelbe/tp/ARCHI/tp7/S3.vhf sub00/vhpl52 1385376615
AR afficheur16_muser_toplevel behavioral /home/l2/ferlicotdelbe/tp/ARCHI/tp7/toplevel.vhf sub00/vhpl32 1385376595
EN afficheur16_muser_s3 NULL /home/l2/ferlicotdelbe/tp/ARCHI/tp7/S3.vhf sub00/vhpl61 1385376624
EN fsm NULL /home/l2/ferlicotdelbe/tp/ARCHI/tp7/fsm.vhd sub00/vhpl00 1385375587
EN connect16_muser_s3 NULL /home/l2/ferlicotdelbe/tp/ARCHI/tp7/S3.vhf sub00/vhpl43 1385376606
AR m2_1_mxilinx_s3 behavioral /home/l2/ferlicotdelbe/tp/ARCHI/tp7/S3.vhf sub00/vhpl46 1385376609
EN compteur4 NULL /home/l2/ferlicotdelbe/tp/ARCHI/tp7/compteur4.vhf sub00/vhpl93 1385376656
AR inc_muser_toplevel behavioral /home/l2/ferlicotdelbe/tp/ARCHI/tp7/toplevel.vhf sub00/vhpl22 1385376585
AR s3_muser_toplevel behavioral /home/l2/ferlicotdelbe/tp/ARCHI/tp7/toplevel.vhf sub00/vhpl38 1385376601
EN m4_1e_mxilinx_afficheur16 NULL /home/l2/ferlicotdelbe/tp/ARCHI/tp7/afficheur16.vhf sub00/vhpl71 1385376634
EN compteur4_muser_afficheur16 NULL /home/l2/ferlicotdelbe/tp/ARCHI/tp7/afficheur16.vhf sub00/vhpl75 1385376638
AR connect16_muser_toplevel behavioral /home/l2/ferlicotdelbe/tp/ARCHI/tp7/toplevel.vhf sub00/vhpl14 1385376577
AR compteur4_muser_afficheur16 behavioral /home/l2/ferlicotdelbe/tp/ARCHI/tp7/afficheur16.vhf sub00/vhpl76 1385376639
EN mux4x4_muser_s3 NULL /home/l2/ferlicotdelbe/tp/ARCHI/tp7/S3.vhf sub00/vhpl57 1385376620
AR m2_1e_mxilinx_afficheur16 behavioral /home/l2/ferlicotdelbe/tp/ARCHI/tp7/afficheur16.vhf sub00/vhpl70 1385376633
EN mux4x4_muser_toplevel NULL /home/l2/ferlicotdelbe/tp/ARCHI/tp7/toplevel.vhf sub00/vhpl27 1385376590
AR afficheur16 behavioral /home/l2/ferlicotdelbe/tp/ARCHI/tp7/afficheur16.vhf sub00/vhpl78 1385376641
AR connect16_muser_s3 behavioral /home/l2/ferlicotdelbe/tp/ARCHI/tp7/S3.vhf sub00/vhpl44 1385376607
AR mux4x4_muser_afficheur16 behavioral /home/l2/ferlicotdelbe/tp/ARCHI/tp7/afficheur16.vhf sub00/vhpl74 1385376637
EN inc NULL /home/l2/ferlicotdelbe/tp/ARCHI/tp7/inc.vhf sub00/vhpl87 1385376650
AR clkdiv_muser_toplevel behavioral /home/l2/ferlicotdelbe/tp/ARCHI/tp7/toplevel.vhf sub00/vhpl34 1385376597
AR compteur4 behavioral /home/l2/ferlicotdelbe/tp/ARCHI/tp7/compteur4.vhf sub00/vhpl94 1385376657
AR obuf8_mxilinx_toplevel behavioral /home/l2/ferlicotdelbe/tp/ARCHI/tp7/toplevel.vhf sub00/vhpl10 1385376573
AR mux2x16 behavioral /home/l2/ferlicotdelbe/tp/ARCHI/tp7/mux2x16.vhf sub00/vhpl92 1385376655
EN mux2x16 NULL /home/l2/ferlicotdelbe/tp/ARCHI/tp7/mux2x16.vhf sub00/vhpl91 1385376654
