V3 176
FL /home/l2/ferlicotdelbe/tp/ARCHI/tp7/afficheur16.vhf 2013/11/25.11:45:01 M.81d
EN work/M2_1E_MXILINX_afficheur16 1385376632 \
      FL /home/l2/ferlicotdelbe/tp/ARCHI/tp7/afficheur16.vhf \
      PB ieee/std_logic_1164 1290154108 PB ieee/NUMERIC_STD 1290154109 LB UNISIM \
      PH unisim/VCOMPONENTS 1290154108
AR work/M2_1E_MXILINX_afficheur16/BEHAVIORAL 1385376633 \
      FL /home/l2/ferlicotdelbe/tp/ARCHI/tp7/afficheur16.vhf \
      EN work/M2_1E_MXILINX_afficheur16 1385376632 CP AND3 CP AND3B1 CP OR2
EN work/M4_1E_MXILINX_afficheur16 1385376634 \
      FL /home/l2/ferlicotdelbe/tp/ARCHI/tp7/afficheur16.vhf \
      PB ieee/std_logic_1164 1290154108 PB ieee/NUMERIC_STD 1290154109 LB UNISIM \
      PH unisim/VCOMPONENTS 1290154108
AR work/M4_1E_MXILINX_afficheur16/BEHAVIORAL 1385376635 \
      FL /home/l2/ferlicotdelbe/tp/ARCHI/tp7/afficheur16.vhf \
      EN work/M4_1E_MXILINX_afficheur16 1385376634 CP M2_1E_MXILINX_afficheur16 \
      CP MUXF5
EN work/mux4x4_MUSER_afficheur16 1385376636 \
      FL /home/l2/ferlicotdelbe/tp/ARCHI/tp7/afficheur16.vhf \
      PB ieee/std_logic_1164 1290154108 PB ieee/NUMERIC_STD 1290154109 LB UNISIM \
      PH unisim/VCOMPONENTS 1290154108
AR work/mux4x4_MUSER_afficheur16/BEHAVIORAL 1385376637 \
      FL /home/l2/ferlicotdelbe/tp/ARCHI/tp7/afficheur16.vhf \
      EN work/mux4x4_MUSER_afficheur16 1385376636 CP M4_1E_MXILINX_afficheur16 \
      CP VCC
EN work/compteur4_MUSER_afficheur16 1385376638 \
      FL /home/l2/ferlicotdelbe/tp/ARCHI/tp7/afficheur16.vhf \
      PB ieee/std_logic_1164 1290154108 PB ieee/NUMERIC_STD 1290154109 LB UNISIM \
      PH unisim/VCOMPONENTS 1290154108
AR work/compteur4_MUSER_afficheur16/BEHAVIORAL 1385376639 \
      FL /home/l2/ferlicotdelbe/tp/ARCHI/tp7/afficheur16.vhf \
      EN work/compteur4_MUSER_afficheur16 1385376638 CP FD CP INV
EN work/afficheur16 1385376640 \
      FL /home/l2/ferlicotdelbe/tp/ARCHI/tp7/afficheur16.vhf \
      PB ieee/std_logic_1164 1290154108 PB ieee/NUMERIC_STD 1290154109 LB UNISIM \
      PH unisim/VCOMPONENTS 1290154108
AR work/afficheur16/BEHAVIORAL 1385376641 \
      FL /home/l2/ferlicotdelbe/tp/ARCHI/tp7/afficheur16.vhf EN work/afficheur16 1385376640 \
      CP mux4x4_MUSER_afficheur16 CP compteur4_MUSER_afficheur16 CP x7seg
FL /home/l2/ferlicotdelbe/tp/ARCHI/tp7/clkdiv.vhf 2013/11/25.11:44:54 M.81d
EN work/clkdiv 1385376642 FL /home/l2/ferlicotdelbe/tp/ARCHI/tp7/clkdiv.vhf \
      PB ieee/std_logic_1164 1290154108 PB ieee/NUMERIC_STD 1290154109 LB UNISIM \
      PH unisim/VCOMPONENTS 1290154108
AR work/clkdiv/BEHAVIORAL 1385376643 \
      FL /home/l2/ferlicotdelbe/tp/ARCHI/tp7/clkdiv.vhf EN work/clkdiv 1385376642 \
      CP FD CP INV
FL /home/l2/ferlicotdelbe/tp/ARCHI/tp7/compteur4.vhf 2013/11/25.11:44:54 M.81d
EN work/compteur4 1385376656 FL /home/l2/ferlicotdelbe/tp/ARCHI/tp7/compteur4.vhf \
      PB ieee/std_logic_1164 1290154108 PB ieee/NUMERIC_STD 1290154109 LB UNISIM \
      PH unisim/VCOMPONENTS 1290154108
AR work/compteur4/BEHAVIORAL 1385376657 \
      FL /home/l2/ferlicotdelbe/tp/ARCHI/tp7/compteur4.vhf EN work/compteur4 1385376656 \
      CP FD CP INV
FL /home/l2/ferlicotdelbe/tp/ARCHI/tp7/connect16.vhf 2013/11/25.11:44:54 M.81d
EN work/connecteur_MUSER_connect16 1385376644 \
      FL /home/l2/ferlicotdelbe/tp/ARCHI/tp7/connect16.vhf PB ieee/std_logic_1164 1290154108 \
      PB ieee/NUMERIC_STD 1290154109 LB UNISIM PH unisim/VCOMPONENTS 1290154108
AR work/connecteur_MUSER_connect16/BEHAVIORAL 1385376645 \
      FL /home/l2/ferlicotdelbe/tp/ARCHI/tp7/connect16.vhf \
      EN work/connecteur_MUSER_connect16 1385376644 CP AND2 CP OR2
EN work/connect16 1385376646 \
      FL /home/l2/ferlicotdelbe/tp/ARCHI/tp7/connect16.vhf PB ieee/std_logic_1164 1290154108 \
      PB ieee/NUMERIC_STD 1290154109 LB UNISIM PH unisim/VCOMPONENTS 1290154108
AR work/connect16/BEHAVIORAL 1385376647 \
      FL /home/l2/ferlicotdelbe/tp/ARCHI/tp7/connect16.vhf EN work/connect16 1385376646 \
      CP connecteur_MUSER_connect16
FL /home/l2/ferlicotdelbe/tp/ARCHI/tp7/fsm.vhd 2013/11/25.11:38:19 M.81d
EN work/fsm 0 FL /home/l2/ferlicotdelbe/tp/ARCHI/tp7/fsm.vhd \
      PB ieee/std_logic_1164 1290154108
AR work/fsm/Behavioral 0 \
      FL /home/l2/ferlicotdelbe/tp/ARCHI/tp7/fsm.vhd EN work/fsm 0
FL /home/l2/ferlicotdelbe/tp/ARCHI/tp7/fsm2.vhd 2013/11/25.11:48:28 M.81d
EN work/fsm2 1385376568 FL /home/l2/ferlicotdelbe/tp/ARCHI/tp7/fsm2.vhd \
      PB ieee/std_logic_1164 1290154108
AR work/fsm2/Behavioral 1385376569 \
      FL /home/l2/ferlicotdelbe/tp/ARCHI/tp7/fsm2.vhd EN work/fsm2 1385376568
FL /home/l2/ferlicotdelbe/tp/ARCHI/tp7/inc.vhf 2013/11/25.11:45:01 M.81d
EN work/ADD16_MXILINX_inc 1385376648 \
      FL /home/l2/ferlicotdelbe/tp/ARCHI/tp7/inc.vhf PB ieee/std_logic_1164 1290154108 \
      PB ieee/NUMERIC_STD 1290154109 LB UNISIM PH unisim/VCOMPONENTS 1290154108
AR work/ADD16_MXILINX_inc/BEHAVIORAL 1385376649 \
      FL /home/l2/ferlicotdelbe/tp/ARCHI/tp7/inc.vhf EN work/ADD16_MXILINX_inc 1385376648 \
      CP FMAP CP MUXCY_L CP MUXCY CP XORCY CP MUXCY_D CP XOR2
EN work/inc 1385376650 \
      FL /home/l2/ferlicotdelbe/tp/ARCHI/tp7/inc.vhf PB ieee/std_logic_1164 1290154108 \
      PB ieee/NUMERIC_STD 1290154109 LB UNISIM PH unisim/VCOMPONENTS 1290154108
AR work/inc/BEHAVIORAL 1385376651 \
      FL /home/l2/ferlicotdelbe/tp/ARCHI/tp7/inc.vhf EN work/inc 1385376650 \
      CP ADD16_MXILINX_inc CP VCC
FL /home/l2/ferlicotdelbe/tp/ARCHI/tp7/ipcore_dir/insmem.vhd 2013/11/25.11:18:38 M.81d
EN work/insmem 1385376566 \
      FL /home/l2/ferlicotdelbe/tp/ARCHI/tp7/ipcore_dir/insmem.vhd \
      PB ieee/std_logic_1164 1290154108
AR work/insmem/insmem_a 1385376567 \
      FL /home/l2/ferlicotdelbe/tp/ARCHI/tp7/ipcore_dir/insmem.vhd EN work/insmem 1385376566
FL /home/l2/ferlicotdelbe/tp/ARCHI/tp7/mux2x16.vhf 2013/11/25.11:45:01 M.81d
EN work/M2_1_MXILINX_mux2x16 1385376652 \
      FL /home/l2/ferlicotdelbe/tp/ARCHI/tp7/mux2x16.vhf PB ieee/std_logic_1164 1290154108 \
      PB ieee/NUMERIC_STD 1290154109 LB UNISIM PH unisim/VCOMPONENTS 1290154108
AR work/M2_1_MXILINX_mux2x16/BEHAVIORAL 1385376653 \
      FL /home/l2/ferlicotdelbe/tp/ARCHI/tp7/mux2x16.vhf \
      EN work/M2_1_MXILINX_mux2x16 1385376652 CP AND2B1 CP OR2 CP AND2
EN work/mux2x16 1385376654 \
      FL /home/l2/ferlicotdelbe/tp/ARCHI/tp7/mux2x16.vhf PB ieee/std_logic_1164 1290154108 \
      PB ieee/NUMERIC_STD 1290154109 LB UNISIM PH unisim/VCOMPONENTS 1290154108
AR work/mux2x16/BEHAVIORAL 1385376655 \
      FL /home/l2/ferlicotdelbe/tp/ARCHI/tp7/mux2x16.vhf EN work/mux2x16 1385376654 \
      CP M2_1_MXILINX_mux2x16
FL /home/l2/ferlicotdelbe/tp/ARCHI/tp7/mux4x4.vhf 2013/11/25.11:45:01 M.81d
EN work/M2_1E_MXILINX_mux4x4 1385376658 \
      FL /home/l2/ferlicotdelbe/tp/ARCHI/tp7/mux4x4.vhf PB ieee/std_logic_1164 1290154108 \
      PB ieee/NUMERIC_STD 1290154109 LB UNISIM PH unisim/VCOMPONENTS 1290154108
AR work/M2_1E_MXILINX_mux4x4/BEHAVIORAL 1385376659 \
      FL /home/l2/ferlicotdelbe/tp/ARCHI/tp7/mux4x4.vhf \
      EN work/M2_1E_MXILINX_mux4x4 1385376658 CP AND3 CP AND3B1 CP OR2
EN work/M4_1E_MXILINX_mux4x4 1385376660 \
      FL /home/l2/ferlicotdelbe/tp/ARCHI/tp7/mux4x4.vhf PB ieee/std_logic_1164 1290154108 \
      PB ieee/NUMERIC_STD 1290154109 LB UNISIM PH unisim/VCOMPONENTS 1290154108
AR work/M4_1E_MXILINX_mux4x4/BEHAVIORAL 1385376661 \
      FL /home/l2/ferlicotdelbe/tp/ARCHI/tp7/mux4x4.vhf \
      EN work/M4_1E_MXILINX_mux4x4 1385376660 CP M2_1E_MXILINX_mux4x4 CP MUXF5
EN work/mux4x4 1385376662 \
      FL /home/l2/ferlicotdelbe/tp/ARCHI/tp7/mux4x4.vhf PB ieee/std_logic_1164 1290154108 \
      PB ieee/NUMERIC_STD 1290154109 LB UNISIM PH unisim/VCOMPONENTS 1290154108
AR work/mux4x4/BEHAVIORAL 1385376663 \
      FL /home/l2/ferlicotdelbe/tp/ARCHI/tp7/mux4x4.vhf EN work/mux4x4 1385376662 \
      CP M4_1E_MXILINX_mux4x4 CP VCC
FL /home/l2/ferlicotdelbe/tp/ARCHI/tp7/S3.vhf 2013/11/25.11:44:57 M.81d
EN work/connecteur_MUSER_S3 1385376604 \
      FL /home/l2/ferlicotdelbe/tp/ARCHI/tp7/S3.vhf PB ieee/std_logic_1164 1290154108 \
      PB ieee/NUMERIC_STD 1290154109 LB UNISIM PH unisim/VCOMPONENTS 1290154108
AR work/connecteur_MUSER_S3/BEHAVIORAL 1385376605 \
      FL /home/l2/ferlicotdelbe/tp/ARCHI/tp7/S3.vhf EN work/connecteur_MUSER_S3 1385376604 \
      CP AND2 CP OR2
EN work/connect16_MUSER_S3 1385376606 \
      FL /home/l2/ferlicotdelbe/tp/ARCHI/tp7/S3.vhf PB ieee/std_logic_1164 1290154108 \
      PB ieee/NUMERIC_STD 1290154109 LB UNISIM PH unisim/VCOMPONENTS 1290154108
AR work/connect16_MUSER_S3/BEHAVIORAL 1385376607 \
      FL /home/l2/ferlicotdelbe/tp/ARCHI/tp7/S3.vhf EN work/connect16_MUSER_S3 1385376606 \
      CP connecteur_MUSER_S3
EN work/M2_1_MXILINX_S3 1385376608 \
      FL /home/l2/ferlicotdelbe/tp/ARCHI/tp7/S3.vhf PB ieee/std_logic_1164 1290154108 \
      PB ieee/NUMERIC_STD 1290154109 LB UNISIM PH unisim/VCOMPONENTS 1290154108
AR work/M2_1_MXILINX_S3/BEHAVIORAL 1385376609 \
      FL /home/l2/ferlicotdelbe/tp/ARCHI/tp7/S3.vhf EN work/M2_1_MXILINX_S3 1385376608 \
      CP AND2B1 CP OR2 CP AND2
EN work/mux2x16_MUSER_S3 1385376610 \
      FL /home/l2/ferlicotdelbe/tp/ARCHI/tp7/S3.vhf PB ieee/std_logic_1164 1290154108 \
      PB ieee/NUMERIC_STD 1290154109 LB UNISIM PH unisim/VCOMPONENTS 1290154108
AR work/mux2x16_MUSER_S3/BEHAVIORAL 1385376611 \
      FL /home/l2/ferlicotdelbe/tp/ARCHI/tp7/S3.vhf EN work/mux2x16_MUSER_S3 1385376610 \
      CP M2_1_MXILINX_S3
EN work/ADD16_MXILINX_S3 1385376612 \
      FL /home/l2/ferlicotdelbe/tp/ARCHI/tp7/S3.vhf PB ieee/std_logic_1164 1290154108 \
      PB ieee/NUMERIC_STD 1290154109 LB UNISIM PH unisim/VCOMPONENTS 1290154108
AR work/ADD16_MXILINX_S3/BEHAVIORAL 1385376613 \
      FL /home/l2/ferlicotdelbe/tp/ARCHI/tp7/S3.vhf EN work/ADD16_MXILINX_S3 1385376612 \
      CP FMAP CP MUXCY_L CP MUXCY CP XORCY CP MUXCY_D CP XOR2
EN work/inc_MUSER_S3 1385376614 \
      FL /home/l2/ferlicotdelbe/tp/ARCHI/tp7/S3.vhf PB ieee/std_logic_1164 1290154108 \
      PB ieee/NUMERIC_STD 1290154109 LB UNISIM PH unisim/VCOMPONENTS 1290154108
AR work/inc_MUSER_S3/BEHAVIORAL 1385376615 \
      FL /home/l2/ferlicotdelbe/tp/ARCHI/tp7/S3.vhf EN work/inc_MUSER_S3 1385376614 \
      CP ADD16_MXILINX_S3 CP VCC
EN work/M2_1E_MXILINX_S3 1385376616 \
      FL /home/l2/ferlicotdelbe/tp/ARCHI/tp7/S3.vhf PB ieee/std_logic_1164 1290154108 \
      PB ieee/NUMERIC_STD 1290154109 LB UNISIM PH unisim/VCOMPONENTS 1290154108
AR work/M2_1E_MXILINX_S3/BEHAVIORAL 1385376617 \
      FL /home/l2/ferlicotdelbe/tp/ARCHI/tp7/S3.vhf EN work/M2_1E_MXILINX_S3 1385376616 \
      CP AND3 CP AND3B1 CP OR2
EN work/M4_1E_MXILINX_S3 1385376618 \
      FL /home/l2/ferlicotdelbe/tp/ARCHI/tp7/S3.vhf PB ieee/std_logic_1164 1290154108 \
      PB ieee/NUMERIC_STD 1290154109 LB UNISIM PH unisim/VCOMPONENTS 1290154108
AR work/M4_1E_MXILINX_S3/BEHAVIORAL 1385376619 \
      FL /home/l2/ferlicotdelbe/tp/ARCHI/tp7/S3.vhf EN work/M4_1E_MXILINX_S3 1385376618 \
      CP M2_1E_MXILINX_S3 CP MUXF5
EN work/mux4x4_MUSER_S3 1385376620 \
      FL /home/l2/ferlicotdelbe/tp/ARCHI/tp7/S3.vhf PB ieee/std_logic_1164 1290154108 \
      PB ieee/NUMERIC_STD 1290154109 LB UNISIM PH unisim/VCOMPONENTS 1290154108
AR work/mux4x4_MUSER_S3/BEHAVIORAL 1385376621 \
      FL /home/l2/ferlicotdelbe/tp/ARCHI/tp7/S3.vhf EN work/mux4x4_MUSER_S3 1385376620 \
      CP M4_1E_MXILINX_S3 CP VCC
EN work/compteur4_MUSER_S3 1385376622 \
      FL /home/l2/ferlicotdelbe/tp/ARCHI/tp7/S3.vhf PB ieee/std_logic_1164 1290154108 \
      PB ieee/NUMERIC_STD 1290154109 LB UNISIM PH unisim/VCOMPONENTS 1290154108
AR work/compteur4_MUSER_S3/BEHAVIORAL 1385376623 \
      FL /home/l2/ferlicotdelbe/tp/ARCHI/tp7/S3.vhf EN work/compteur4_MUSER_S3 1385376622 \
      CP FD CP INV
EN work/afficheur16_MUSER_S3 1385376624 \
      FL /home/l2/ferlicotdelbe/tp/ARCHI/tp7/S3.vhf PB ieee/std_logic_1164 1290154108 \
      PB ieee/NUMERIC_STD 1290154109 LB UNISIM PH unisim/VCOMPONENTS 1290154108
AR work/afficheur16_MUSER_S3/BEHAVIORAL 1385376625 \
      FL /home/l2/ferlicotdelbe/tp/ARCHI/tp7/S3.vhf EN work/afficheur16_MUSER_S3 1385376624 \
      CP mux4x4_MUSER_S3 CP compteur4_MUSER_S3 CP x7seg
EN work/clkdiv_MUSER_S3 1385376626 \
      FL /home/l2/ferlicotdelbe/tp/ARCHI/tp7/S3.vhf PB ieee/std_logic_1164 1290154108 \
      PB ieee/NUMERIC_STD 1290154109 LB UNISIM PH unisim/VCOMPONENTS 1290154108
AR work/clkdiv_MUSER_S3/BEHAVIORAL 1385376627 \
      FL /home/l2/ferlicotdelbe/tp/ARCHI/tp7/S3.vhf EN work/clkdiv_MUSER_S3 1385376626 \
      CP FD CP INV
EN work/FD16CE_MXILINX_S3 1385376628 \
      FL /home/l2/ferlicotdelbe/tp/ARCHI/tp7/S3.vhf PB ieee/std_logic_1164 1290154108 \
      PB ieee/NUMERIC_STD 1290154109 LB UNISIM PH unisim/VCOMPONENTS 1290154108
AR work/FD16CE_MXILINX_S3/BEHAVIORAL 1385376629 \
      FL /home/l2/ferlicotdelbe/tp/ARCHI/tp7/S3.vhf EN work/FD16CE_MXILINX_S3 1385376628 \
      CP FDCE
EN work/S3 1385376630 FL /home/l2/ferlicotdelbe/tp/ARCHI/tp7/S3.vhf \
      PB ieee/std_logic_1164 1290154108 PB ieee/NUMERIC_STD 1290154109 LB UNISIM \
      PH unisim/VCOMPONENTS 1290154108
AR work/S3/BEHAVIORAL 1385376631 \
      FL /home/l2/ferlicotdelbe/tp/ARCHI/tp7/S3.vhf EN work/S3 1385376630 \
      CP FD16CE_MXILINX_S3 CP connect16_MUSER_S3 CP inc_MUSER_S3 \
      CP mux2x16_MUSER_S3 CP GND CP clkdiv_MUSER_S3 CP afficheur16_MUSER_S3 CP OR2 \
      CP insmem CP fsm2
FL /home/l2/ferlicotdelbe/tp/ARCHI/tp7/toplevel.vhf 2013/11/25.11:45:01 M.81d
EN work/IBUF8_MXILINX_toplevel 1385376570 \
      FL /home/l2/ferlicotdelbe/tp/ARCHI/tp7/toplevel.vhf PB ieee/std_logic_1164 1290154108 \
      PB ieee/NUMERIC_STD 1290154109 LB UNISIM PH unisim/VCOMPONENTS 1290154108
AR work/IBUF8_MXILINX_toplevel/BEHAVIORAL 1385376571 \
      FL /home/l2/ferlicotdelbe/tp/ARCHI/tp7/toplevel.vhf \
      EN work/IBUF8_MXILINX_toplevel 1385376570 CP IBUF
EN work/OBUF8_MXILINX_toplevel 1385376572 \
      FL /home/l2/ferlicotdelbe/tp/ARCHI/tp7/toplevel.vhf PB ieee/std_logic_1164 1290154108 \
      PB ieee/NUMERIC_STD 1290154109 LB UNISIM PH unisim/VCOMPONENTS 1290154108
AR work/OBUF8_MXILINX_toplevel/BEHAVIORAL 1385376573 \
      FL /home/l2/ferlicotdelbe/tp/ARCHI/tp7/toplevel.vhf \
      EN work/OBUF8_MXILINX_toplevel 1385376572 CP OBUF
EN work/connecteur_MUSER_toplevel 1385376574 \
      FL /home/l2/ferlicotdelbe/tp/ARCHI/tp7/toplevel.vhf PB ieee/std_logic_1164 1290154108 \
      PB ieee/NUMERIC_STD 1290154109 LB UNISIM PH unisim/VCOMPONENTS 1290154108
AR work/connecteur_MUSER_toplevel/BEHAVIORAL 1385376575 \
      FL /home/l2/ferlicotdelbe/tp/ARCHI/tp7/toplevel.vhf \
      EN work/connecteur_MUSER_toplevel 1385376574 CP AND2 CP OR2
EN work/connect16_MUSER_toplevel 1385376576 \
      FL /home/l2/ferlicotdelbe/tp/ARCHI/tp7/toplevel.vhf PB ieee/std_logic_1164 1290154108 \
      PB ieee/NUMERIC_STD 1290154109 LB UNISIM PH unisim/VCOMPONENTS 1290154108
AR work/connect16_MUSER_toplevel/BEHAVIORAL 1385376577 \
      FL /home/l2/ferlicotdelbe/tp/ARCHI/tp7/toplevel.vhf \
      EN work/connect16_MUSER_toplevel 1385376576 CP connecteur_MUSER_toplevel
EN work/M2_1_MXILINX_toplevel 1385376578 \
      FL /home/l2/ferlicotdelbe/tp/ARCHI/tp7/toplevel.vhf PB ieee/std_logic_1164 1290154108 \
      PB ieee/NUMERIC_STD 1290154109 LB UNISIM PH unisim/VCOMPONENTS 1290154108
AR work/M2_1_MXILINX_toplevel/BEHAVIORAL 1385376579 \
      FL /home/l2/ferlicotdelbe/tp/ARCHI/tp7/toplevel.vhf \
      EN work/M2_1_MXILINX_toplevel 1385376578 CP AND2B1 CP OR2 CP AND2
EN work/mux2x16_MUSER_toplevel 1385376580 \
      FL /home/l2/ferlicotdelbe/tp/ARCHI/tp7/toplevel.vhf PB ieee/std_logic_1164 1290154108 \
      PB ieee/NUMERIC_STD 1290154109 LB UNISIM PH unisim/VCOMPONENTS 1290154108
AR work/mux2x16_MUSER_toplevel/BEHAVIORAL 1385376581 \
      FL /home/l2/ferlicotdelbe/tp/ARCHI/tp7/toplevel.vhf \
      EN work/mux2x16_MUSER_toplevel 1385376580 CP M2_1_MXILINX_toplevel
EN work/ADD16_MXILINX_toplevel 1385376582 \
      FL /home/l2/ferlicotdelbe/tp/ARCHI/tp7/toplevel.vhf PB ieee/std_logic_1164 1290154108 \
      PB ieee/NUMERIC_STD 1290154109 LB UNISIM PH unisim/VCOMPONENTS 1290154108
AR work/ADD16_MXILINX_toplevel/BEHAVIORAL 1385376583 \
      FL /home/l2/ferlicotdelbe/tp/ARCHI/tp7/toplevel.vhf \
      EN work/ADD16_MXILINX_toplevel 1385376582 CP FMAP CP MUXCY_L CP MUXCY CP XORCY \
      CP MUXCY_D CP XOR2
EN work/inc_MUSER_toplevel 1385376584 \
      FL /home/l2/ferlicotdelbe/tp/ARCHI/tp7/toplevel.vhf PB ieee/std_logic_1164 1290154108 \
      PB ieee/NUMERIC_STD 1290154109 LB UNISIM PH unisim/VCOMPONENTS 1290154108
AR work/inc_MUSER_toplevel/BEHAVIORAL 1385376585 \
      FL /home/l2/ferlicotdelbe/tp/ARCHI/tp7/toplevel.vhf \
      EN work/inc_MUSER_toplevel 1385376584 CP ADD16_MXILINX_toplevel CP VCC
EN work/M2_1E_MXILINX_toplevel 1385376586 \
      FL /home/l2/ferlicotdelbe/tp/ARCHI/tp7/toplevel.vhf PB ieee/std_logic_1164 1290154108 \
      PB ieee/NUMERIC_STD 1290154109 LB UNISIM PH unisim/VCOMPONENTS 1290154108
AR work/M2_1E_MXILINX_toplevel/BEHAVIORAL 1385376587 \
      FL /home/l2/ferlicotdelbe/tp/ARCHI/tp7/toplevel.vhf \
      EN work/M2_1E_MXILINX_toplevel 1385376586 CP AND3 CP AND3B1 CP OR2
EN work/M4_1E_MXILINX_toplevel 1385376588 \
      FL /home/l2/ferlicotdelbe/tp/ARCHI/tp7/toplevel.vhf PB ieee/std_logic_1164 1290154108 \
      PB ieee/NUMERIC_STD 1290154109 LB UNISIM PH unisim/VCOMPONENTS 1290154108
AR work/M4_1E_MXILINX_toplevel/BEHAVIORAL 1385376589 \
      FL /home/l2/ferlicotdelbe/tp/ARCHI/tp7/toplevel.vhf \
      EN work/M4_1E_MXILINX_toplevel 1385376588 CP M2_1E_MXILINX_toplevel CP MUXF5
EN work/mux4x4_MUSER_toplevel 1385376590 \
      FL /home/l2/ferlicotdelbe/tp/ARCHI/tp7/toplevel.vhf PB ieee/std_logic_1164 1290154108 \
      PB ieee/NUMERIC_STD 1290154109 LB UNISIM PH unisim/VCOMPONENTS 1290154108
AR work/mux4x4_MUSER_toplevel/BEHAVIORAL 1385376591 \
      FL /home/l2/ferlicotdelbe/tp/ARCHI/tp7/toplevel.vhf \
      EN work/mux4x4_MUSER_toplevel 1385376590 CP M4_1E_MXILINX_toplevel CP VCC
EN work/compteur4_MUSER_toplevel 1385376592 \
      FL /home/l2/ferlicotdelbe/tp/ARCHI/tp7/toplevel.vhf PB ieee/std_logic_1164 1290154108 \
      PB ieee/NUMERIC_STD 1290154109 LB UNISIM PH unisim/VCOMPONENTS 1290154108
AR work/compteur4_MUSER_toplevel/BEHAVIORAL 1385376593 \
      FL /home/l2/ferlicotdelbe/tp/ARCHI/tp7/toplevel.vhf \
      EN work/compteur4_MUSER_toplevel 1385376592 CP FD CP INV
EN work/afficheur16_MUSER_toplevel 1385376594 \
      FL /home/l2/ferlicotdelbe/tp/ARCHI/tp7/toplevel.vhf PB ieee/std_logic_1164 1290154108 \
      PB ieee/NUMERIC_STD 1290154109 LB UNISIM PH unisim/VCOMPONENTS 1290154108
AR work/afficheur16_MUSER_toplevel/BEHAVIORAL 1385376595 \
      FL /home/l2/ferlicotdelbe/tp/ARCHI/tp7/toplevel.vhf \
      EN work/afficheur16_MUSER_toplevel 1385376594 CP mux4x4_MUSER_toplevel \
      CP compteur4_MUSER_toplevel CP x7seg
EN work/clkdiv_MUSER_toplevel 1385376596 \
      FL /home/l2/ferlicotdelbe/tp/ARCHI/tp7/toplevel.vhf PB ieee/std_logic_1164 1290154108 \
      PB ieee/NUMERIC_STD 1290154109 LB UNISIM PH unisim/VCOMPONENTS 1290154108
AR work/clkdiv_MUSER_toplevel/BEHAVIORAL 1385376597 \
      FL /home/l2/ferlicotdelbe/tp/ARCHI/tp7/toplevel.vhf \
      EN work/clkdiv_MUSER_toplevel 1385376596 CP FD CP INV
EN work/FD16CE_MXILINX_toplevel 1385376598 \
      FL /home/l2/ferlicotdelbe/tp/ARCHI/tp7/toplevel.vhf PB ieee/std_logic_1164 1290154108 \
      PB ieee/NUMERIC_STD 1290154109 LB UNISIM PH unisim/VCOMPONENTS 1290154108
AR work/FD16CE_MXILINX_toplevel/BEHAVIORAL 1385376599 \
      FL /home/l2/ferlicotdelbe/tp/ARCHI/tp7/toplevel.vhf \
      EN work/FD16CE_MXILINX_toplevel 1385376598 CP FDCE
EN work/S3_MUSER_toplevel 1385376600 \
      FL /home/l2/ferlicotdelbe/tp/ARCHI/tp7/toplevel.vhf PB ieee/std_logic_1164 1290154108 \
      PB ieee/NUMERIC_STD 1290154109 LB UNISIM PH unisim/VCOMPONENTS 1290154108
AR work/S3_MUSER_toplevel/BEHAVIORAL 1385376601 \
      FL /home/l2/ferlicotdelbe/tp/ARCHI/tp7/toplevel.vhf \
      EN work/S3_MUSER_toplevel 1385376600 CP FD16CE_MXILINX_toplevel \
      CP connect16_MUSER_toplevel CP inc_MUSER_toplevel CP mux2x16_MUSER_toplevel \
      CP GND CP clkdiv_MUSER_toplevel CP afficheur16_MUSER_toplevel CP OR2 CP insmem \
      CP fsm2
EN work/toplevel 1385376602 \
      FL /home/l2/ferlicotdelbe/tp/ARCHI/tp7/toplevel.vhf PB ieee/std_logic_1164 1290154108 \
      PB ieee/NUMERIC_STD 1290154109 LB UNISIM PH unisim/VCOMPONENTS 1290154108
AR work/toplevel/BEHAVIORAL 1385376603 \
      FL /home/l2/ferlicotdelbe/tp/ARCHI/tp7/toplevel.vhf EN work/toplevel 1385376602 \
      CP S3_MUSER_toplevel CP OBUF8_MXILINX_toplevel CP IBUF8_MXILINX_toplevel
FL /home/l2/ferlicotdelbe/tp/ARCHI/tp7/x7seg.vhd 2013/11/18.10:25:55 M.81d
EN work/x7seg 1385376564 FL /home/l2/ferlicotdelbe/tp/ARCHI/tp7/x7seg.vhd \
      PB ieee/std_logic_1164 1290154108
AR work/x7seg/Behavioral 1385376565 \
      FL /home/l2/ferlicotdelbe/tp/ARCHI/tp7/x7seg.vhd EN work/x7seg 1385376564
