AR toplevel behavioral /home/l2/ferlicotdelbe/tp/ARCHI/tp5.2/toplevel.vhf sub00/vhpl07 1382348260
EN fsm4 NULL /home/l2/ferlicotdelbe/tp/ARCHI/tp5.2/fsm4.vhd sub00/vhpl02 1382348255
AR fsm4 behavioral /home/l2/ferlicotdelbe/tp/ARCHI/tp5.2/fsm4.vhd sub00/vhpl03 1382348256
EN clkdiv NULL /home/l2/ferlicotdelbe/tp/ARCHI/tp5.2/clkdiv.vhf sub00/vhpl08 1382348261
EN clkdiv_muser_toplevel NULL /home/l2/ferlicotdelbe/tp/ARCHI/tp5.2/toplevel.vhf sub00/vhpl04 1382348257
EN toplevel NULL /home/l2/ferlicotdelbe/tp/ARCHI/tp5.2/toplevel.vhf sub00/vhpl06 1382348259
AR clkdiv behavioral /home/l2/ferlicotdelbe/tp/ARCHI/tp5.2/clkdiv.vhf sub00/vhpl09 1382348262
EN fsm NULL /home/l2/ferlicotdelbe/tp/ARCHI/tp5.2/fsm2.vhd sub00/vhpl00 1382347531
AR fsm behavioral /home/l2/ferlicotdelbe/tp/ARCHI/tp5.2/fsm2.vhd sub00/vhpl01 1382347532
AR clkdiv_muser_toplevel behavioral /home/l2/ferlicotdelbe/tp/ARCHI/tp5.2/toplevel.vhf sub00/vhpl05 1382348258
