AR adsu16_mxilinx_s3 behavioral /home/l2/ferlicotdelbe/tp/ARCHI/TP09/S3.vhf sub00/vhpl67 1387188992
AR connecteur_muser_toplevel behavioral /home/l2/ferlicotdelbe/tp/ARCHI/TP09/toplevel.vhf sub00/vhpl30 1387188956
EN compteur4_muser_toplevel NULL /home/l2/ferlicotdelbe/tp/ARCHI/TP09/toplevel.vhf sub00/vhpl41 1387188967
AR x7seg behavioral /home/l2/ferlicotdelbe/tp/ARCHI/TP09/x7seg.vhd sub00/vhpl01 1387188926
EN alu_muser_toplevel NULL /home/l2/ferlicotdelbe/tp/ARCHI/TP09/toplevel.vhf sub00/vhpl26 1387188951
AR toplevel behavioral /home/l2/ferlicotdelbe/tp/ARCHI/TP09/toplevel.vhf sub00/vhpl50 1387188976
EN fd16ce_mxilinx_s3 NULL /home/l2/ferlicotdelbe/tp/ARCHI/TP09/S3.vhf sub00/vhpl87 1387189012
EN ibuf8_mxilinx_toplevel NULL /home/l2/ferlicotdelbe/tp/ARCHI/TP09/toplevel.vhf sub00/vhpl08 1387188933
EN andor_muser_toplevel NULL /home/l2/ferlicotdelbe/tp/ARCHI/TP09/toplevel.vhf sub00/vhpl10 1387188943
EN connecteur_muser_toplevel NULL /home/l2/ferlicotdelbe/tp/ARCHI/TP09/toplevel.vhf sub00/vhpl29 1387188955
EN m2_1_mxilinx_s3 NULL /home/l2/ferlicotdelbe/tp/ARCHI/TP09/S3.vhf sub00/vhpl62 1387188987
AR connecteur16_muser_toplevel behavioral /home/l2/ferlicotdelbe/tp/ARCHI/TP09/toplevel.vhf sub00/vhpl32 1387188958
AR connecteur_muser_s3 behavioral /home/l2/ferlicotdelbe/tp/ARCHI/TP09/S3.vhf sub00/vhpl72 1387188997
AR m2_1_mxilinx_toplevel behavioral /home/l2/ferlicotdelbe/tp/ARCHI/TP09/toplevel.vhf sub00/vhpl21 1387188946
EN connecteur16_muser_s3 NULL /home/l2/ferlicotdelbe/tp/ARCHI/TP09/S3.vhf sub00/vhpl73 1387188998
EN insmem NULL /home/l2/ferlicotdelbe/tp/ARCHI/TP09/ipcore_dir/insmem.vhd sub00/vhpl02 1387188927
EN mux2x16_muser_s3 NULL /home/l2/ferlicotdelbe/tp/ARCHI/TP09/S3.vhf sub00/vhpl64 1387188989
EN alu_muser_s3 NULL /home/l2/ferlicotdelbe/tp/ARCHI/TP09/S3.vhf sub00/vhpl68 1387188993
EN m4_1e_mxilinx_toplevel NULL /home/l2/ferlicotdelbe/tp/ARCHI/TP09/toplevel.vhf sub00/vhpl37 1387188963
AR compteur4_muser_toplevel behavioral /home/l2/ferlicotdelbe/tp/ARCHI/TP09/toplevel.vhf sub00/vhpl42 1387188968
EN mux2x16_muser_toplevel NULL /home/l2/ferlicotdelbe/tp/ARCHI/TP09/toplevel.vhf sub00/vhpl22 1387188947
AR alu_muser_toplevel behavioral /home/l2/ferlicotdelbe/tp/ARCHI/TP09/toplevel.vhf sub00/vhpl51 1387188952
EN add16_mxilinx_s3 NULL /home/l2/ferlicotdelbe/tp/ARCHI/TP09/S3.vhf sub00/vhpl56 1387188981
EN add16_mxilinx_toplevel NULL /home/l2/ferlicotdelbe/tp/ARCHI/TP09/toplevel.vhf sub00/vhpl14 1387188939
AR mux2x16_muser_toplevel behavioral /home/l2/ferlicotdelbe/tp/ARCHI/TP09/toplevel.vhf sub00/vhpl23 1387188948
EN fd16ce_mxilinx_toplevel NULL /home/l2/ferlicotdelbe/tp/ARCHI/TP09/toplevel.vhf sub00/vhpl45 1387188971
AR fd16ce_mxilinx_s3 behavioral /home/l2/ferlicotdelbe/tp/ARCHI/TP09/S3.vhf sub00/vhpl88 1387189013
EN s3_muser_toplevel NULL /home/l2/ferlicotdelbe/tp/ARCHI/TP09/toplevel.vhf sub00/vhpl47 1387188973
EN s3 NULL /home/l2/ferlicotdelbe/tp/ARCHI/TP09/S3.vhf sub00/vhpl89 1387189014
AR fd16ce_mxilinx_toplevel behavioral /home/l2/ferlicotdelbe/tp/ARCHI/TP09/toplevel.vhf sub00/vhpl46 1387188972
EN x7seg NULL /home/l2/ferlicotdelbe/tp/ARCHI/TP09/x7seg.vhd sub00/vhpl00 1387188925
AR compteur4_muser_s3 behavioral /home/l2/ferlicotdelbe/tp/ARCHI/TP09/S3.vhf sub00/vhpl84 1387189009
AR insmem insmem_a /home/l2/ferlicotdelbe/tp/ARCHI/TP09/ipcore_dir/insmem.vhd sub00/vhpl03 1387188928
AR clkdiv_muser_s3 behavioral /home/l2/ferlicotdelbe/tp/ARCHI/TP09/S3.vhf sub00/vhpl76 1387189001
AR m2_1e_mxilinx_s3 behavioral /home/l2/ferlicotdelbe/tp/ARCHI/TP09/S3.vhf sub00/vhpl78 1387189003
EN inc_muser_toplevel NULL /home/l2/ferlicotdelbe/tp/ARCHI/TP09/toplevel.vhf sub00/vhpl16 1387188941
AR m2_1e_mxilinx_toplevel behavioral /home/l2/ferlicotdelbe/tp/ARCHI/TP09/toplevel.vhf sub00/vhpl36 1387188962
EN clkdiv_muser_s3 NULL /home/l2/ferlicotdelbe/tp/ARCHI/TP09/S3.vhf sub00/vhpl75 1387189000
EN inc_muser_s3 NULL /home/l2/ferlicotdelbe/tp/ARCHI/TP09/S3.vhf sub00/vhpl58 1387188983
EN m4_1e_mxilinx_s3 NULL /home/l2/ferlicotdelbe/tp/ARCHI/TP09/S3.vhf sub00/vhpl79 1387189004
EN clkdiv_muser_toplevel NULL /home/l2/ferlicotdelbe/tp/ARCHI/TP09/toplevel.vhf sub00/vhpl33 1387188959
AR add16_mxilinx_s3 behavioral /home/l2/ferlicotdelbe/tp/ARCHI/TP09/S3.vhf sub00/vhpl57 1387188982
EN compteur4_muser_s3 NULL /home/l2/ferlicotdelbe/tp/ARCHI/TP09/S3.vhf sub00/vhpl83 1387189008
AR m4_1e_mxilinx_s3 behavioral /home/l2/ferlicotdelbe/tp/ARCHI/TP09/S3.vhf sub00/vhpl80 1387189005
EN connecteur_muser_s3 NULL /home/l2/ferlicotdelbe/tp/ARCHI/TP09/S3.vhf sub00/vhpl71 1387188996
EN m2_1_mxilinx_toplevel NULL /home/l2/ferlicotdelbe/tp/ARCHI/TP09/toplevel.vhf sub00/vhpl20 1387188945
EN m2_1e_mxilinx_s3 NULL /home/l2/ferlicotdelbe/tp/ARCHI/TP09/S3.vhf sub00/vhpl77 1387189002
EN m2_1e_mxilinx_toplevel NULL /home/l2/ferlicotdelbe/tp/ARCHI/TP09/toplevel.vhf sub00/vhpl35 1387188961
AR connecteur16_muser_s3 behavioral /home/l2/ferlicotdelbe/tp/ARCHI/TP09/S3.vhf sub00/vhpl74 1387188999
EN toplevel NULL /home/l2/ferlicotdelbe/tp/ARCHI/TP09/toplevel.vhf sub00/vhpl49 1387188975
EN d4_16e_mxilinx_s3 NULL /home/l2/ferlicotdelbe/tp/ARCHI/TP09/S3.vhf sub00/vhpl69 1387188994
AR add16_mxilinx_toplevel behavioral /home/l2/ferlicotdelbe/tp/ARCHI/TP09/toplevel.vhf sub00/vhpl15 1387188940
EN adsu16_mxilinx_s3 NULL /home/l2/ferlicotdelbe/tp/ARCHI/TP09/S3.vhf sub00/vhpl66 1387188991
EN obuf8_mxilinx_toplevel NULL /home/l2/ferlicotdelbe/tp/ARCHI/TP09/toplevel.vhf sub00/vhpl06 1387188931
AR adsu16_mxilinx_toplevel behavioral /home/l2/ferlicotdelbe/tp/ARCHI/TP09/toplevel.vhf sub00/vhpl25 1387188950
AR mux2x16_muser_s3 behavioral /home/l2/ferlicotdelbe/tp/ARCHI/TP09/S3.vhf sub00/vhpl65 1387188990
AR s3 behavioral /home/l2/ferlicotdelbe/tp/ARCHI/TP09/S3.vhf sub00/vhpl90 1387189015
AR concat_muser_toplevel behavioral /home/l2/ferlicotdelbe/tp/ARCHI/TP09/toplevel.vhf sub00/vhpl13 1387188936
AR mux4x4_muser_s3 behavioral /home/l2/ferlicotdelbe/tp/ARCHI/TP09/S3.vhf sub00/vhpl82 1387189007
AR m4_1e_mxilinx_toplevel behavioral /home/l2/ferlicotdelbe/tp/ARCHI/TP09/toplevel.vhf sub00/vhpl38 1387188964
EN afficheur16_muser_toplevel NULL /home/l2/ferlicotdelbe/tp/ARCHI/TP09/toplevel.vhf sub00/vhpl43 1387188969
EN connecteur16_muser_toplevel NULL /home/l2/ferlicotdelbe/tp/ARCHI/TP09/toplevel.vhf sub00/vhpl31 1387188957
AR ibuf8_mxilinx_toplevel behavioral /home/l2/ferlicotdelbe/tp/ARCHI/TP09/toplevel.vhf sub00/vhpl09 1387188934
EN concat_muser_toplevel NULL /home/l2/ferlicotdelbe/tp/ARCHI/TP09/toplevel.vhf sub00/vhpl12 1387188935
EN andor_muser_s3 NULL /home/l2/ferlicotdelbe/tp/ARCHI/TP09/S3.vhf sub00/vhpl52 1387188977
EN inv16_mxilinx_toplevel NULL /home/l2/ferlicotdelbe/tp/ARCHI/TP09/toplevel.vhf sub00/vhpl18 1387188937
AR d4_16e_mxilinx_s3 behavioral /home/l2/ferlicotdelbe/tp/ARCHI/TP09/S3.vhf sub00/vhpl70 1387188995
AR afficheur16_muser_s3 behavioral /home/l2/ferlicotdelbe/tp/ARCHI/TP09/S3.vhf sub00/vhpl86 1387189011
AR mux4x4_muser_toplevel behavioral /home/l2/ferlicotdelbe/tp/ARCHI/TP09/toplevel.vhf sub00/vhpl40 1387188966
AR inc_muser_s3 behavioral /home/l2/ferlicotdelbe/tp/ARCHI/TP09/S3.vhf sub00/vhpl59 1387188984
AR afficheur16_muser_toplevel behavioral /home/l2/ferlicotdelbe/tp/ARCHI/TP09/toplevel.vhf sub00/vhpl44 1387188970
EN afficheur16_muser_s3 NULL /home/l2/ferlicotdelbe/tp/ARCHI/TP09/S3.vhf sub00/vhpl85 1387189010
AR andor_muser_toplevel behavioral /home/l2/ferlicotdelbe/tp/ARCHI/TP09/toplevel.vhf sub00/vhpl11 1387188944
EN fsm NULL /home/l2/ferlicotdelbe/tp/ARCHI/TP09/fsm.vhd sub00/vhpl04 1387188929
AR inv16_mxilinx_toplevel behavioral /home/l2/ferlicotdelbe/tp/ARCHI/TP09/toplevel.vhf sub00/vhpl19 1387188938
EN adsu16_mxilinx_toplevel NULL /home/l2/ferlicotdelbe/tp/ARCHI/TP09/toplevel.vhf sub00/vhpl24 1387188949
AR m2_1_mxilinx_s3 behavioral /home/l2/ferlicotdelbe/tp/ARCHI/TP09/S3.vhf sub00/vhpl63 1387188988
AR inc_muser_toplevel behavioral /home/l2/ferlicotdelbe/tp/ARCHI/TP09/toplevel.vhf sub00/vhpl17 1387188942
AR s3_muser_toplevel behavioral /home/l2/ferlicotdelbe/tp/ARCHI/TP09/toplevel.vhf sub00/vhpl48 1387188974
AR andor_muser_s3 behavioral /home/l2/ferlicotdelbe/tp/ARCHI/TP09/S3.vhf sub00/vhpl53 1387188978
EN concat_muser_s3 NULL /home/l2/ferlicotdelbe/tp/ARCHI/TP09/S3.vhf sub00/vhpl54 1387188979
AR concat_muser_s3 behavioral /home/l2/ferlicotdelbe/tp/ARCHI/TP09/S3.vhf sub00/vhpl55 1387188980
EN mux4x4_muser_s3 NULL /home/l2/ferlicotdelbe/tp/ARCHI/TP09/S3.vhf sub00/vhpl81 1387189006
EN d4_16e_mxilinx_toplevel NULL /home/l2/ferlicotdelbe/tp/ARCHI/TP09/toplevel.vhf sub00/vhpl27 1387188953
EN mux4x4_muser_toplevel NULL /home/l2/ferlicotdelbe/tp/ARCHI/TP09/toplevel.vhf sub00/vhpl39 1387188965
AR fsm behavioral /home/l2/ferlicotdelbe/tp/ARCHI/TP09/fsm.vhd sub00/vhpl05 1387188930
AR inv16_mxilinx_s3 behavioral /home/l2/ferlicotdelbe/tp/ARCHI/TP09/S3.vhf sub00/vhpl61 1387188986
AR clkdiv_muser_toplevel behavioral /home/l2/ferlicotdelbe/tp/ARCHI/TP09/toplevel.vhf sub00/vhpl34 1387188960
AR obuf8_mxilinx_toplevel behavioral /home/l2/ferlicotdelbe/tp/ARCHI/TP09/toplevel.vhf sub00/vhpl07 1387188932
AR d4_16e_mxilinx_toplevel behavioral /home/l2/ferlicotdelbe/tp/ARCHI/TP09/toplevel.vhf sub00/vhpl28 1387188954
EN inv16_mxilinx_s3 NULL /home/l2/ferlicotdelbe/tp/ARCHI/TP09/S3.vhf sub00/vhpl60 1387188985
