V3 251
FL /home/l2/ferlicotdelbe/tp/ARCHI/TP09/afficheur16.vhf 2013/12/16.10:33:26 M.81d
EN work/M2_1E_MXILINX_afficheur16 0 \
      FL /home/l2/ferlicotdelbe/tp/ARCHI/TP09/afficheur16.vhf \
      PB ieee/std_logic_1164 1290154108 PB ieee/NUMERIC_STD 1290154109 LB UNISIM \
      PH unisim/VCOMPONENTS 1290154108
AR work/M2_1E_MXILINX_afficheur16/BEHAVIORAL 0 \
      FL /home/l2/ferlicotdelbe/tp/ARCHI/TP09/afficheur16.vhf \
      EN work/M2_1E_MXILINX_afficheur16 0 CP AND3 CP AND3B1 CP OR2
EN work/M4_1E_MXILINX_afficheur16 0 \
      FL /home/l2/ferlicotdelbe/tp/ARCHI/TP09/afficheur16.vhf \
      PB ieee/std_logic_1164 1290154108 PB ieee/NUMERIC_STD 1290154109 LB UNISIM \
      PH unisim/VCOMPONENTS 1290154108
AR work/M4_1E_MXILINX_afficheur16/BEHAVIORAL 0 \
      FL /home/l2/ferlicotdelbe/tp/ARCHI/TP09/afficheur16.vhf \
      EN work/M4_1E_MXILINX_afficheur16 0 CP M2_1E_MXILINX_afficheur16 CP MUXF5
EN work/mux4x4_MUSER_afficheur16 0 \
      FL /home/l2/ferlicotdelbe/tp/ARCHI/TP09/afficheur16.vhf \
      PB ieee/std_logic_1164 1290154108 PB ieee/NUMERIC_STD 1290154109 LB UNISIM \
      PH unisim/VCOMPONENTS 1290154108
AR work/mux4x4_MUSER_afficheur16/BEHAVIORAL 0 \
      FL /home/l2/ferlicotdelbe/tp/ARCHI/TP09/afficheur16.vhf \
      EN work/mux4x4_MUSER_afficheur16 0 CP M4_1E_MXILINX_afficheur16 CP VCC
EN work/compteur4_MUSER_afficheur16 0 \
      FL /home/l2/ferlicotdelbe/tp/ARCHI/TP09/afficheur16.vhf \
      PB ieee/std_logic_1164 1290154108 PB ieee/NUMERIC_STD 1290154109 LB UNISIM \
      PH unisim/VCOMPONENTS 1290154108
AR work/compteur4_MUSER_afficheur16/BEHAVIORAL 0 \
      FL /home/l2/ferlicotdelbe/tp/ARCHI/TP09/afficheur16.vhf \
      EN work/compteur4_MUSER_afficheur16 0 CP FD CP INV
EN work/afficheur16 0 \
      FL /home/l2/ferlicotdelbe/tp/ARCHI/TP09/afficheur16.vhf \
      PB ieee/std_logic_1164 1290154108 PB ieee/NUMERIC_STD 1290154109 LB UNISIM \
      PH unisim/VCOMPONENTS 1290154108
AR work/afficheur16/BEHAVIORAL 0 \
      FL /home/l2/ferlicotdelbe/tp/ARCHI/TP09/afficheur16.vhf EN work/afficheur16 0 \
      CP mux4x4_MUSER_afficheur16 CP compteur4_MUSER_afficheur16 CP x7seg
FL /home/l2/ferlicotdelbe/tp/ARCHI/TP09/ALU.vhf 2013/12/16.11:04:14 M.81d
EN work/concat_MUSER_ALU 0 FL /home/l2/ferlicotdelbe/tp/ARCHI/TP09/ALU.vhf \
      PB ieee/std_logic_1164 1290154108 PB ieee/NUMERIC_STD 1290154109 LB UNISIM \
      PH unisim/VCOMPONENTS 1290154108
AR work/concat_MUSER_ALU/BEHAVIORAL 0 \
      FL /home/l2/ferlicotdelbe/tp/ARCHI/TP09/ALU.vhf EN work/concat_MUSER_ALU 0 \
      CP BUF
EN work/INV16_MXILINX_ALU 0 \
      FL /home/l2/ferlicotdelbe/tp/ARCHI/TP09/ALU.vhf PB ieee/std_logic_1164 1290154108 \
      PB ieee/NUMERIC_STD 1290154109 LB UNISIM PH unisim/VCOMPONENTS 1290154108
AR work/INV16_MXILINX_ALU/BEHAVIORAL 0 \
      FL /home/l2/ferlicotdelbe/tp/ARCHI/TP09/ALU.vhf EN work/INV16_MXILINX_ALU 0 \
      CP INV
EN work/ADD16_MXILINX_ALU 0 \
      FL /home/l2/ferlicotdelbe/tp/ARCHI/TP09/ALU.vhf PB ieee/std_logic_1164 1290154108 \
      PB ieee/NUMERIC_STD 1290154109 LB UNISIM PH unisim/VCOMPONENTS 1290154108
AR work/ADD16_MXILINX_ALU/BEHAVIORAL 0 \
      FL /home/l2/ferlicotdelbe/tp/ARCHI/TP09/ALU.vhf EN work/ADD16_MXILINX_ALU 0 \
      CP FMAP CP MUXCY_L CP MUXCY CP XORCY CP MUXCY_D CP XOR2
EN work/inc_MUSER_ALU 0 \
      FL /home/l2/ferlicotdelbe/tp/ARCHI/TP09/ALU.vhf PB ieee/std_logic_1164 1290154108 \
      PB ieee/NUMERIC_STD 1290154109 LB UNISIM PH unisim/VCOMPONENTS 1290154108
AR work/inc_MUSER_ALU/BEHAVIORAL 0 \
      FL /home/l2/ferlicotdelbe/tp/ARCHI/TP09/ALU.vhf EN work/inc_MUSER_ALU 0 \
      CP ADD16_MXILINX_ALU CP VCC
EN work/andor_MUSER_ALU 0 \
      FL /home/l2/ferlicotdelbe/tp/ARCHI/TP09/ALU.vhf PB ieee/std_logic_1164 1290154108 \
      PB ieee/NUMERIC_STD 1290154109 LB UNISIM PH unisim/VCOMPONENTS 1290154108
AR work/andor_MUSER_ALU/BEHAVIORAL 0 \
      FL /home/l2/ferlicotdelbe/tp/ARCHI/TP09/ALU.vhf EN work/andor_MUSER_ALU 0 \
      CP AND2 CP OR2
EN work/M2_1_MXILINX_ALU 0 \
      FL /home/l2/ferlicotdelbe/tp/ARCHI/TP09/ALU.vhf PB ieee/std_logic_1164 1290154108 \
      PB ieee/NUMERIC_STD 1290154109 LB UNISIM PH unisim/VCOMPONENTS 1290154108
AR work/M2_1_MXILINX_ALU/BEHAVIORAL 0 \
      FL /home/l2/ferlicotdelbe/tp/ARCHI/TP09/ALU.vhf EN work/M2_1_MXILINX_ALU 0 \
      CP AND2B1 CP OR2 CP AND2
EN work/mux2x16_MUSER_ALU 0 \
      FL /home/l2/ferlicotdelbe/tp/ARCHI/TP09/ALU.vhf PB ieee/std_logic_1164 1290154108 \
      PB ieee/NUMERIC_STD 1290154109 LB UNISIM PH unisim/VCOMPONENTS 1290154108
AR work/mux2x16_MUSER_ALU/BEHAVIORAL 0 \
      FL /home/l2/ferlicotdelbe/tp/ARCHI/TP09/ALU.vhf EN work/mux2x16_MUSER_ALU 0 \
      CP M2_1_MXILINX_ALU
EN work/ADSU16_MXILINX_ALU 0 \
      FL /home/l2/ferlicotdelbe/tp/ARCHI/TP09/ALU.vhf PB ieee/std_logic_1164 1290154108 \
      PB ieee/NUMERIC_STD 1290154109 LB UNISIM PH unisim/VCOMPONENTS 1290154108
AR work/ADSU16_MXILINX_ALU/BEHAVIORAL 0 \
      FL /home/l2/ferlicotdelbe/tp/ARCHI/TP09/ALU.vhf EN work/ADSU16_MXILINX_ALU 0 \
      CP FMAP CP XOR3 CP MUXCY_L CP MUXCY CP XORCY CP MUXCY_D CP XOR2 CP INV
EN work/ALU 0 \
      FL /home/l2/ferlicotdelbe/tp/ARCHI/TP09/ALU.vhf PB ieee/std_logic_1164 1290154108 \
      PB ieee/NUMERIC_STD 1290154109 LB UNISIM PH unisim/VCOMPONENTS 1290154108
AR work/ALU/BEHAVIORAL 0 \
      FL /home/l2/ferlicotdelbe/tp/ARCHI/TP09/ALU.vhf EN work/ALU 0 \
      CP mux2x16_MUSER_ALU CP ADSU16_MXILINX_ALU CP INV16_MXILINX_ALU \
      CP andor_MUSER_ALU CP inc_MUSER_ALU CP concat_MUSER_ALU
FL /home/l2/ferlicotdelbe/tp/ARCHI/TP09/andor.vhf 2013/12/16.10:33:26 M.81d
EN work/andor 0 FL /home/l2/ferlicotdelbe/tp/ARCHI/TP09/andor.vhf \
      PB ieee/std_logic_1164 1290154108 PB ieee/NUMERIC_STD 1290154109 LB UNISIM \
      PH unisim/VCOMPONENTS 1290154108
AR work/andor/BEHAVIORAL 0 \
      FL /home/l2/ferlicotdelbe/tp/ARCHI/TP09/andor.vhf EN work/andor 0 CP AND2 \
      CP OR2
FL /home/l2/ferlicotdelbe/tp/ARCHI/TP09/clkdiv.vhf 2013/12/16.10:33:26 M.81d
EN work/clkdiv 0 FL /home/l2/ferlicotdelbe/tp/ARCHI/TP09/clkdiv.vhf \
      PB ieee/std_logic_1164 1290154108 PB ieee/NUMERIC_STD 1290154109 LB UNISIM \
      PH unisim/VCOMPONENTS 1290154108
AR work/clkdiv/BEHAVIORAL 0 \
      FL /home/l2/ferlicotdelbe/tp/ARCHI/TP09/clkdiv.vhf EN work/clkdiv 0 CP FD \
      CP INV
FL /home/l2/ferlicotdelbe/tp/ARCHI/TP09/compteur4.vhf 2013/12/16.10:33:26 M.81d
EN work/compteur4 0 FL /home/l2/ferlicotdelbe/tp/ARCHI/TP09/compteur4.vhf \
      PB ieee/std_logic_1164 1290154108 PB ieee/NUMERIC_STD 1290154109 LB UNISIM \
      PH unisim/VCOMPONENTS 1290154108
AR work/compteur4/BEHAVIORAL 0 \
      FL /home/l2/ferlicotdelbe/tp/ARCHI/TP09/compteur4.vhf EN work/compteur4 0 \
      CP FD CP INV
FL /home/l2/ferlicotdelbe/tp/ARCHI/TP09/concat.vhf 2013/12/16.10:33:26 M.81d
EN work/concat 0 FL /home/l2/ferlicotdelbe/tp/ARCHI/TP09/concat.vhf \
      PB ieee/std_logic_1164 1290154108 PB ieee/NUMERIC_STD 1290154109 LB UNISIM \
      PH unisim/VCOMPONENTS 1290154108
AR work/concat/BEHAVIORAL 0 \
      FL /home/l2/ferlicotdelbe/tp/ARCHI/TP09/concat.vhf EN work/concat 0 CP BUF
FL /home/l2/ferlicotdelbe/tp/ARCHI/TP09/connecteur.vhf 2013/12/16.10:33:24 M.81d
EN work/connecteur 0 FL /home/l2/ferlicotdelbe/tp/ARCHI/TP09/connecteur.vhf \
      PB ieee/std_logic_1164 1290154108 PB ieee/NUMERIC_STD 1290154109 LB UNISIM \
      PH unisim/VCOMPONENTS 1290154108
AR work/connecteur/BEHAVIORAL 0 \
      FL /home/l2/ferlicotdelbe/tp/ARCHI/TP09/connecteur.vhf EN work/connecteur 0 \
      CP AND2 CP OR2
FL /home/l2/ferlicotdelbe/tp/ARCHI/TP09/connecteur16.vhf 2013/12/16.10:33:24 M.81d
EN work/connecteur_MUSER_connecteur16 0 \
      FL /home/l2/ferlicotdelbe/tp/ARCHI/TP09/connecteur16.vhf \
      PB ieee/std_logic_1164 1290154108 PB ieee/NUMERIC_STD 1290154109 LB UNISIM \
      PH unisim/VCOMPONENTS 1290154108
AR work/connecteur_MUSER_connecteur16/BEHAVIORAL 0 \
      FL /home/l2/ferlicotdelbe/tp/ARCHI/TP09/connecteur16.vhf \
      EN work/connecteur_MUSER_connecteur16 0 CP AND2 CP OR2
EN work/connecteur16 0 \
      FL /home/l2/ferlicotdelbe/tp/ARCHI/TP09/connecteur16.vhf \
      PB ieee/std_logic_1164 1290154108 PB ieee/NUMERIC_STD 1290154109 LB UNISIM \
      PH unisim/VCOMPONENTS 1290154108
AR work/connecteur16/BEHAVIORAL 0 \
      FL /home/l2/ferlicotdelbe/tp/ARCHI/TP09/connecteur16.vhf \
      EN work/connecteur16 0 CP connecteur_MUSER_connecteur16
FL /home/l2/ferlicotdelbe/tp/ARCHI/TP09/fsm.vhd 2013/12/16.11:15:09 M.81d
EN work/fsm 1387188929 FL /home/l2/ferlicotdelbe/tp/ARCHI/TP09/fsm.vhd \
      PB ieee/std_logic_1164 1290154108
AR work/fsm/Behavioral 1387188930 \
      FL /home/l2/ferlicotdelbe/tp/ARCHI/TP09/fsm.vhd EN work/fsm 1387188929
FL /home/l2/ferlicotdelbe/tp/ARCHI/TP09/inc.vhf 2013/12/16.10:33:26 M.81d
EN work/ADD16_MXILINX_inc 0 FL /home/l2/ferlicotdelbe/tp/ARCHI/TP09/inc.vhf \
      PB ieee/std_logic_1164 1290154108 PB ieee/NUMERIC_STD 1290154109 LB UNISIM \
      PH unisim/VCOMPONENTS 1290154108
AR work/ADD16_MXILINX_inc/BEHAVIORAL 0 \
      FL /home/l2/ferlicotdelbe/tp/ARCHI/TP09/inc.vhf EN work/ADD16_MXILINX_inc 0 \
      CP FMAP CP MUXCY_L CP MUXCY CP XORCY CP MUXCY_D CP XOR2
EN work/inc 0 \
      FL /home/l2/ferlicotdelbe/tp/ARCHI/TP09/inc.vhf PB ieee/std_logic_1164 1290154108 \
      PB ieee/NUMERIC_STD 1290154109 LB UNISIM PH unisim/VCOMPONENTS 1290154108
AR work/inc/BEHAVIORAL 0 \
      FL /home/l2/ferlicotdelbe/tp/ARCHI/TP09/inc.vhf EN work/inc 0 \
      CP ADD16_MXILINX_inc CP VCC
FL /home/l2/ferlicotdelbe/tp/ARCHI/TP09/ipcore_dir/insmem.vhd 2013/12/16.10:45:16 M.81d
EN work/insmem 1387188927 \
      FL /home/l2/ferlicotdelbe/tp/ARCHI/TP09/ipcore_dir/insmem.vhd \
      PB ieee/std_logic_1164 1290154108
AR work/insmem/insmem_a 1387188928 \
      FL /home/l2/ferlicotdelbe/tp/ARCHI/TP09/ipcore_dir/insmem.vhd \
      EN work/insmem 1387188927
FL /home/l2/ferlicotdelbe/tp/ARCHI/TP09/mux2x16.vhf 2013/12/16.10:33:26 M.81d
EN work/M2_1_MXILINX_mux2x16 0 \
      FL /home/l2/ferlicotdelbe/tp/ARCHI/TP09/mux2x16.vhf PB ieee/std_logic_1164 1290154108 \
      PB ieee/NUMERIC_STD 1290154109 LB UNISIM PH unisim/VCOMPONENTS 1290154108
AR work/M2_1_MXILINX_mux2x16/BEHAVIORAL 0 \
      FL /home/l2/ferlicotdelbe/tp/ARCHI/TP09/mux2x16.vhf \
      EN work/M2_1_MXILINX_mux2x16 0 CP AND2B1 CP OR2 CP AND2
EN work/mux2x16 0 \
      FL /home/l2/ferlicotdelbe/tp/ARCHI/TP09/mux2x16.vhf PB ieee/std_logic_1164 1290154108 \
      PB ieee/NUMERIC_STD 1290154109 LB UNISIM PH unisim/VCOMPONENTS 1290154108
AR work/mux2x16/BEHAVIORAL 0 \
      FL /home/l2/ferlicotdelbe/tp/ARCHI/TP09/mux2x16.vhf EN work/mux2x16 0 \
      CP M2_1_MXILINX_mux2x16
FL /home/l2/ferlicotdelbe/tp/ARCHI/TP09/mux4x4.vhf 2013/12/16.10:33:26 M.81d
EN work/M2_1E_MXILINX_mux4x4 0 FL /home/l2/ferlicotdelbe/tp/ARCHI/TP09/mux4x4.vhf \
      PB ieee/std_logic_1164 1290154108 PB ieee/NUMERIC_STD 1290154109 LB UNISIM \
      PH unisim/VCOMPONENTS 1290154108
AR work/M2_1E_MXILINX_mux4x4/BEHAVIORAL 0 \
      FL /home/l2/ferlicotdelbe/tp/ARCHI/TP09/mux4x4.vhf \
      EN work/M2_1E_MXILINX_mux4x4 0 CP AND3 CP AND3B1 CP OR2
EN work/M4_1E_MXILINX_mux4x4 0 \
      FL /home/l2/ferlicotdelbe/tp/ARCHI/TP09/mux4x4.vhf PB ieee/std_logic_1164 1290154108 \
      PB ieee/NUMERIC_STD 1290154109 LB UNISIM PH unisim/VCOMPONENTS 1290154108
AR work/M4_1E_MXILINX_mux4x4/BEHAVIORAL 0 \
      FL /home/l2/ferlicotdelbe/tp/ARCHI/TP09/mux4x4.vhf \
      EN work/M4_1E_MXILINX_mux4x4 0 CP M2_1E_MXILINX_mux4x4 CP MUXF5
EN work/mux4x4 0 \
      FL /home/l2/ferlicotdelbe/tp/ARCHI/TP09/mux4x4.vhf PB ieee/std_logic_1164 1290154108 \
      PB ieee/NUMERIC_STD 1290154109 LB UNISIM PH unisim/VCOMPONENTS 1290154108
AR work/mux4x4/BEHAVIORAL 0 \
      FL /home/l2/ferlicotdelbe/tp/ARCHI/TP09/mux4x4.vhf EN work/mux4x4 0 \
      CP M4_1E_MXILINX_mux4x4 CP VCC
FL /home/l2/ferlicotdelbe/tp/ARCHI/TP09/S3.vhf 2013/12/16.10:48:46 M.81d
EN work/andor_MUSER_S3 0 FL /home/l2/ferlicotdelbe/tp/ARCHI/TP09/S3.vhf \
      PB ieee/std_logic_1164 1290154108 PB ieee/NUMERIC_STD 1290154109 LB UNISIM \
      PH unisim/VCOMPONENTS 1290154108
AR work/andor_MUSER_S3/BEHAVIORAL 0 \
      FL /home/l2/ferlicotdelbe/tp/ARCHI/TP09/S3.vhf EN work/andor_MUSER_S3 0 \
      CP AND2 CP OR2
EN work/concat_MUSER_S3 0 \
      FL /home/l2/ferlicotdelbe/tp/ARCHI/TP09/S3.vhf PB ieee/std_logic_1164 1290154108 \
      PB ieee/NUMERIC_STD 1290154109 LB UNISIM PH unisim/VCOMPONENTS 1290154108
AR work/concat_MUSER_S3/BEHAVIORAL 0 \
      FL /home/l2/ferlicotdelbe/tp/ARCHI/TP09/S3.vhf EN work/concat_MUSER_S3 0 \
      CP BUF
EN work/ADD16_MXILINX_S3 0 \
      FL /home/l2/ferlicotdelbe/tp/ARCHI/TP09/S3.vhf PB ieee/std_logic_1164 1290154108 \
      PB ieee/NUMERIC_STD 1290154109 LB UNISIM PH unisim/VCOMPONENTS 1290154108
AR work/ADD16_MXILINX_S3/BEHAVIORAL 0 \
      FL /home/l2/ferlicotdelbe/tp/ARCHI/TP09/S3.vhf EN work/ADD16_MXILINX_S3 0 \
      CP FMAP CP MUXCY_L CP MUXCY CP XORCY CP MUXCY_D CP XOR2
EN work/inc_MUSER_S3 0 \
      FL /home/l2/ferlicotdelbe/tp/ARCHI/TP09/S3.vhf PB ieee/std_logic_1164 1290154108 \
      PB ieee/NUMERIC_STD 1290154109 LB UNISIM PH unisim/VCOMPONENTS 1290154108
AR work/inc_MUSER_S3/BEHAVIORAL 0 \
      FL /home/l2/ferlicotdelbe/tp/ARCHI/TP09/S3.vhf EN work/inc_MUSER_S3 0 \
      CP ADD16_MXILINX_S3 CP VCC
EN work/INV16_MXILINX_S3 0 \
      FL /home/l2/ferlicotdelbe/tp/ARCHI/TP09/S3.vhf PB ieee/std_logic_1164 1290154108 \
      PB ieee/NUMERIC_STD 1290154109 LB UNISIM PH unisim/VCOMPONENTS 1290154108
AR work/INV16_MXILINX_S3/BEHAVIORAL 0 \
      FL /home/l2/ferlicotdelbe/tp/ARCHI/TP09/S3.vhf EN work/INV16_MXILINX_S3 0 \
      CP INV
EN work/M2_1_MXILINX_S3 0 \
      FL /home/l2/ferlicotdelbe/tp/ARCHI/TP09/S3.vhf PB ieee/std_logic_1164 1290154108 \
      PB ieee/NUMERIC_STD 1290154109 LB UNISIM PH unisim/VCOMPONENTS 1290154108
AR work/M2_1_MXILINX_S3/BEHAVIORAL 0 \
      FL /home/l2/ferlicotdelbe/tp/ARCHI/TP09/S3.vhf EN work/M2_1_MXILINX_S3 0 \
      CP AND2B1 CP OR2 CP AND2
EN work/mux2x16_MUSER_S3 0 \
      FL /home/l2/ferlicotdelbe/tp/ARCHI/TP09/S3.vhf PB ieee/std_logic_1164 1290154108 \
      PB ieee/NUMERIC_STD 1290154109 LB UNISIM PH unisim/VCOMPONENTS 1290154108
AR work/mux2x16_MUSER_S3/BEHAVIORAL 0 \
      FL /home/l2/ferlicotdelbe/tp/ARCHI/TP09/S3.vhf EN work/mux2x16_MUSER_S3 0 \
      CP M2_1_MXILINX_S3
EN work/ADSU16_MXILINX_S3 0 \
      FL /home/l2/ferlicotdelbe/tp/ARCHI/TP09/S3.vhf PB ieee/std_logic_1164 1290154108 \
      PB ieee/NUMERIC_STD 1290154109 LB UNISIM PH unisim/VCOMPONENTS 1290154108
AR work/ADSU16_MXILINX_S3/BEHAVIORAL 0 \
      FL /home/l2/ferlicotdelbe/tp/ARCHI/TP09/S3.vhf EN work/ADSU16_MXILINX_S3 0 \
      CP FMAP CP XOR3 CP MUXCY_L CP MUXCY CP XORCY CP MUXCY_D CP XOR2 CP INV
EN work/ALU_MUSER_S3 0 \
      FL /home/l2/ferlicotdelbe/tp/ARCHI/TP09/S3.vhf PB ieee/std_logic_1164 1290154108 \
      PB ieee/NUMERIC_STD 1290154109 LB UNISIM PH unisim/VCOMPONENTS 1290154108
AR work/ALU_MUSER_S3/BEHAVIORAL 0 \
      FL /home/l2/ferlicotdelbe/tp/ARCHI/TP09/S3.vhf EN work/ALU_MUSER_S3 0 \
      CP mux2x16_MUSER_S3 CP ADSU16_MXILINX_S3 CP INV16_MXILINX_S3 CP inc_MUSER_S3 \
      CP concat_MUSER_S3 CP andor_MUSER_S3
EN work/D4_16E_MXILINX_S3 0 \
      FL /home/l2/ferlicotdelbe/tp/ARCHI/TP09/S3.vhf PB ieee/std_logic_1164 1290154108 \
      PB ieee/NUMERIC_STD 1290154109 LB UNISIM PH unisim/VCOMPONENTS 1290154108
AR work/D4_16E_MXILINX_S3/BEHAVIORAL 0 \
      FL /home/l2/ferlicotdelbe/tp/ARCHI/TP09/S3.vhf EN work/D4_16E_MXILINX_S3 0 \
      CP AND5B3 CP AND5B2 CP AND5B1 CP AND5 CP AND5B4
EN work/connecteur_MUSER_S3 0 \
      FL /home/l2/ferlicotdelbe/tp/ARCHI/TP09/S3.vhf PB ieee/std_logic_1164 1290154108 \
      PB ieee/NUMERIC_STD 1290154109 LB UNISIM PH unisim/VCOMPONENTS 1290154108
AR work/connecteur_MUSER_S3/BEHAVIORAL 0 \
      FL /home/l2/ferlicotdelbe/tp/ARCHI/TP09/S3.vhf EN work/connecteur_MUSER_S3 0 \
      CP AND2 CP OR2
EN work/connecteur16_MUSER_S3 0 \
      FL /home/l2/ferlicotdelbe/tp/ARCHI/TP09/S3.vhf PB ieee/std_logic_1164 1290154108 \
      PB ieee/NUMERIC_STD 1290154109 LB UNISIM PH unisim/VCOMPONENTS 1290154108
AR work/connecteur16_MUSER_S3/BEHAVIORAL 0 \
      FL /home/l2/ferlicotdelbe/tp/ARCHI/TP09/S3.vhf \
      EN work/connecteur16_MUSER_S3 0 CP connecteur_MUSER_S3
EN work/clkdiv_MUSER_S3 0 \
      FL /home/l2/ferlicotdelbe/tp/ARCHI/TP09/S3.vhf PB ieee/std_logic_1164 1290154108 \
      PB ieee/NUMERIC_STD 1290154109 LB UNISIM PH unisim/VCOMPONENTS 1290154108
AR work/clkdiv_MUSER_S3/BEHAVIORAL 0 \
      FL /home/l2/ferlicotdelbe/tp/ARCHI/TP09/S3.vhf EN work/clkdiv_MUSER_S3 0 \
      CP FD CP INV
EN work/M2_1E_MXILINX_S3 0 \
      FL /home/l2/ferlicotdelbe/tp/ARCHI/TP09/S3.vhf PB ieee/std_logic_1164 1290154108 \
      PB ieee/NUMERIC_STD 1290154109 LB UNISIM PH unisim/VCOMPONENTS 1290154108
AR work/M2_1E_MXILINX_S3/BEHAVIORAL 0 \
      FL /home/l2/ferlicotdelbe/tp/ARCHI/TP09/S3.vhf EN work/M2_1E_MXILINX_S3 0 \
      CP AND3 CP AND3B1 CP OR2
EN work/M4_1E_MXILINX_S3 0 \
      FL /home/l2/ferlicotdelbe/tp/ARCHI/TP09/S3.vhf PB ieee/std_logic_1164 1290154108 \
      PB ieee/NUMERIC_STD 1290154109 LB UNISIM PH unisim/VCOMPONENTS 1290154108
AR work/M4_1E_MXILINX_S3/BEHAVIORAL 0 \
      FL /home/l2/ferlicotdelbe/tp/ARCHI/TP09/S3.vhf EN work/M4_1E_MXILINX_S3 0 \
      CP M2_1E_MXILINX_S3 CP MUXF5
EN work/mux4x4_MUSER_S3 0 \
      FL /home/l2/ferlicotdelbe/tp/ARCHI/TP09/S3.vhf PB ieee/std_logic_1164 1290154108 \
      PB ieee/NUMERIC_STD 1290154109 LB UNISIM PH unisim/VCOMPONENTS 1290154108
AR work/mux4x4_MUSER_S3/BEHAVIORAL 0 \
      FL /home/l2/ferlicotdelbe/tp/ARCHI/TP09/S3.vhf EN work/mux4x4_MUSER_S3 0 \
      CP M4_1E_MXILINX_S3 CP VCC
EN work/compteur4_MUSER_S3 0 \
      FL /home/l2/ferlicotdelbe/tp/ARCHI/TP09/S3.vhf PB ieee/std_logic_1164 1290154108 \
      PB ieee/NUMERIC_STD 1290154109 LB UNISIM PH unisim/VCOMPONENTS 1290154108
AR work/compteur4_MUSER_S3/BEHAVIORAL 0 \
      FL /home/l2/ferlicotdelbe/tp/ARCHI/TP09/S3.vhf EN work/compteur4_MUSER_S3 0 \
      CP FD CP INV
EN work/afficheur16_MUSER_S3 0 \
      FL /home/l2/ferlicotdelbe/tp/ARCHI/TP09/S3.vhf PB ieee/std_logic_1164 1290154108 \
      PB ieee/NUMERIC_STD 1290154109 LB UNISIM PH unisim/VCOMPONENTS 1290154108
AR work/afficheur16_MUSER_S3/BEHAVIORAL 0 \
      FL /home/l2/ferlicotdelbe/tp/ARCHI/TP09/S3.vhf EN work/afficheur16_MUSER_S3 0 \
      CP mux4x4_MUSER_S3 CP compteur4_MUSER_S3 CP x7seg
EN work/FD16CE_MXILINX_S3 0 \
      FL /home/l2/ferlicotdelbe/tp/ARCHI/TP09/S3.vhf PB ieee/std_logic_1164 1290154108 \
      PB ieee/NUMERIC_STD 1290154109 LB UNISIM PH unisim/VCOMPONENTS 1290154108
AR work/FD16CE_MXILINX_S3/BEHAVIORAL 0 \
      FL /home/l2/ferlicotdelbe/tp/ARCHI/TP09/S3.vhf EN work/FD16CE_MXILINX_S3 0 \
      CP FDCE
EN work/S3 0 FL /home/l2/ferlicotdelbe/tp/ARCHI/TP09/S3.vhf \
      PB ieee/std_logic_1164 1290154108 PB ieee/NUMERIC_STD 1290154109 LB UNISIM \
      PH unisim/VCOMPONENTS 1290154108
AR work/S3/BEHAVIORAL 0 \
      FL /home/l2/ferlicotdelbe/tp/ARCHI/TP09/S3.vhf EN work/S3 0 \
      CP connecteur16_MUSER_S3 CP FD16CE_MXILINX_S3 CP inc_MUSER_S3 \
      CP afficheur16_MUSER_S3 CP clkdiv_MUSER_S3 CP mux2x16_MUSER_S3 CP OR2 \
      CP insmem CP fsm CP D4_16E_MXILINX_S3 CP VCC CP ALU_MUSER_S3
FL /home/l2/ferlicotdelbe/tp/ARCHI/TP09/toplevel.vhf 2013/12/16.11:07:54 M.81d
EN work/OBUF8_MXILINX_toplevel 1387188931 \
      FL /home/l2/ferlicotdelbe/tp/ARCHI/TP09/toplevel.vhf PB ieee/std_logic_1164 1290154108 \
      PB ieee/NUMERIC_STD 1290154109 LB UNISIM PH unisim/VCOMPONENTS 1290154108
AR work/OBUF8_MXILINX_toplevel/BEHAVIORAL 1387188932 \
      FL /home/l2/ferlicotdelbe/tp/ARCHI/TP09/toplevel.vhf \
      EN work/OBUF8_MXILINX_toplevel 1387188931 CP OBUF
EN work/IBUF8_MXILINX_toplevel 1387188933 \
      FL /home/l2/ferlicotdelbe/tp/ARCHI/TP09/toplevel.vhf PB ieee/std_logic_1164 1290154108 \
      PB ieee/NUMERIC_STD 1290154109 LB UNISIM PH unisim/VCOMPONENTS 1290154108
AR work/IBUF8_MXILINX_toplevel/BEHAVIORAL 1387188934 \
      FL /home/l2/ferlicotdelbe/tp/ARCHI/TP09/toplevel.vhf \
      EN work/IBUF8_MXILINX_toplevel 1387188933 CP IBUF
EN work/concat_MUSER_toplevel 1387188935 \
      FL /home/l2/ferlicotdelbe/tp/ARCHI/TP09/toplevel.vhf PB ieee/std_logic_1164 1290154108 \
      PB ieee/NUMERIC_STD 1290154109 LB UNISIM PH unisim/VCOMPONENTS 1290154108
AR work/concat_MUSER_toplevel/BEHAVIORAL 1387188936 \
      FL /home/l2/ferlicotdelbe/tp/ARCHI/TP09/toplevel.vhf \
      EN work/concat_MUSER_toplevel 1387188935 CP BUF
EN work/INV16_MXILINX_toplevel 1387188937 \
      FL /home/l2/ferlicotdelbe/tp/ARCHI/TP09/toplevel.vhf PB ieee/std_logic_1164 1290154108 \
      PB ieee/NUMERIC_STD 1290154109 LB UNISIM PH unisim/VCOMPONENTS 1290154108
AR work/INV16_MXILINX_toplevel/BEHAVIORAL 1387188938 \
      FL /home/l2/ferlicotdelbe/tp/ARCHI/TP09/toplevel.vhf \
      EN work/INV16_MXILINX_toplevel 1387188937 CP INV
EN work/ADD16_MXILINX_toplevel 1387188939 \
      FL /home/l2/ferlicotdelbe/tp/ARCHI/TP09/toplevel.vhf PB ieee/std_logic_1164 1290154108 \
      PB ieee/NUMERIC_STD 1290154109 LB UNISIM PH unisim/VCOMPONENTS 1290154108
AR work/ADD16_MXILINX_toplevel/BEHAVIORAL 1387188940 \
      FL /home/l2/ferlicotdelbe/tp/ARCHI/TP09/toplevel.vhf \
      EN work/ADD16_MXILINX_toplevel 1387188939 CP FMAP CP MUXCY_L CP MUXCY CP XORCY \
      CP MUXCY_D CP XOR2
EN work/inc_MUSER_toplevel 1387188941 \
      FL /home/l2/ferlicotdelbe/tp/ARCHI/TP09/toplevel.vhf PB ieee/std_logic_1164 1290154108 \
      PB ieee/NUMERIC_STD 1290154109 LB UNISIM PH unisim/VCOMPONENTS 1290154108
AR work/inc_MUSER_toplevel/BEHAVIORAL 1387188942 \
      FL /home/l2/ferlicotdelbe/tp/ARCHI/TP09/toplevel.vhf \
      EN work/inc_MUSER_toplevel 1387188941 CP ADD16_MXILINX_toplevel CP VCC
EN work/andor_MUSER_toplevel 1387188943 \
      FL /home/l2/ferlicotdelbe/tp/ARCHI/TP09/toplevel.vhf PB ieee/std_logic_1164 1290154108 \
      PB ieee/NUMERIC_STD 1290154109 LB UNISIM PH unisim/VCOMPONENTS 1290154108
AR work/andor_MUSER_toplevel/BEHAVIORAL 1387188944 \
      FL /home/l2/ferlicotdelbe/tp/ARCHI/TP09/toplevel.vhf \
      EN work/andor_MUSER_toplevel 1387188943 CP AND2 CP OR2
EN work/M2_1_MXILINX_toplevel 1387188945 \
      FL /home/l2/ferlicotdelbe/tp/ARCHI/TP09/toplevel.vhf PB ieee/std_logic_1164 1290154108 \
      PB ieee/NUMERIC_STD 1290154109 LB UNISIM PH unisim/VCOMPONENTS 1290154108
AR work/M2_1_MXILINX_toplevel/BEHAVIORAL 1387188946 \
      FL /home/l2/ferlicotdelbe/tp/ARCHI/TP09/toplevel.vhf \
      EN work/M2_1_MXILINX_toplevel 1387188945 CP AND2B1 CP OR2 CP AND2
EN work/mux2x16_MUSER_toplevel 1387188947 \
      FL /home/l2/ferlicotdelbe/tp/ARCHI/TP09/toplevel.vhf PB ieee/std_logic_1164 1290154108 \
      PB ieee/NUMERIC_STD 1290154109 LB UNISIM PH unisim/VCOMPONENTS 1290154108
AR work/mux2x16_MUSER_toplevel/BEHAVIORAL 1387188948 \
      FL /home/l2/ferlicotdelbe/tp/ARCHI/TP09/toplevel.vhf \
      EN work/mux2x16_MUSER_toplevel 1387188947 CP M2_1_MXILINX_toplevel
EN work/ADSU16_MXILINX_toplevel 1387188949 \
      FL /home/l2/ferlicotdelbe/tp/ARCHI/TP09/toplevel.vhf PB ieee/std_logic_1164 1290154108 \
      PB ieee/NUMERIC_STD 1290154109 LB UNISIM PH unisim/VCOMPONENTS 1290154108
AR work/ADSU16_MXILINX_toplevel/BEHAVIORAL 1387188950 \
      FL /home/l2/ferlicotdelbe/tp/ARCHI/TP09/toplevel.vhf \
      EN work/ADSU16_MXILINX_toplevel 1387188949 CP FMAP CP XOR3 CP MUXCY_L CP MUXCY \
      CP XORCY CP MUXCY_D CP XOR2 CP INV
EN work/ALU_MUSER_toplevel 1387188951 \
      FL /home/l2/ferlicotdelbe/tp/ARCHI/TP09/toplevel.vhf PB ieee/std_logic_1164 1290154108 \
      PB ieee/NUMERIC_STD 1290154109 LB UNISIM PH unisim/VCOMPONENTS 1290154108
AR work/ALU_MUSER_toplevel/BEHAVIORAL 1387188952 \
      FL /home/l2/ferlicotdelbe/tp/ARCHI/TP09/toplevel.vhf \
      EN work/ALU_MUSER_toplevel 1387188951 CP mux2x16_MUSER_toplevel \
      CP ADSU16_MXILINX_toplevel CP INV16_MXILINX_toplevel CP andor_MUSER_toplevel \
      CP inc_MUSER_toplevel CP concat_MUSER_toplevel
EN work/D4_16E_MXILINX_toplevel 1387188953 \
      FL /home/l2/ferlicotdelbe/tp/ARCHI/TP09/toplevel.vhf PB ieee/std_logic_1164 1290154108 \
      PB ieee/NUMERIC_STD 1290154109 LB UNISIM PH unisim/VCOMPONENTS 1290154108
AR work/D4_16E_MXILINX_toplevel/BEHAVIORAL 1387188954 \
      FL /home/l2/ferlicotdelbe/tp/ARCHI/TP09/toplevel.vhf \
      EN work/D4_16E_MXILINX_toplevel 1387188953 CP AND5B3 CP AND5B2 CP AND5B1 \
      CP AND5 CP AND5B4
EN work/connecteur_MUSER_toplevel 1387188955 \
      FL /home/l2/ferlicotdelbe/tp/ARCHI/TP09/toplevel.vhf PB ieee/std_logic_1164 1290154108 \
      PB ieee/NUMERIC_STD 1290154109 LB UNISIM PH unisim/VCOMPONENTS 1290154108
AR work/connecteur_MUSER_toplevel/BEHAVIORAL 1387188956 \
      FL /home/l2/ferlicotdelbe/tp/ARCHI/TP09/toplevel.vhf \
      EN work/connecteur_MUSER_toplevel 1387188955 CP AND2 CP OR2
EN work/connecteur16_MUSER_toplevel 1387188957 \
      FL /home/l2/ferlicotdelbe/tp/ARCHI/TP09/toplevel.vhf PB ieee/std_logic_1164 1290154108 \
      PB ieee/NUMERIC_STD 1290154109 LB UNISIM PH unisim/VCOMPONENTS 1290154108
AR work/connecteur16_MUSER_toplevel/BEHAVIORAL 1387188958 \
      FL /home/l2/ferlicotdelbe/tp/ARCHI/TP09/toplevel.vhf \
      EN work/connecteur16_MUSER_toplevel 1387188957 CP connecteur_MUSER_toplevel
EN work/clkdiv_MUSER_toplevel 1387188959 \
      FL /home/l2/ferlicotdelbe/tp/ARCHI/TP09/toplevel.vhf PB ieee/std_logic_1164 1290154108 \
      PB ieee/NUMERIC_STD 1290154109 LB UNISIM PH unisim/VCOMPONENTS 1290154108
AR work/clkdiv_MUSER_toplevel/BEHAVIORAL 1387188960 \
      FL /home/l2/ferlicotdelbe/tp/ARCHI/TP09/toplevel.vhf \
      EN work/clkdiv_MUSER_toplevel 1387188959 CP FD CP INV
EN work/M2_1E_MXILINX_toplevel 1387188961 \
      FL /home/l2/ferlicotdelbe/tp/ARCHI/TP09/toplevel.vhf PB ieee/std_logic_1164 1290154108 \
      PB ieee/NUMERIC_STD 1290154109 LB UNISIM PH unisim/VCOMPONENTS 1290154108
AR work/M2_1E_MXILINX_toplevel/BEHAVIORAL 1387188962 \
      FL /home/l2/ferlicotdelbe/tp/ARCHI/TP09/toplevel.vhf \
      EN work/M2_1E_MXILINX_toplevel 1387188961 CP AND3 CP AND3B1 CP OR2
EN work/M4_1E_MXILINX_toplevel 1387188963 \
      FL /home/l2/ferlicotdelbe/tp/ARCHI/TP09/toplevel.vhf PB ieee/std_logic_1164 1290154108 \
      PB ieee/NUMERIC_STD 1290154109 LB UNISIM PH unisim/VCOMPONENTS 1290154108
AR work/M4_1E_MXILINX_toplevel/BEHAVIORAL 1387188964 \
      FL /home/l2/ferlicotdelbe/tp/ARCHI/TP09/toplevel.vhf \
      EN work/M4_1E_MXILINX_toplevel 1387188963 CP M2_1E_MXILINX_toplevel CP MUXF5
EN work/mux4x4_MUSER_toplevel 1387188965 \
      FL /home/l2/ferlicotdelbe/tp/ARCHI/TP09/toplevel.vhf PB ieee/std_logic_1164 1290154108 \
      PB ieee/NUMERIC_STD 1290154109 LB UNISIM PH unisim/VCOMPONENTS 1290154108
AR work/mux4x4_MUSER_toplevel/BEHAVIORAL 1387188966 \
      FL /home/l2/ferlicotdelbe/tp/ARCHI/TP09/toplevel.vhf \
      EN work/mux4x4_MUSER_toplevel 1387188965 CP M4_1E_MXILINX_toplevel CP VCC
EN work/compteur4_MUSER_toplevel 1387188967 \
      FL /home/l2/ferlicotdelbe/tp/ARCHI/TP09/toplevel.vhf PB ieee/std_logic_1164 1290154108 \
      PB ieee/NUMERIC_STD 1290154109 LB UNISIM PH unisim/VCOMPONENTS 1290154108
AR work/compteur4_MUSER_toplevel/BEHAVIORAL 1387188968 \
      FL /home/l2/ferlicotdelbe/tp/ARCHI/TP09/toplevel.vhf \
      EN work/compteur4_MUSER_toplevel 1387188967 CP FD CP INV
EN work/afficheur16_MUSER_toplevel 1387188969 \
      FL /home/l2/ferlicotdelbe/tp/ARCHI/TP09/toplevel.vhf PB ieee/std_logic_1164 1290154108 \
      PB ieee/NUMERIC_STD 1290154109 LB UNISIM PH unisim/VCOMPONENTS 1290154108
AR work/afficheur16_MUSER_toplevel/BEHAVIORAL 1387188970 \
      FL /home/l2/ferlicotdelbe/tp/ARCHI/TP09/toplevel.vhf \
      EN work/afficheur16_MUSER_toplevel 1387188969 CP mux4x4_MUSER_toplevel \
      CP compteur4_MUSER_toplevel CP x7seg
EN work/FD16CE_MXILINX_toplevel 1387188971 \
      FL /home/l2/ferlicotdelbe/tp/ARCHI/TP09/toplevel.vhf PB ieee/std_logic_1164 1290154108 \
      PB ieee/NUMERIC_STD 1290154109 LB UNISIM PH unisim/VCOMPONENTS 1290154108
AR work/FD16CE_MXILINX_toplevel/BEHAVIORAL 1387188972 \
      FL /home/l2/ferlicotdelbe/tp/ARCHI/TP09/toplevel.vhf \
      EN work/FD16CE_MXILINX_toplevel 1387188971 CP FDCE
EN work/S3_MUSER_toplevel 1387188973 \
      FL /home/l2/ferlicotdelbe/tp/ARCHI/TP09/toplevel.vhf PB ieee/std_logic_1164 1290154108 \
      PB ieee/NUMERIC_STD 1290154109 LB UNISIM PH unisim/VCOMPONENTS 1290154108
AR work/S3_MUSER_toplevel/BEHAVIORAL 1387188974 \
      FL /home/l2/ferlicotdelbe/tp/ARCHI/TP09/toplevel.vhf \
      EN work/S3_MUSER_toplevel 1387188973 CP connecteur16_MUSER_toplevel \
      CP FD16CE_MXILINX_toplevel CP inc_MUSER_toplevel \
      CP afficheur16_MUSER_toplevel CP clkdiv_MUSER_toplevel \
      CP mux2x16_MUSER_toplevel CP OR2 CP insmem CP D4_16E_MXILINX_toplevel CP VCC \
      CP ALU_MUSER_toplevel CP fsm
EN work/toplevel 1387188975 \
      FL /home/l2/ferlicotdelbe/tp/ARCHI/TP09/toplevel.vhf PB ieee/std_logic_1164 1290154108 \
      PB ieee/NUMERIC_STD 1290154109 LB UNISIM PH unisim/VCOMPONENTS 1290154108
AR work/toplevel/BEHAVIORAL 1387188976 \
      FL /home/l2/ferlicotdelbe/tp/ARCHI/TP09/toplevel.vhf EN work/toplevel 1387188975 \
      CP S3_MUSER_toplevel CP IBUF8_MXILINX_toplevel CP OBUF8_MXILINX_toplevel
FL /home/l2/ferlicotdelbe/tp/ARCHI/TP09/x7seg.vhd 2013/07/29.07:17:40 M.81d
EN work/x7seg 1387188925 FL /home/l2/ferlicotdelbe/tp/ARCHI/TP09/x7seg.vhd \
      PB ieee/std_logic_1164 1290154108
AR work/x7seg/Behavioral 1387188926 \
      FL /home/l2/ferlicotdelbe/tp/ARCHI/TP09/x7seg.vhd EN work/x7seg 1387188925
