AR connecteur_muser_toplevel behavioral /home/l2/ferlicotdelbe/tp/ARCHI/tp8/toplevel.vhf sub00/vhpl12 1385980941
EN compteur4_muser_toplevel NULL /home/l2/ferlicotdelbe/tp/ARCHI/tp8/toplevel.vhf sub00/vhpl29 1385980958
AR x7seg behavioral /home/l2/ferlicotdelbe/tp/ARCHI/tp8/x7seg.vhd sub00/vhpl03 1385980929
EN fsm2 NULL /home/l2/ferlicotdelbe/tp/ARCHI/tp7/fsm2.vhd sub00/vhpl01 1385376568
AR connect16 behavioral /home/l2/ferlicotdelbe/tp/ARCHI/tp8/connect16.vhf sub00/vhpl84 1385981015
AR toplevel behavioral /home/l2/ferlicotdelbe/tp/ARCHI/tp8/toplevel.vhf sub00/vhpl40 1385980969
EN fd16ce_mxilinx_s3 NULL /home/l2/ferlicotdelbe/tp/ARCHI/tp8/S3.vhf sub00/vhpl65 1385980996
EN fsm3 NULL /home/l2/ferlicotdelbe/tp/ARCHI/tp8/fsm3.vhd sub01/vhpl102 1385980932
EN ibuf8_mxilinx_toplevel NULL /home/l2/ferlicotdelbe/tp/ARCHI/tp8/toplevel.vhf sub00/vhpl07 1385980934
EN connecteur_muser_toplevel NULL /home/l2/ferlicotdelbe/tp/ARCHI/tp8/toplevel.vhf sub00/vhpl11 1385980940
EN m2_1_mxilinx_s3 NULL /home/l2/ferlicotdelbe/tp/ARCHI/tp8/S3.vhf sub00/vhpl45 1385980976
EN afficheur16 NULL /home/l2/ferlicotdelbe/tp/ARCHI/tp8/afficheur16.vhf sub00/vhpl77 1385981008
AR connecteur_muser_s3 behavioral /home/l2/ferlicotdelbe/tp/ARCHI/tp8/S3.vhf sub00/vhpl42 1385980973
AR m2_1_mxilinx_toplevel behavioral /home/l2/ferlicotdelbe/tp/ARCHI/tp8/toplevel.vhf sub00/vhpl16 1385980945
EN insmem NULL /home/l2/ferlicotdelbe/tp/ARCHI/tp8/ipcore_dir/insmem.vhd sub00/vhpl04 1385980930
EN connect16_muser_toplevel NULL /home/l2/ferlicotdelbe/tp/ARCHI/tp8/toplevel.vhf sub00/vhpl13 1385980942
EN mux2x16_muser_s3 NULL /home/l2/ferlicotdelbe/tp/ARCHI/tp8/S3.vhf sub00/vhpl47 1385980978
EN m4_1e_mxilinx_toplevel NULL /home/l2/ferlicotdelbe/tp/ARCHI/tp8/toplevel.vhf sub00/vhpl25 1385980954
AR compteur4_muser_toplevel behavioral /home/l2/ferlicotdelbe/tp/ARCHI/tp8/toplevel.vhf sub00/vhpl30 1385980959
EN mux2x16_muser_toplevel NULL /home/l2/ferlicotdelbe/tp/ARCHI/tp8/toplevel.vhf sub00/vhpl17 1385980946
EN add16_mxilinx_s3 NULL /home/l2/ferlicotdelbe/tp/ARCHI/tp8/S3.vhf sub00/vhpl49 1385980980
AR m2_1e_mxilinx_mux4x4 behavioral /home/l2/ferlicotdelbe/tp/ARCHI/tp8/mux4x4.vhf sub00/vhpl96 1385981027
EN add16_mxilinx_toplevel NULL /home/l2/ferlicotdelbe/tp/ARCHI/tp8/toplevel.vhf sub00/vhpl19 1385980948
AR mux2x16_muser_toplevel behavioral /home/l2/ferlicotdelbe/tp/ARCHI/tp8/toplevel.vhf sub00/vhpl18 1385980947
EN fd16ce_mxilinx_toplevel NULL /home/l2/ferlicotdelbe/tp/ARCHI/tp8/toplevel.vhf sub00/vhpl35 1385980964
AR m2_1_mxilinx_mux2x16 behavioral /home/l2/ferlicotdelbe/tp/ARCHI/tp8/mux2x16.vhf sub00/vhpl90 1385981021
AR fd16ce_mxilinx_s3 behavioral /home/l2/ferlicotdelbe/tp/ARCHI/tp8/S3.vhf sub00/vhpl66 1385980997
EN s3_muser_toplevel NULL /home/l2/ferlicotdelbe/tp/ARCHI/tp8/toplevel.vhf sub00/vhpl37 1385980966
EN s3 NULL /home/l2/ferlicotdelbe/tp/ARCHI/tp8/S3.vhf sub00/vhpl67 1385980998
AR fd16ce_mxilinx_toplevel behavioral /home/l2/ferlicotdelbe/tp/ARCHI/tp8/toplevel.vhf sub00/vhpl36 1385980965
EN mux4x4_muser_afficheur16 NULL /home/l2/ferlicotdelbe/tp/ARCHI/tp8/afficheur16.vhf sub00/vhpl73 1385981004
EN x7seg NULL /home/l2/ferlicotdelbe/tp/ARCHI/tp8/x7seg.vhd sub00/vhpl02 1385980928
AR compteur4_muser_s3 behavioral /home/l2/ferlicotdelbe/tp/ARCHI/tp8/S3.vhf sub00/vhpl60 1385980991
AR insmem insmem_a /home/l2/ferlicotdelbe/tp/ARCHI/tp8/ipcore_dir/insmem.vhd sub00/vhpl05 1385980931
AR clkdiv_muser_s3 behavioral /home/l2/ferlicotdelbe/tp/ARCHI/tp8/S3.vhf sub00/vhpl64 1385980995
AR m2_1e_mxilinx_s3 behavioral /home/l2/ferlicotdelbe/tp/ARCHI/tp8/S3.vhf sub00/vhpl54 1385980985
EN inc_muser_toplevel NULL /home/l2/ferlicotdelbe/tp/ARCHI/tp8/toplevel.vhf sub00/vhpl21 1385980950
AR m2_1e_mxilinx_toplevel behavioral /home/l2/ferlicotdelbe/tp/ARCHI/tp8/toplevel.vhf sub00/vhpl24 1385980953
EN clkdiv NULL /home/l2/ferlicotdelbe/tp/ARCHI/tp8/clkdiv.vhf sub00/vhpl79 1385981010
EN clkdiv_muser_s3 NULL /home/l2/ferlicotdelbe/tp/ARCHI/tp8/S3.vhf sub00/vhpl63 1385980994
EN inc_muser_s3 NULL /home/l2/ferlicotdelbe/tp/ARCHI/tp8/S3.vhf sub00/vhpl51 1385980982
EN m4_1e_mxilinx_s3 NULL /home/l2/ferlicotdelbe/tp/ARCHI/tp8/S3.vhf sub00/vhpl55 1385980986
EN clkdiv_muser_toplevel NULL /home/l2/ferlicotdelbe/tp/ARCHI/tp8/toplevel.vhf sub00/vhpl33 1385980962
EN connecteur_muser_s3 NULL /home/l2/ferlicotdelbe/tp/ARCHI/tp8/S3.vhf sub00/vhpl41 1385980972
AR mux4x4 behavioral /home/l2/ferlicotdelbe/tp/ARCHI/tp8/mux4x4.vhf sub01/vhpl100 1385981031
EN compteur4_muser_s3 NULL /home/l2/ferlicotdelbe/tp/ARCHI/tp8/S3.vhf sub00/vhpl59 1385980990
AR m4_1e_mxilinx_s3 behavioral /home/l2/ferlicotdelbe/tp/ARCHI/tp8/S3.vhf sub00/vhpl56 1385980987
AR add16_mxilinx_s3 behavioral /home/l2/ferlicotdelbe/tp/ARCHI/tp8/S3.vhf sub00/vhpl50 1385980981
AR fsm2 behavioral /home/l2/ferlicotdelbe/tp/ARCHI/tp7/fsm2.vhd sub00/vhpl06 1385376569
AR m4_1e_mxilinx_mux4x4 behavioral /home/l2/ferlicotdelbe/tp/ARCHI/tp8/mux4x4.vhf sub00/vhpl98 1385981029
EN m2_1_mxilinx_toplevel NULL /home/l2/ferlicotdelbe/tp/ARCHI/tp8/toplevel.vhf sub00/vhpl15 1385980944
EN m2_1e_mxilinx_s3 NULL /home/l2/ferlicotdelbe/tp/ARCHI/tp8/S3.vhf sub00/vhpl53 1385980984
EN m2_1e_mxilinx_toplevel NULL /home/l2/ferlicotdelbe/tp/ARCHI/tp8/toplevel.vhf sub00/vhpl23 1385980952
EN m2_1_mxilinx_mux2x16 NULL /home/l2/ferlicotdelbe/tp/ARCHI/tp8/mux2x16.vhf sub00/vhpl89 1385981020
EN toplevel NULL /home/l2/ferlicotdelbe/tp/ARCHI/tp8/toplevel.vhf sub00/vhpl39 1385980968
EN d4_16e_mxilinx_s3 NULL /home/l2/ferlicotdelbe/tp/ARCHI/tp8/S3.vhf sub01/vhpl106 1385980970
EN add16_mxilinx_inc NULL /home/l2/ferlicotdelbe/tp/ARCHI/tp8/inc.vhf sub00/vhpl85 1385981016
AR add16_mxilinx_toplevel behavioral /home/l2/ferlicotdelbe/tp/ARCHI/tp8/toplevel.vhf sub00/vhpl20 1385980949
EN obuf8_mxilinx_toplevel NULL /home/l2/ferlicotdelbe/tp/ARCHI/tp8/toplevel.vhf sub00/vhpl09 1385980936
AR add16_mxilinx_inc behavioral /home/l2/ferlicotdelbe/tp/ARCHI/tp8/inc.vhf sub00/vhpl86 1385981017
EN m2_1e_mxilinx_afficheur16 NULL /home/l2/ferlicotdelbe/tp/ARCHI/tp8/afficheur16.vhf sub00/vhpl69 1385981000
AR mux2x16_muser_s3 behavioral /home/l2/ferlicotdelbe/tp/ARCHI/tp8/S3.vhf sub00/vhpl48 1385980979
AR s3 behavioral /home/l2/ferlicotdelbe/tp/ARCHI/tp8/S3.vhf sub00/vhpl68 1385980999
AR mux4x4_muser_s3 behavioral /home/l2/ferlicotdelbe/tp/ARCHI/tp8/S3.vhf sub00/vhpl58 1385980989
EN m4_1e_mxilinx_mux4x4 NULL /home/l2/ferlicotdelbe/tp/ARCHI/tp8/mux4x4.vhf sub00/vhpl97 1385981028
AR m4_1e_mxilinx_toplevel behavioral /home/l2/ferlicotdelbe/tp/ARCHI/tp8/toplevel.vhf sub00/vhpl26 1385980955
AR inc behavioral /home/l2/ferlicotdelbe/tp/ARCHI/tp8/inc.vhf sub00/vhpl88 1385981019
AR connecteur_muser_connect16 behavioral /home/l2/ferlicotdelbe/tp/ARCHI/tp8/connect16.vhf sub00/vhpl82 1385981013
EN mux4x4 NULL /home/l2/ferlicotdelbe/tp/ARCHI/tp8/mux4x4.vhf sub00/vhpl99 1385981030
AR clkdiv behavioral /home/l2/ferlicotdelbe/tp/ARCHI/tp8/clkdiv.vhf sub00/vhpl80 1385981011
EN afficheur16_muser_toplevel NULL /home/l2/ferlicotdelbe/tp/ARCHI/tp8/toplevel.vhf sub00/vhpl31 1385980960
AR m4_1e_mxilinx_afficheur16 behavioral /home/l2/ferlicotdelbe/tp/ARCHI/tp8/afficheur16.vhf sub00/vhpl72 1385981003
AR ibuf8_mxilinx_toplevel behavioral /home/l2/ferlicotdelbe/tp/ARCHI/tp8/toplevel.vhf sub00/vhpl08 1385980935
AR d4_16e_mxilinx_s3 behavioral /home/l2/ferlicotdelbe/tp/ARCHI/tp8/S3.vhf sub01/vhpl107 1385980971
EN connecteur_muser_connect16 NULL /home/l2/ferlicotdelbe/tp/ARCHI/tp8/connect16.vhf sub00/vhpl81 1385981012
EN connect16 NULL /home/l2/ferlicotdelbe/tp/ARCHI/tp8/connect16.vhf sub00/vhpl83 1385981014
AR afficheur16_muser_s3 behavioral /home/l2/ferlicotdelbe/tp/ARCHI/tp8/S3.vhf sub00/vhpl62 1385980993
AR mux4x4_muser_toplevel behavioral /home/l2/ferlicotdelbe/tp/ARCHI/tp8/toplevel.vhf sub00/vhpl28 1385980957
EN m2_1e_mxilinx_mux4x4 NULL /home/l2/ferlicotdelbe/tp/ARCHI/tp8/mux4x4.vhf sub00/vhpl95 1385981026
AR inc_muser_s3 behavioral /home/l2/ferlicotdelbe/tp/ARCHI/tp8/S3.vhf sub00/vhpl52 1385980983
AR afficheur16_muser_toplevel behavioral /home/l2/ferlicotdelbe/tp/ARCHI/tp8/toplevel.vhf sub00/vhpl32 1385980961
EN afficheur16_muser_s3 NULL /home/l2/ferlicotdelbe/tp/ARCHI/tp8/S3.vhf sub00/vhpl61 1385980992
EN fsm NULL /home/l2/ferlicotdelbe/tp/ARCHI/tp8/fsm.vhd sub00/vhpl00 1385978875
EN connect16_muser_s3 NULL /home/l2/ferlicotdelbe/tp/ARCHI/tp8/S3.vhf sub00/vhpl43 1385980974
AR m2_1_mxilinx_s3 behavioral /home/l2/ferlicotdelbe/tp/ARCHI/tp8/S3.vhf sub00/vhpl46 1385980977
EN compteur4 NULL /home/l2/ferlicotdelbe/tp/ARCHI/tp8/compteur4.vhf sub00/vhpl93 1385981024
AR fsm3 behavioral /home/l2/ferlicotdelbe/tp/ARCHI/tp8/fsm3.vhd sub01/vhpl103 1385980933
AR inc_muser_toplevel behavioral /home/l2/ferlicotdelbe/tp/ARCHI/tp8/toplevel.vhf sub00/vhpl22 1385980951
AR s3_muser_toplevel behavioral /home/l2/ferlicotdelbe/tp/ARCHI/tp8/toplevel.vhf sub00/vhpl38 1385980967
EN m4_1e_mxilinx_afficheur16 NULL /home/l2/ferlicotdelbe/tp/ARCHI/tp8/afficheur16.vhf sub00/vhpl71 1385981002
EN compteur4_muser_afficheur16 NULL /home/l2/ferlicotdelbe/tp/ARCHI/tp8/afficheur16.vhf sub00/vhpl75 1385981006
AR connect16_muser_toplevel behavioral /home/l2/ferlicotdelbe/tp/ARCHI/tp8/toplevel.vhf sub00/vhpl14 1385980943
AR compteur4_muser_afficheur16 behavioral /home/l2/ferlicotdelbe/tp/ARCHI/tp8/afficheur16.vhf sub00/vhpl76 1385981007
EN mux4x4_muser_s3 NULL /home/l2/ferlicotdelbe/tp/ARCHI/tp8/S3.vhf sub00/vhpl57 1385980988
AR m2_1e_mxilinx_afficheur16 behavioral /home/l2/ferlicotdelbe/tp/ARCHI/tp8/afficheur16.vhf sub00/vhpl70 1385981001
EN d4_16e_mxilinx_toplevel NULL /home/l2/ferlicotdelbe/tp/ARCHI/tp8/toplevel.vhf sub01/vhpl104 1385980938
EN mux4x4_muser_toplevel NULL /home/l2/ferlicotdelbe/tp/ARCHI/tp8/toplevel.vhf sub00/vhpl27 1385980956
AR afficheur16 behavioral /home/l2/ferlicotdelbe/tp/ARCHI/tp8/afficheur16.vhf sub00/vhpl78 1385981009
AR connect16_muser_s3 behavioral /home/l2/ferlicotdelbe/tp/ARCHI/tp8/S3.vhf sub00/vhpl44 1385980975
AR fsm behavioral /home/l2/ferlicotdelbe/tp/ARCHI/tp8/fsm.vhd sub01/vhpl101 1385978876
AR mux4x4_muser_afficheur16 behavioral /home/l2/ferlicotdelbe/tp/ARCHI/tp8/afficheur16.vhf sub00/vhpl74 1385981005
EN inc NULL /home/l2/ferlicotdelbe/tp/ARCHI/tp8/inc.vhf sub00/vhpl87 1385981018
AR clkdiv_muser_toplevel behavioral /home/l2/ferlicotdelbe/tp/ARCHI/tp8/toplevel.vhf sub00/vhpl34 1385980963
AR compteur4 behavioral /home/l2/ferlicotdelbe/tp/ARCHI/tp8/compteur4.vhf sub00/vhpl94 1385981025
AR obuf8_mxilinx_toplevel behavioral /home/l2/ferlicotdelbe/tp/ARCHI/tp8/toplevel.vhf sub00/vhpl10 1385980937
AR mux2x16 behavioral /home/l2/ferlicotdelbe/tp/ARCHI/tp8/mux2x16.vhf sub00/vhpl92 1385981023
EN mux2x16 NULL /home/l2/ferlicotdelbe/tp/ARCHI/tp8/mux2x16.vhf sub00/vhpl91 1385981022
AR d4_16e_mxilinx_toplevel behavioral /home/l2/ferlicotdelbe/tp/ARCHI/tp8/toplevel.vhf sub01/vhpl105 1385980939
