V3 203
FL /home/l2/ferlicotdelbe/tp/ARCHI/tp7/afficheur16.vhf 2013/11/25.11:45:01 M.81d
FL /home/l2/ferlicotdelbe/tp/ARCHI/tp7/clkdiv.vhf 2013/11/25.11:44:54 M.81d
FL /home/l2/ferlicotdelbe/tp/ARCHI/tp7/compteur4.vhf 2013/11/25.11:44:54 M.81d
FL /home/l2/ferlicotdelbe/tp/ARCHI/tp7/connect16.vhf 2013/11/25.11:44:54 M.81d
FL /home/l2/ferlicotdelbe/tp/ARCHI/tp7/fsm.vhd 2013/11/25.11:38:19 M.81d
FL /home/l2/ferlicotdelbe/tp/ARCHI/tp7/fsm2.vhd 2013/11/25.11:48:28 M.81d
EN work/fsm2 1385376568 FL /home/l2/ferlicotdelbe/tp/ARCHI/tp7/fsm2.vhd \
      PB ieee/std_logic_1164 1290154108
AR work/fsm2/Behavioral 1385376569 \
      FL /home/l2/ferlicotdelbe/tp/ARCHI/tp7/fsm2.vhd EN work/fsm2 1385376568
FL /home/l2/ferlicotdelbe/tp/ARCHI/tp7/inc.vhf 2013/11/25.11:45:01 M.81d
FL /home/l2/ferlicotdelbe/tp/ARCHI/tp7/ipcore_dir/insmem.vhd 2013/11/25.11:18:38 M.81d
FL /home/l2/ferlicotdelbe/tp/ARCHI/tp7/mux2x16.vhf 2013/11/25.11:45:01 M.81d
FL /home/l2/ferlicotdelbe/tp/ARCHI/tp7/mux4x4.vhf 2013/11/25.11:45:01 M.81d
FL /home/l2/ferlicotdelbe/tp/ARCHI/tp7/S3.vhf 2013/11/25.11:44:57 M.81d
FL /home/l2/ferlicotdelbe/tp/ARCHI/tp7/toplevel.vhf 2013/11/25.11:45:01 M.81d
FL /home/l2/ferlicotdelbe/tp/ARCHI/tp7/x7seg.vhd 2013/11/18.10:25:55 M.81d
FL /home/l2/ferlicotdelbe/tp/ARCHI/tp8/afficheur16.vhf 2013/11/25.11:45:01 M.81d
EN work/M2_1E_MXILINX_afficheur16 1385981000 \
      FL /home/l2/ferlicotdelbe/tp/ARCHI/tp8/afficheur16.vhf \
      PB ieee/std_logic_1164 1290154108 PB ieee/NUMERIC_STD 1290154109 LB UNISIM \
      PH unisim/VCOMPONENTS 1290154108
AR work/M2_1E_MXILINX_afficheur16/BEHAVIORAL 1385981001 \
      FL /home/l2/ferlicotdelbe/tp/ARCHI/tp8/afficheur16.vhf \
      EN work/M2_1E_MXILINX_afficheur16 1385981000 CP AND3 CP AND3B1 CP OR2
EN work/M4_1E_MXILINX_afficheur16 1385981002 \
      FL /home/l2/ferlicotdelbe/tp/ARCHI/tp8/afficheur16.vhf \
      PB ieee/std_logic_1164 1290154108 PB ieee/NUMERIC_STD 1290154109 LB UNISIM \
      PH unisim/VCOMPONENTS 1290154108
AR work/M4_1E_MXILINX_afficheur16/BEHAVIORAL 1385981003 \
      FL /home/l2/ferlicotdelbe/tp/ARCHI/tp8/afficheur16.vhf \
      EN work/M4_1E_MXILINX_afficheur16 1385981002 CP M2_1E_MXILINX_afficheur16 \
      CP MUXF5
EN work/mux4x4_MUSER_afficheur16 1385981004 \
      FL /home/l2/ferlicotdelbe/tp/ARCHI/tp8/afficheur16.vhf \
      PB ieee/std_logic_1164 1290154108 PB ieee/NUMERIC_STD 1290154109 LB UNISIM \
      PH unisim/VCOMPONENTS 1290154108
AR work/mux4x4_MUSER_afficheur16/BEHAVIORAL 1385981005 \
      FL /home/l2/ferlicotdelbe/tp/ARCHI/tp8/afficheur16.vhf \
      EN work/mux4x4_MUSER_afficheur16 1385981004 CP M4_1E_MXILINX_afficheur16 \
      CP VCC
EN work/compteur4_MUSER_afficheur16 1385981006 \
      FL /home/l2/ferlicotdelbe/tp/ARCHI/tp8/afficheur16.vhf \
      PB ieee/std_logic_1164 1290154108 PB ieee/NUMERIC_STD 1290154109 LB UNISIM \
      PH unisim/VCOMPONENTS 1290154108
AR work/compteur4_MUSER_afficheur16/BEHAVIORAL 1385981007 \
      FL /home/l2/ferlicotdelbe/tp/ARCHI/tp8/afficheur16.vhf \
      EN work/compteur4_MUSER_afficheur16 1385981006 CP FD CP INV
EN work/afficheur16 1385981008 \
      FL /home/l2/ferlicotdelbe/tp/ARCHI/tp8/afficheur16.vhf \
      PB ieee/std_logic_1164 1290154108 PB ieee/NUMERIC_STD 1290154109 LB UNISIM \
      PH unisim/VCOMPONENTS 1290154108
AR work/afficheur16/BEHAVIORAL 1385981009 \
      FL /home/l2/ferlicotdelbe/tp/ARCHI/tp8/afficheur16.vhf EN work/afficheur16 1385981008 \
      CP mux4x4_MUSER_afficheur16 CP compteur4_MUSER_afficheur16 CP x7seg
FL /home/l2/ferlicotdelbe/tp/ARCHI/tp8/clkdiv.vhf 2013/11/25.11:44:54 M.81d
EN work/clkdiv 1385981010 FL /home/l2/ferlicotdelbe/tp/ARCHI/tp8/clkdiv.vhf \
      PB ieee/std_logic_1164 1290154108 PB ieee/NUMERIC_STD 1290154109 LB UNISIM \
      PH unisim/VCOMPONENTS 1290154108
AR work/clkdiv/BEHAVIORAL 1385981011 \
      FL /home/l2/ferlicotdelbe/tp/ARCHI/tp8/clkdiv.vhf EN work/clkdiv 1385981010 \
      CP FD CP INV
FL /home/l2/ferlicotdelbe/tp/ARCHI/tp8/compteur4.vhf 2013/11/25.11:44:54 M.81d
EN work/compteur4 1385981024 FL /home/l2/ferlicotdelbe/tp/ARCHI/tp8/compteur4.vhf \
      PB ieee/std_logic_1164 1290154108 PB ieee/NUMERIC_STD 1290154109 LB UNISIM \
      PH unisim/VCOMPONENTS 1290154108
AR work/compteur4/BEHAVIORAL 1385981025 \
      FL /home/l2/ferlicotdelbe/tp/ARCHI/tp8/compteur4.vhf EN work/compteur4 1385981024 \
      CP FD CP INV
FL /home/l2/ferlicotdelbe/tp/ARCHI/tp8/connect16.vhf 2013/11/25.11:44:54 M.81d
EN work/connecteur_MUSER_connect16 1385981012 \
      FL /home/l2/ferlicotdelbe/tp/ARCHI/tp8/connect16.vhf PB ieee/std_logic_1164 1290154108 \
      PB ieee/NUMERIC_STD 1290154109 LB UNISIM PH unisim/VCOMPONENTS 1290154108
AR work/connecteur_MUSER_connect16/BEHAVIORAL 1385981013 \
      FL /home/l2/ferlicotdelbe/tp/ARCHI/tp8/connect16.vhf \
      EN work/connecteur_MUSER_connect16 1385981012 CP AND2 CP OR2
EN work/connect16 1385981014 \
      FL /home/l2/ferlicotdelbe/tp/ARCHI/tp8/connect16.vhf PB ieee/std_logic_1164 1290154108 \
      PB ieee/NUMERIC_STD 1290154109 LB UNISIM PH unisim/VCOMPONENTS 1290154108
AR work/connect16/BEHAVIORAL 1385981015 \
      FL /home/l2/ferlicotdelbe/tp/ARCHI/tp8/connect16.vhf EN work/connect16 1385981014 \
      CP connecteur_MUSER_connect16
FL /home/l2/ferlicotdelbe/tp/ARCHI/tp8/fsm.vhd 2013/12/02.11:07:17 M.81d
EN work/fsm 1385978875 FL /home/l2/ferlicotdelbe/tp/ARCHI/tp8/fsm.vhd \
      PB ieee/std_logic_1164 1290154108
AR work/fsm/Behavioral 1385978876 \
      FL /home/l2/ferlicotdelbe/tp/ARCHI/tp8/fsm.vhd EN work/fsm 1385978875
FL /home/l2/ferlicotdelbe/tp/ARCHI/tp8/fsm3.vhd 2013/12/02.11:12:23 M.81d
EN work/fsm3 1385980932 FL /home/l2/ferlicotdelbe/tp/ARCHI/tp8/fsm3.vhd \
      PB ieee/std_logic_1164 1290154108
AR work/fsm3/Behavioral 1385980933 \
      FL /home/l2/ferlicotdelbe/tp/ARCHI/tp8/fsm3.vhd EN work/fsm3 1385980932
FL /home/l2/ferlicotdelbe/tp/ARCHI/tp8/inc.vhf 2013/11/25.11:45:01 M.81d
EN work/ADD16_MXILINX_inc 1385981016 \
      FL /home/l2/ferlicotdelbe/tp/ARCHI/tp8/inc.vhf PB ieee/std_logic_1164 1290154108 \
      PB ieee/NUMERIC_STD 1290154109 LB UNISIM PH unisim/VCOMPONENTS 1290154108
AR work/ADD16_MXILINX_inc/BEHAVIORAL 1385981017 \
      FL /home/l2/ferlicotdelbe/tp/ARCHI/tp8/inc.vhf EN work/ADD16_MXILINX_inc 1385981016 \
      CP FMAP CP MUXCY_L CP MUXCY CP XORCY CP MUXCY_D CP XOR2
EN work/inc 1385981018 \
      FL /home/l2/ferlicotdelbe/tp/ARCHI/tp8/inc.vhf PB ieee/std_logic_1164 1290154108 \
      PB ieee/NUMERIC_STD 1290154109 LB UNISIM PH unisim/VCOMPONENTS 1290154108
AR work/inc/BEHAVIORAL 1385981019 \
      FL /home/l2/ferlicotdelbe/tp/ARCHI/tp8/inc.vhf EN work/inc 1385981018 \
      CP ADD16_MXILINX_inc CP VCC
FL /home/l2/ferlicotdelbe/tp/ARCHI/tp8/ipcore_dir/insmem.vhd 2013/12/02.11:39:26 M.81d
EN work/insmem 1385980930 \
      FL /home/l2/ferlicotdelbe/tp/ARCHI/tp8/ipcore_dir/insmem.vhd \
      PB ieee/std_logic_1164 1290154108
AR work/insmem/insmem_a 1385980931 \
      FL /home/l2/ferlicotdelbe/tp/ARCHI/tp8/ipcore_dir/insmem.vhd EN work/insmem 1385980930
FL /home/l2/ferlicotdelbe/tp/ARCHI/tp8/mux2x16.vhf 2013/11/25.11:45:01 M.81d
EN work/M2_1_MXILINX_mux2x16 1385981020 \
      FL /home/l2/ferlicotdelbe/tp/ARCHI/tp8/mux2x16.vhf PB ieee/std_logic_1164 1290154108 \
      PB ieee/NUMERIC_STD 1290154109 LB UNISIM PH unisim/VCOMPONENTS 1290154108
AR work/M2_1_MXILINX_mux2x16/BEHAVIORAL 1385981021 \
      FL /home/l2/ferlicotdelbe/tp/ARCHI/tp8/mux2x16.vhf \
      EN work/M2_1_MXILINX_mux2x16 1385981020 CP AND2B1 CP OR2 CP AND2
EN work/mux2x16 1385981022 \
      FL /home/l2/ferlicotdelbe/tp/ARCHI/tp8/mux2x16.vhf PB ieee/std_logic_1164 1290154108 \
      PB ieee/NUMERIC_STD 1290154109 LB UNISIM PH unisim/VCOMPONENTS 1290154108
AR work/mux2x16/BEHAVIORAL 1385981023 \
      FL /home/l2/ferlicotdelbe/tp/ARCHI/tp8/mux2x16.vhf EN work/mux2x16 1385981022 \
      CP M2_1_MXILINX_mux2x16
FL /home/l2/ferlicotdelbe/tp/ARCHI/tp8/mux4x4.vhf 2013/11/25.11:45:01 M.81d
EN work/M2_1E_MXILINX_mux4x4 1385981026 \
      FL /home/l2/ferlicotdelbe/tp/ARCHI/tp8/mux4x4.vhf PB ieee/std_logic_1164 1290154108 \
      PB ieee/NUMERIC_STD 1290154109 LB UNISIM PH unisim/VCOMPONENTS 1290154108
AR work/M2_1E_MXILINX_mux4x4/BEHAVIORAL 1385981027 \
      FL /home/l2/ferlicotdelbe/tp/ARCHI/tp8/mux4x4.vhf \
      EN work/M2_1E_MXILINX_mux4x4 1385981026 CP AND3 CP AND3B1 CP OR2
EN work/M4_1E_MXILINX_mux4x4 1385981028 \
      FL /home/l2/ferlicotdelbe/tp/ARCHI/tp8/mux4x4.vhf PB ieee/std_logic_1164 1290154108 \
      PB ieee/NUMERIC_STD 1290154109 LB UNISIM PH unisim/VCOMPONENTS 1290154108
AR work/M4_1E_MXILINX_mux4x4/BEHAVIORAL 1385981029 \
      FL /home/l2/ferlicotdelbe/tp/ARCHI/tp8/mux4x4.vhf \
      EN work/M4_1E_MXILINX_mux4x4 1385981028 CP M2_1E_MXILINX_mux4x4 CP MUXF5
EN work/mux4x4 1385981030 \
      FL /home/l2/ferlicotdelbe/tp/ARCHI/tp8/mux4x4.vhf PB ieee/std_logic_1164 1290154108 \
      PB ieee/NUMERIC_STD 1290154109 LB UNISIM PH unisim/VCOMPONENTS 1290154108
AR work/mux4x4/BEHAVIORAL 1385981031 \
      FL /home/l2/ferlicotdelbe/tp/ARCHI/tp8/mux4x4.vhf EN work/mux4x4 1385981030 \
      CP M4_1E_MXILINX_mux4x4 CP VCC
FL /home/l2/ferlicotdelbe/tp/ARCHI/tp8/S3.vhf 2013/12/02.11:42:02 M.81d
EN work/D4_16E_MXILINX_S3 1385980970 \
      FL /home/l2/ferlicotdelbe/tp/ARCHI/tp8/S3.vhf PB ieee/std_logic_1164 1290154108 \
      PB ieee/NUMERIC_STD 1290154109 LB UNISIM PH unisim/VCOMPONENTS 1290154108
AR work/D4_16E_MXILINX_S3/BEHAVIORAL 1385980971 \
      FL /home/l2/ferlicotdelbe/tp/ARCHI/tp8/S3.vhf EN work/D4_16E_MXILINX_S3 1385980970 \
      CP AND5B3 CP AND5B2 CP AND5B1 CP AND5 CP AND5B4
EN work/connecteur_MUSER_S3 1385980972 \
      FL /home/l2/ferlicotdelbe/tp/ARCHI/tp8/S3.vhf PB ieee/std_logic_1164 1290154108 \
      PB ieee/NUMERIC_STD 1290154109 LB UNISIM PH unisim/VCOMPONENTS 1290154108
AR work/connecteur_MUSER_S3/BEHAVIORAL 1385980973 \
      FL /home/l2/ferlicotdelbe/tp/ARCHI/tp8/S3.vhf EN work/connecteur_MUSER_S3 1385980972 \
      CP AND2 CP OR2
EN work/connect16_MUSER_S3 1385980974 \
      FL /home/l2/ferlicotdelbe/tp/ARCHI/tp8/S3.vhf PB ieee/std_logic_1164 1290154108 \
      PB ieee/NUMERIC_STD 1290154109 LB UNISIM PH unisim/VCOMPONENTS 1290154108
AR work/connect16_MUSER_S3/BEHAVIORAL 1385980975 \
      FL /home/l2/ferlicotdelbe/tp/ARCHI/tp8/S3.vhf EN work/connect16_MUSER_S3 1385980974 \
      CP connecteur_MUSER_S3
EN work/M2_1_MXILINX_S3 1385980976 \
      FL /home/l2/ferlicotdelbe/tp/ARCHI/tp8/S3.vhf PB ieee/std_logic_1164 1290154108 \
      PB ieee/NUMERIC_STD 1290154109 LB UNISIM PH unisim/VCOMPONENTS 1290154108
AR work/M2_1_MXILINX_S3/BEHAVIORAL 1385980977 \
      FL /home/l2/ferlicotdelbe/tp/ARCHI/tp8/S3.vhf EN work/M2_1_MXILINX_S3 1385980976 \
      CP AND2B1 CP OR2 CP AND2
EN work/mux2x16_MUSER_S3 1385980978 \
      FL /home/l2/ferlicotdelbe/tp/ARCHI/tp8/S3.vhf PB ieee/std_logic_1164 1290154108 \
      PB ieee/NUMERIC_STD 1290154109 LB UNISIM PH unisim/VCOMPONENTS 1290154108
AR work/mux2x16_MUSER_S3/BEHAVIORAL 1385980979 \
      FL /home/l2/ferlicotdelbe/tp/ARCHI/tp8/S3.vhf EN work/mux2x16_MUSER_S3 1385980978 \
      CP M2_1_MXILINX_S3
EN work/ADD16_MXILINX_S3 1385980980 \
      FL /home/l2/ferlicotdelbe/tp/ARCHI/tp8/S3.vhf PB ieee/std_logic_1164 1290154108 \
      PB ieee/NUMERIC_STD 1290154109 LB UNISIM PH unisim/VCOMPONENTS 1290154108
AR work/ADD16_MXILINX_S3/BEHAVIORAL 1385980981 \
      FL /home/l2/ferlicotdelbe/tp/ARCHI/tp8/S3.vhf EN work/ADD16_MXILINX_S3 1385980980 \
      CP FMAP CP MUXCY_L CP MUXCY CP XORCY CP MUXCY_D CP XOR2
EN work/inc_MUSER_S3 1385980982 \
      FL /home/l2/ferlicotdelbe/tp/ARCHI/tp8/S3.vhf PB ieee/std_logic_1164 1290154108 \
      PB ieee/NUMERIC_STD 1290154109 LB UNISIM PH unisim/VCOMPONENTS 1290154108
AR work/inc_MUSER_S3/BEHAVIORAL 1385980983 \
      FL /home/l2/ferlicotdelbe/tp/ARCHI/tp8/S3.vhf EN work/inc_MUSER_S3 1385980982 \
      CP ADD16_MXILINX_S3 CP VCC
EN work/M2_1E_MXILINX_S3 1385980984 \
      FL /home/l2/ferlicotdelbe/tp/ARCHI/tp8/S3.vhf PB ieee/std_logic_1164 1290154108 \
      PB ieee/NUMERIC_STD 1290154109 LB UNISIM PH unisim/VCOMPONENTS 1290154108
AR work/M2_1E_MXILINX_S3/BEHAVIORAL 1385980985 \
      FL /home/l2/ferlicotdelbe/tp/ARCHI/tp8/S3.vhf EN work/M2_1E_MXILINX_S3 1385980984 \
      CP AND3 CP AND3B1 CP OR2
EN work/M4_1E_MXILINX_S3 1385980986 \
      FL /home/l2/ferlicotdelbe/tp/ARCHI/tp8/S3.vhf PB ieee/std_logic_1164 1290154108 \
      PB ieee/NUMERIC_STD 1290154109 LB UNISIM PH unisim/VCOMPONENTS 1290154108
AR work/M4_1E_MXILINX_S3/BEHAVIORAL 1385980987 \
      FL /home/l2/ferlicotdelbe/tp/ARCHI/tp8/S3.vhf EN work/M4_1E_MXILINX_S3 1385980986 \
      CP M2_1E_MXILINX_S3 CP MUXF5
EN work/mux4x4_MUSER_S3 1385980988 \
      FL /home/l2/ferlicotdelbe/tp/ARCHI/tp8/S3.vhf PB ieee/std_logic_1164 1290154108 \
      PB ieee/NUMERIC_STD 1290154109 LB UNISIM PH unisim/VCOMPONENTS 1290154108
AR work/mux4x4_MUSER_S3/BEHAVIORAL 1385980989 \
      FL /home/l2/ferlicotdelbe/tp/ARCHI/tp8/S3.vhf EN work/mux4x4_MUSER_S3 1385980988 \
      CP M4_1E_MXILINX_S3 CP VCC
EN work/compteur4_MUSER_S3 1385980990 \
      FL /home/l2/ferlicotdelbe/tp/ARCHI/tp8/S3.vhf PB ieee/std_logic_1164 1290154108 \
      PB ieee/NUMERIC_STD 1290154109 LB UNISIM PH unisim/VCOMPONENTS 1290154108
AR work/compteur4_MUSER_S3/BEHAVIORAL 1385980991 \
      FL /home/l2/ferlicotdelbe/tp/ARCHI/tp8/S3.vhf EN work/compteur4_MUSER_S3 1385980990 \
      CP FD CP INV
EN work/afficheur16_MUSER_S3 1385980992 \
      FL /home/l2/ferlicotdelbe/tp/ARCHI/tp8/S3.vhf PB ieee/std_logic_1164 1290154108 \
      PB ieee/NUMERIC_STD 1290154109 LB UNISIM PH unisim/VCOMPONENTS 1290154108
AR work/afficheur16_MUSER_S3/BEHAVIORAL 1385980993 \
      FL /home/l2/ferlicotdelbe/tp/ARCHI/tp8/S3.vhf EN work/afficheur16_MUSER_S3 1385980992 \
      CP mux4x4_MUSER_S3 CP compteur4_MUSER_S3 CP x7seg
EN work/clkdiv_MUSER_S3 1385980994 \
      FL /home/l2/ferlicotdelbe/tp/ARCHI/tp8/S3.vhf PB ieee/std_logic_1164 1290154108 \
      PB ieee/NUMERIC_STD 1290154109 LB UNISIM PH unisim/VCOMPONENTS 1290154108
AR work/clkdiv_MUSER_S3/BEHAVIORAL 1385980995 \
      FL /home/l2/ferlicotdelbe/tp/ARCHI/tp8/S3.vhf EN work/clkdiv_MUSER_S3 1385980994 \
      CP FD CP INV
EN work/FD16CE_MXILINX_S3 1385980996 \
      FL /home/l2/ferlicotdelbe/tp/ARCHI/tp8/S3.vhf PB ieee/std_logic_1164 1290154108 \
      PB ieee/NUMERIC_STD 1290154109 LB UNISIM PH unisim/VCOMPONENTS 1290154108
AR work/FD16CE_MXILINX_S3/BEHAVIORAL 1385980997 \
      FL /home/l2/ferlicotdelbe/tp/ARCHI/tp8/S3.vhf EN work/FD16CE_MXILINX_S3 1385980996 \
      CP FDCE
EN work/S3 1385980998 FL /home/l2/ferlicotdelbe/tp/ARCHI/tp8/S3.vhf \
      PB ieee/std_logic_1164 1290154108 PB ieee/NUMERIC_STD 1290154109 LB UNISIM \
      PH unisim/VCOMPONENTS 1290154108
AR work/S3/BEHAVIORAL 1385980999 \
      FL /home/l2/ferlicotdelbe/tp/ARCHI/tp8/S3.vhf EN work/S3 1385980998 \
      CP FD16CE_MXILINX_S3 CP connect16_MUSER_S3 CP inc_MUSER_S3 \
      CP mux2x16_MUSER_S3 CP clkdiv_MUSER_S3 CP afficheur16_MUSER_S3 CP OR2 \
      CP insmem CP fsm3 CP D4_16E_MXILINX_S3 CP VCC
FL /home/l2/ferlicotdelbe/tp/ARCHI/tp8/toplevel.vhf 2013/12/02.11:42:05 M.81d
EN work/IBUF8_MXILINX_toplevel 1385980934 \
      FL /home/l2/ferlicotdelbe/tp/ARCHI/tp8/toplevel.vhf PB ieee/std_logic_1164 1290154108 \
      PB ieee/NUMERIC_STD 1290154109 LB UNISIM PH unisim/VCOMPONENTS 1290154108
AR work/IBUF8_MXILINX_toplevel/BEHAVIORAL 1385980935 \
      FL /home/l2/ferlicotdelbe/tp/ARCHI/tp8/toplevel.vhf \
      EN work/IBUF8_MXILINX_toplevel 1385980934 CP IBUF
EN work/OBUF8_MXILINX_toplevel 1385980936 \
      FL /home/l2/ferlicotdelbe/tp/ARCHI/tp8/toplevel.vhf PB ieee/std_logic_1164 1290154108 \
      PB ieee/NUMERIC_STD 1290154109 LB UNISIM PH unisim/VCOMPONENTS 1290154108
AR work/OBUF8_MXILINX_toplevel/BEHAVIORAL 1385980937 \
      FL /home/l2/ferlicotdelbe/tp/ARCHI/tp8/toplevel.vhf \
      EN work/OBUF8_MXILINX_toplevel 1385980936 CP OBUF
EN work/D4_16E_MXILINX_toplevel 1385980938 \
      FL /home/l2/ferlicotdelbe/tp/ARCHI/tp8/toplevel.vhf PB ieee/std_logic_1164 1290154108 \
      PB ieee/NUMERIC_STD 1290154109 LB UNISIM PH unisim/VCOMPONENTS 1290154108
AR work/D4_16E_MXILINX_toplevel/BEHAVIORAL 1385980939 \
      FL /home/l2/ferlicotdelbe/tp/ARCHI/tp8/toplevel.vhf \
      EN work/D4_16E_MXILINX_toplevel 1385980938 CP AND5B3 CP AND5B2 CP AND5B1 \
      CP AND5 CP AND5B4
EN work/connecteur_MUSER_toplevel 1385980940 \
      FL /home/l2/ferlicotdelbe/tp/ARCHI/tp8/toplevel.vhf PB ieee/std_logic_1164 1290154108 \
      PB ieee/NUMERIC_STD 1290154109 LB UNISIM PH unisim/VCOMPONENTS 1290154108
AR work/connecteur_MUSER_toplevel/BEHAVIORAL 1385980941 \
      FL /home/l2/ferlicotdelbe/tp/ARCHI/tp8/toplevel.vhf \
      EN work/connecteur_MUSER_toplevel 1385980940 CP AND2 CP OR2
EN work/connect16_MUSER_toplevel 1385980942 \
      FL /home/l2/ferlicotdelbe/tp/ARCHI/tp8/toplevel.vhf PB ieee/std_logic_1164 1290154108 \
      PB ieee/NUMERIC_STD 1290154109 LB UNISIM PH unisim/VCOMPONENTS 1290154108
AR work/connect16_MUSER_toplevel/BEHAVIORAL 1385980943 \
      FL /home/l2/ferlicotdelbe/tp/ARCHI/tp8/toplevel.vhf \
      EN work/connect16_MUSER_toplevel 1385980942 CP connecteur_MUSER_toplevel
EN work/M2_1_MXILINX_toplevel 1385980944 \
      FL /home/l2/ferlicotdelbe/tp/ARCHI/tp8/toplevel.vhf PB ieee/std_logic_1164 1290154108 \
      PB ieee/NUMERIC_STD 1290154109 LB UNISIM PH unisim/VCOMPONENTS 1290154108
AR work/M2_1_MXILINX_toplevel/BEHAVIORAL 1385980945 \
      FL /home/l2/ferlicotdelbe/tp/ARCHI/tp8/toplevel.vhf \
      EN work/M2_1_MXILINX_toplevel 1385980944 CP AND2B1 CP OR2 CP AND2
EN work/mux2x16_MUSER_toplevel 1385980946 \
      FL /home/l2/ferlicotdelbe/tp/ARCHI/tp8/toplevel.vhf PB ieee/std_logic_1164 1290154108 \
      PB ieee/NUMERIC_STD 1290154109 LB UNISIM PH unisim/VCOMPONENTS 1290154108
AR work/mux2x16_MUSER_toplevel/BEHAVIORAL 1385980947 \
      FL /home/l2/ferlicotdelbe/tp/ARCHI/tp8/toplevel.vhf \
      EN work/mux2x16_MUSER_toplevel 1385980946 CP M2_1_MXILINX_toplevel
EN work/ADD16_MXILINX_toplevel 1385980948 \
      FL /home/l2/ferlicotdelbe/tp/ARCHI/tp8/toplevel.vhf PB ieee/std_logic_1164 1290154108 \
      PB ieee/NUMERIC_STD 1290154109 LB UNISIM PH unisim/VCOMPONENTS 1290154108
AR work/ADD16_MXILINX_toplevel/BEHAVIORAL 1385980949 \
      FL /home/l2/ferlicotdelbe/tp/ARCHI/tp8/toplevel.vhf \
      EN work/ADD16_MXILINX_toplevel 1385980948 CP FMAP CP MUXCY_L CP MUXCY CP XORCY \
      CP MUXCY_D CP XOR2
EN work/inc_MUSER_toplevel 1385980950 \
      FL /home/l2/ferlicotdelbe/tp/ARCHI/tp8/toplevel.vhf PB ieee/std_logic_1164 1290154108 \
      PB ieee/NUMERIC_STD 1290154109 LB UNISIM PH unisim/VCOMPONENTS 1290154108
AR work/inc_MUSER_toplevel/BEHAVIORAL 1385980951 \
      FL /home/l2/ferlicotdelbe/tp/ARCHI/tp8/toplevel.vhf \
      EN work/inc_MUSER_toplevel 1385980950 CP ADD16_MXILINX_toplevel CP VCC
EN work/M2_1E_MXILINX_toplevel 1385980952 \
      FL /home/l2/ferlicotdelbe/tp/ARCHI/tp8/toplevel.vhf PB ieee/std_logic_1164 1290154108 \
      PB ieee/NUMERIC_STD 1290154109 LB UNISIM PH unisim/VCOMPONENTS 1290154108
AR work/M2_1E_MXILINX_toplevel/BEHAVIORAL 1385980953 \
      FL /home/l2/ferlicotdelbe/tp/ARCHI/tp8/toplevel.vhf \
      EN work/M2_1E_MXILINX_toplevel 1385980952 CP AND3 CP AND3B1 CP OR2
EN work/M4_1E_MXILINX_toplevel 1385980954 \
      FL /home/l2/ferlicotdelbe/tp/ARCHI/tp8/toplevel.vhf PB ieee/std_logic_1164 1290154108 \
      PB ieee/NUMERIC_STD 1290154109 LB UNISIM PH unisim/VCOMPONENTS 1290154108
AR work/M4_1E_MXILINX_toplevel/BEHAVIORAL 1385980955 \
      FL /home/l2/ferlicotdelbe/tp/ARCHI/tp8/toplevel.vhf \
      EN work/M4_1E_MXILINX_toplevel 1385980954 CP M2_1E_MXILINX_toplevel CP MUXF5
EN work/mux4x4_MUSER_toplevel 1385980956 \
      FL /home/l2/ferlicotdelbe/tp/ARCHI/tp8/toplevel.vhf PB ieee/std_logic_1164 1290154108 \
      PB ieee/NUMERIC_STD 1290154109 LB UNISIM PH unisim/VCOMPONENTS 1290154108
AR work/mux4x4_MUSER_toplevel/BEHAVIORAL 1385980957 \
      FL /home/l2/ferlicotdelbe/tp/ARCHI/tp8/toplevel.vhf \
      EN work/mux4x4_MUSER_toplevel 1385980956 CP M4_1E_MXILINX_toplevel CP VCC
EN work/compteur4_MUSER_toplevel 1385980958 \
      FL /home/l2/ferlicotdelbe/tp/ARCHI/tp8/toplevel.vhf PB ieee/std_logic_1164 1290154108 \
      PB ieee/NUMERIC_STD 1290154109 LB UNISIM PH unisim/VCOMPONENTS 1290154108
AR work/compteur4_MUSER_toplevel/BEHAVIORAL 1385980959 \
      FL /home/l2/ferlicotdelbe/tp/ARCHI/tp8/toplevel.vhf \
      EN work/compteur4_MUSER_toplevel 1385980958 CP FD CP INV
EN work/afficheur16_MUSER_toplevel 1385980960 \
      FL /home/l2/ferlicotdelbe/tp/ARCHI/tp8/toplevel.vhf PB ieee/std_logic_1164 1290154108 \
      PB ieee/NUMERIC_STD 1290154109 LB UNISIM PH unisim/VCOMPONENTS 1290154108
AR work/afficheur16_MUSER_toplevel/BEHAVIORAL 1385980961 \
      FL /home/l2/ferlicotdelbe/tp/ARCHI/tp8/toplevel.vhf \
      EN work/afficheur16_MUSER_toplevel 1385980960 CP mux4x4_MUSER_toplevel \
      CP compteur4_MUSER_toplevel CP x7seg
EN work/clkdiv_MUSER_toplevel 1385980962 \
      FL /home/l2/ferlicotdelbe/tp/ARCHI/tp8/toplevel.vhf PB ieee/std_logic_1164 1290154108 \
      PB ieee/NUMERIC_STD 1290154109 LB UNISIM PH unisim/VCOMPONENTS 1290154108
AR work/clkdiv_MUSER_toplevel/BEHAVIORAL 1385980963 \
      FL /home/l2/ferlicotdelbe/tp/ARCHI/tp8/toplevel.vhf \
      EN work/clkdiv_MUSER_toplevel 1385980962 CP FD CP INV
EN work/FD16CE_MXILINX_toplevel 1385980964 \
      FL /home/l2/ferlicotdelbe/tp/ARCHI/tp8/toplevel.vhf PB ieee/std_logic_1164 1290154108 \
      PB ieee/NUMERIC_STD 1290154109 LB UNISIM PH unisim/VCOMPONENTS 1290154108
AR work/FD16CE_MXILINX_toplevel/BEHAVIORAL 1385980965 \
      FL /home/l2/ferlicotdelbe/tp/ARCHI/tp8/toplevel.vhf \
      EN work/FD16CE_MXILINX_toplevel 1385980964 CP FDCE
EN work/S3_MUSER_toplevel 1385980966 \
      FL /home/l2/ferlicotdelbe/tp/ARCHI/tp8/toplevel.vhf PB ieee/std_logic_1164 1290154108 \
      PB ieee/NUMERIC_STD 1290154109 LB UNISIM PH unisim/VCOMPONENTS 1290154108
AR work/S3_MUSER_toplevel/BEHAVIORAL 1385980967 \
      FL /home/l2/ferlicotdelbe/tp/ARCHI/tp8/toplevel.vhf \
      EN work/S3_MUSER_toplevel 1385980966 CP FD16CE_MXILINX_toplevel \
      CP connect16_MUSER_toplevel CP inc_MUSER_toplevel CP mux2x16_MUSER_toplevel \
      CP clkdiv_MUSER_toplevel CP afficheur16_MUSER_toplevel CP OR2 CP insmem \
      CP fsm3 CP D4_16E_MXILINX_toplevel CP VCC
EN work/toplevel 1385980968 \
      FL /home/l2/ferlicotdelbe/tp/ARCHI/tp8/toplevel.vhf PB ieee/std_logic_1164 1290154108 \
      PB ieee/NUMERIC_STD 1290154109 LB UNISIM PH unisim/VCOMPONENTS 1290154108
AR work/toplevel/BEHAVIORAL 1385980969 \
      FL /home/l2/ferlicotdelbe/tp/ARCHI/tp8/toplevel.vhf EN work/toplevel 1385980968 \
      CP S3_MUSER_toplevel CP OBUF8_MXILINX_toplevel CP IBUF8_MXILINX_toplevel
FL /home/l2/ferlicotdelbe/tp/ARCHI/tp8/x7seg.vhd 2013/11/18.10:25:55 M.81d
EN work/x7seg 1385980928 FL /home/l2/ferlicotdelbe/tp/ARCHI/tp8/x7seg.vhd \
      PB ieee/std_logic_1164 1290154108
AR work/x7seg/Behavioral 1385980929 \
      FL /home/l2/ferlicotdelbe/tp/ARCHI/tp8/x7seg.vhd EN work/x7seg 1385980928
